Applications Memory Usage (in Kilobytes):
Uptime: 54529725 Realtime: 54529725

** MEMINFO in pid 30039 [org.savior.sync] **
                   Pss  Private  Private  SwapPss     Heap     Heap     Heap
                 Total    Dirty    Clean    Dirty     Size    Alloc     Free
                ------   ------   ------   ------   ------   ------   ------
  Native Heap     9272     9244        0        0    16384    12202     4181
  Dalvik Heap     4170     4152        0        0     8046     4023     4023
 Dalvik Other     2413     2412        0        0                           
        Stack      448      448        0        0                           
       Ashmem        2        0        0        0                           
      Gfx dev     1756     1756        0        0                           
    Other dev       12        0       12        0                           
     .so mmap     3307      284      592        0                           
    .apk mmap      354        0        4        0                           
    .ttf mmap      221        0       24        0                           
    .dex mmap     7016        4     6496        0                           
    .oat mmap     1201        0      176        0                           
    .art mmap      829      628        0        0                           
   Other mmap       34        4        4        0                           
   EGL mtrack    18524    18524        0        0                           
    GL mtrack     2788     2788        0        0                           
      Unknown     1084     1060        0        0                           
        TOTAL    53431    41304     7308        0    24430    16225     8204
 
 App Summary
                       Pss(KB)
                        ------
           Java Heap:     4780
         Native Heap:     9244
                Code:     7580
               Stack:      448
            Graphics:    23068
       Private Other:     3492
              System:     4819
 
               TOTAL:    53431       TOTAL SWAP PSS:        0
 
 Objects
               Views:       10         ViewRootImpl:        2
         AppContexts:        3           Activities:        1
              Assets:        2        AssetManagers:        3
       Local Binders:       18        Proxy Binders:       25
       Parcel memory:        6         Parcel count:       22
    Death Recipients:        2      OpenSSL Sockets:        0
            WebViews:        0
 
 SQL
         MEMORY_USED:        0
  PAGECACHE_OVERFLOW:        0          MALLOC_SIZE:        0
 
