Applications Memory Usage (in Kilobytes):
Uptime: 53741438 Realtime: 53741438

** MEMINFO in pid 25553 [org.savior.sync] **
                   Pss  Private  Private  SwapPss     Heap     Heap     Heap
                 Total    Dirty    Clean    Dirty     Size    Alloc     Free
                ------   ------   ------   ------   ------   ------   ------
  Native Heap     9434     9404        0        0    16384    12290     4093
  Dalvik Heap     4334     4316        0        0     8051     4042     4009
 Dalvik Other     2429     2428        0        0                           
        Stack      448      448        0        0                           
       Ashmem        2        0        0        0                           
      Gfx dev     1756     1756        0        0                           
    Other dev       16        0       16        0                           
     .so mmap     3305      284      592        0                           
    .apk mmap      354        0        4        0                           
    .ttf mmap      221        0       24        0                           
    .dex mmap     7034        4     6508        0                           
    .oat mmap     1186        0      172        0                           
    .art mmap      829      628        0        0                           
   Other mmap       34        4        4        0                           
   EGL mtrack    18524    18524        0        0                           
    GL mtrack     2788     2788        0        0                           
      Unknown     1104     1080        0        0                           
        TOTAL    53798    41664     7320        0    24435    16332     8102
 
 App Summary
                       Pss(KB)
                        ------
           Java Heap:     4944
         Native Heap:     9404
                Code:     7588
               Stack:      448
            Graphics:    23068
       Private Other:     3532
              System:     4814
 
               TOTAL:    53798       TOTAL SWAP PSS:        0
 
 Objects
               Views:       10         ViewRootImpl:        2
         AppContexts:        3           Activities:        1
              Assets:        2        AssetManagers:        3
       Local Binders:       18        Proxy Binders:       25
       Parcel memory:        6         Parcel count:       22
    Death Recipients:        2      OpenSSL Sockets:        0
            WebViews:        0
 
 SQL
         MEMORY_USED:        0
  PAGECACHE_OVERFLOW:        0          MALLOC_SIZE:        0
 
