Applications Memory Usage (in Kilobytes):
Uptime: 53973570 Realtime: 53973570

** MEMINFO in pid 5371 [org.savior.sync] **
                   Pss  Private  Private  SwapPss     Heap     Heap     Heap
                 Total    Dirty    Clean    Dirty     Size    Alloc     Free
                ------   ------   ------   ------   ------   ------   ------
  Native Heap     9244     9216        0        0    14336    12059     2276
  Dalvik Heap     5402     5384        0        0     7967     3984     3983
 Dalvik Other     2657     2656        0        0                           
        Stack      448      448        0        0                           
       Ashmem        2        0        0        0                           
      Gfx dev     1756     1756        0        0                           
    Other dev       12        0       12        0                           
     .so mmap     3305      284      592        0                           
    .apk mmap      354        0        4        0                           
    .ttf mmap      221        0       24        0                           
    .dex mmap     7042        4     6512        0                           
    .oat mmap     1185        0      176        0                           
    .art mmap      833      628        4        0                           
   Other mmap       34        4        4        0                           
   EGL mtrack    18524    18524        0        0                           
    GL mtrack     2788     2788        0        0                           
      Unknown     1112     1088        0        0                           
        TOTAL    54919    42780     7328        0    22303    16043     6259
 
 App Summary
                       Pss(KB)
                        ------
           Java Heap:     6016
         Native Heap:     9216
                Code:     7596
               Stack:      448
            Graphics:    23068
       Private Other:     3764
              System:     4811
 
               TOTAL:    54919       TOTAL SWAP PSS:        0
 
 Objects
               Views:       10         ViewRootImpl:        2
         AppContexts:        3           Activities:        1
              Assets:        2        AssetManagers:        3
       Local Binders:       18        Proxy Binders:       25
       Parcel memory:        6         Parcel count:       22
    Death Recipients:        2      OpenSSL Sockets:        0
            WebViews:        0
 
 SQL
         MEMORY_USED:        0
  PAGECACHE_OVERFLOW:        0          MALLOC_SIZE:        0
 
