Applications Memory Usage (in Kilobytes):
Uptime: 53987043 Realtime: 53987043

** MEMINFO in pid 5950 [org.savior.sync] **
                   Pss  Private  Private  SwapPss     Heap     Heap     Heap
                 Total    Dirty    Clean    Dirty     Size    Alloc     Free
                ------   ------   ------   ------   ------   ------   ------
  Native Heap     9356     9332        0        0    16384    12001     4382
  Dalvik Heap     4498     4480        0        0     8228     4114     4114
 Dalvik Other     2969     2968        0        0                           
        Stack      448      448        0        0                           
       Ashmem        2        0        0        0                           
      Gfx dev     1752     1752        0        0                           
    Other dev       12        0       12        0                           
     .so mmap     3395      184      780        0                           
    .apk mmap      350        0        0        0                           
    .ttf mmap      221        0       24        0                           
    .dex mmap     7037        4     6512        0                           
    .oat mmap     1213        0      184        0                           
    .art mmap      832      628        4        0                           
   Other mmap       34        4        4        0                           
   EGL mtrack    18524    18524        0        0                           
    GL mtrack     2792     2792        0        0                           
      Unknown     1935     1912        0        0                           
        TOTAL    55370    43028     7520        0    24612    16115     8496
 
 App Summary
                       Pss(KB)
                        ------
           Java Heap:     5112
         Native Heap:     9332
                Code:     7688
               Stack:      448
            Graphics:    23068
       Private Other:     4900
              System:     4822
 
               TOTAL:    55370       TOTAL SWAP PSS:        0
 
 Objects
               Views:       10         ViewRootImpl:        2
         AppContexts:        3           Activities:        1
              Assets:        2        AssetManagers:        3
       Local Binders:       18        Proxy Binders:       25
       Parcel memory:        6         Parcel count:       22
    Death Recipients:        2      OpenSSL Sockets:        0
            WebViews:        0
 
 SQL
         MEMORY_USED:        0
  PAGECACHE_OVERFLOW:        0          MALLOC_SIZE:        0
 
