Applications Memory Usage (in Kilobytes):
Uptime: 54651732 Realtime: 54651732

** MEMINFO in pid 4772 [org.savior.sync] **
                   Pss  Private  Private  SwapPss     Heap     Heap     Heap
                 Total    Dirty    Clean    Dirty     Size    Alloc     Free
                ------   ------   ------   ------   ------   ------   ------
  Native Heap     9346     9320        0        0    14336    12014     2321
  Dalvik Heap     4370     4352        0        0     7858     3929     3929
 Dalvik Other     3117     3116        0        0                           
        Stack      448      448        0        0                           
       Ashmem        2        0        0        0                           
      Gfx dev     1756     1756        0        0                           
    Other dev       12        0       12        0                           
     .so mmap     3393      184      780        0                           
    .apk mmap      350        0        0        0                           
    .ttf mmap      221        0       24        0                           
    .dex mmap     7002        4     6480        0                           
    .oat mmap     1197        0      180        0                           
    .art mmap      827      628        0        0                           
   Other mmap       34        4        4        0                           
   EGL mtrack    18524    18524        0        0                           
    GL mtrack     2788     2788        0        0                           
      Unknown     1959     1936        0        0                           
        TOTAL    55346    43060     7480        0    22194    15943     6250
 
 App Summary
                       Pss(KB)
                        ------
           Java Heap:     4980
         Native Heap:     9320
                Code:     7652
               Stack:      448
            Graphics:    23068
       Private Other:     5072
              System:     4806
 
               TOTAL:    55346       TOTAL SWAP PSS:        0
 
 Objects
               Views:       10         ViewRootImpl:        2
         AppContexts:        3           Activities:        1
              Assets:        2        AssetManagers:        3
       Local Binders:       18        Proxy Binders:       24
       Parcel memory:        6         Parcel count:       22
    Death Recipients:        2      OpenSSL Sockets:        0
            WebViews:        0
 
 SQL
         MEMORY_USED:        0
  PAGECACHE_OVERFLOW:        0          MALLOC_SIZE:        0
 
