Applications Memory Usage (in Kilobytes):
Uptime: 53726714 Realtime: 53726714

** MEMINFO in pid 24903 [org.savior.sync] **
                   Pss  Private  Private  SwapPss     Heap     Heap     Heap
                 Total    Dirty    Clean    Dirty     Size    Alloc     Free
                ------   ------   ------   ------   ------   ------   ------
  Native Heap     9322     9292        0        0    14336    12188     2147
  Dalvik Heap     3658     3640        0        0     7896     3948     3948
 Dalvik Other    10373    10372        0        0                           
        Stack      448      448        0        0                           
       Ashmem        2        0        0        0                           
      Gfx dev     1756     1756        0        0                           
    Other dev       12        0       12        0                           
     .so mmap     3393      184      780        0                           
    .apk mmap      350        0        0        0                           
    .ttf mmap      221        0       24        0                           
    .dex mmap     7041        4     6516        0                           
    .oat mmap     1188        0      176        0                           
    .art mmap      832      628        4        0                           
   Other mmap       34        4        4        0                           
   EGL mtrack    18524    18524        0        0                           
    GL mtrack     2788     2788        0        0                           
      Unknown     1975     1952        0        0                           
        TOTAL    61917    49592     7516        0    22232    16136     6095
 
 App Summary
                       Pss(KB)
                        ------
           Java Heap:     4272
         Native Heap:     9292
                Code:     7684
               Stack:      448
            Graphics:    23068
       Private Other:    12344
              System:     4809
 
               TOTAL:    61917       TOTAL SWAP PSS:        0
 
 Objects
               Views:       10         ViewRootImpl:        2
         AppContexts:        3           Activities:        1
              Assets:        2        AssetManagers:        3
       Local Binders:       18        Proxy Binders:       25
       Parcel memory:        6         Parcel count:       22
    Death Recipients:        2      OpenSSL Sockets:        0
            WebViews:        0
 
 SQL
         MEMORY_USED:        0
  PAGECACHE_OVERFLOW:        0          MALLOC_SIZE:        0
 
