Applications Memory Usage (in Kilobytes):
Uptime: 54282285 Realtime: 54282285

** MEMINFO in pid 19129 [org.savior.sync] **
                   Pss  Private  Private  SwapPss     Heap     Heap     Heap
                 Total    Dirty    Clean    Dirty     Size    Alloc     Free
                ------   ------   ------   ------   ------   ------   ------
  Native Heap     9158     9128        0        0    14336    11942     2393
  Dalvik Heap     4298     4280        0        0     8001     4001     4000
 Dalvik Other     2737     2736        0        0                           
        Stack      448      448        0        0                           
       Ashmem        2        0        0        0                           
      Gfx dev     1756     1756        0        0                           
    Other dev       12        0       12        0                           
     .so mmap     3395      184      780        0                           
    .apk mmap      350        0        0        0                           
    .ttf mmap      221        0       24        0                           
    .dex mmap     7017        4     6492        0                           
    .oat mmap     1236        0      184        0                           
    .art mmap      832      628        4        0                           
   Other mmap       34        4        4        0                           
   EGL mtrack    18524    18524        0        0                           
    GL mtrack     2788     2788        0        0                           
      Unknown     1931     1908        0        0                           
        TOTAL    54739    42388     7500        0    22337    15943     6393
 
 App Summary
                       Pss(KB)
                        ------
           Java Heap:     4912
         Native Heap:     9128
                Code:     7668
               Stack:      448
            Graphics:    23068
       Private Other:     4664
              System:     4851
 
               TOTAL:    54739       TOTAL SWAP PSS:        0
 
 Objects
               Views:       10         ViewRootImpl:        2
         AppContexts:        3           Activities:        1
              Assets:        2        AssetManagers:        3
       Local Binders:       18        Proxy Binders:       25
       Parcel memory:        6         Parcel count:       20
    Death Recipients:        2      OpenSSL Sockets:        0
            WebViews:        0
 
 SQL
         MEMORY_USED:        0
  PAGECACHE_OVERFLOW:        0          MALLOC_SIZE:        0
 
