Applications Memory Usage (in Kilobytes):
Uptime: 54543245 Realtime: 54543245

** MEMINFO in pid 30647 [org.savior.sync] **
                   Pss  Private  Private  SwapPss     Heap     Heap     Heap
                 Total    Dirty    Clean    Dirty     Size    Alloc     Free
                ------   ------   ------   ------   ------   ------   ------
  Native Heap     9088     9064        0        0    14336    11955     2380
  Dalvik Heap     3814     3796        0        0     8190     4095     4095
 Dalvik Other     7513     7512        0        0                           
        Stack      448      448        0        0                           
       Ashmem        2        0        0        0                           
      Gfx dev     1756     1756        0        0                           
    Other dev       12        0       12        0                           
     .so mmap     3395      184      780        0                           
    .apk mmap      350        0        0        0                           
    .ttf mmap      221        0       24        0                           
    .dex mmap     7033        4     6508        0                           
    .oat mmap     1194        0      176        0                           
    .art mmap      832      628        4        0                           
   Other mmap       34        4        4        0                           
   EGL mtrack    18524    18524        0        0                           
    GL mtrack     2788     2788        0        0                           
      Unknown     1971     1948        0        0                           
        TOTAL    58975    46656     7508        0    22526    16050     6475
 
 App Summary
                       Pss(KB)
                        ------
           Java Heap:     4428
         Native Heap:     9064
                Code:     7676
               Stack:      448
            Graphics:    23068
       Private Other:     9480
              System:     4811
 
               TOTAL:    58975       TOTAL SWAP PSS:        0
 
 Objects
               Views:       10         ViewRootImpl:        2
         AppContexts:        3           Activities:        1
              Assets:        2        AssetManagers:        3
       Local Binders:       18        Proxy Binders:       25
       Parcel memory:       62         Parcel count:       23
    Death Recipients:        2      OpenSSL Sockets:        0
            WebViews:        0
 
 SQL
         MEMORY_USED:        0
  PAGECACHE_OVERFLOW:        0          MALLOC_SIZE:        0
 
