Applications Memory Usage (in Kilobytes):
Uptime: 53713326 Realtime: 53713326

** MEMINFO in pid 24294 [org.savior.sync] **
                   Pss  Private  Private  SwapPss     Heap     Heap     Heap
                 Total    Dirty    Clean    Dirty     Size    Alloc     Free
                ------   ------   ------   ------   ------   ------   ------
  Native Heap     9220     9196        0        0    14336    12203     2132
  Dalvik Heap     3890     3872        0        0     7856     3928     3928
 Dalvik Other     2365     2364        0        0                           
        Stack      456      456        0        0                           
       Ashmem        2        0        0        0                           
      Gfx dev     1756     1756        0        0                           
    Other dev       12        0       12        0                           
     .so mmap     3869      284     1156        0                           
    .apk mmap      350        0        0        0                           
    .ttf mmap      221        0       24        0                           
    .dex mmap     7009        4     6492        0                           
    .oat mmap     1197        0      172        0                           
    .art mmap      828      628        0        0                           
   Other mmap       34        4        4        0                           
   EGL mtrack    18524    18524        0        0                           
    GL mtrack     2788     2788        0        0                           
      Unknown     1192     1168        0        0                           
        TOTAL    53713    41044     7860        0    22192    16131     6060
 
 App Summary
                       Pss(KB)
                        ------
           Java Heap:     4500
         Native Heap:     9196
                Code:     8132
               Stack:      456
            Graphics:    23068
       Private Other:     3552
              System:     4809
 
               TOTAL:    53713       TOTAL SWAP PSS:        0
 
 Objects
               Views:       10         ViewRootImpl:        2
         AppContexts:        3           Activities:        1
              Assets:        2        AssetManagers:        3
       Local Binders:       18        Proxy Binders:       24
       Parcel memory:        6         Parcel count:       22
    Death Recipients:        2      OpenSSL Sockets:        0
            WebViews:        0
 
 SQL
         MEMORY_USED:        0
  PAGECACHE_OVERFLOW:        0          MALLOC_SIZE:        0
 
