Applications Memory Usage (in Kilobytes):
Uptime: 54665225 Realtime: 54665225

** MEMINFO in pid 5606 [org.savior.sync] **
                   Pss  Private  Private  SwapPss     Heap     Heap     Heap
                 Total    Dirty    Clean    Dirty     Size    Alloc     Free
                ------   ------   ------   ------   ------   ------   ------
  Native Heap     9240     9212        0        0    14336    11874     2461
  Dalvik Heap     4422     4404        0        0     7895     3948     3947
 Dalvik Other     3053     3052        0        0                           
        Stack      448      448        0        0                           
       Ashmem        2        0        0        0                           
      Gfx dev     1756     1756        0        0                           
    Other dev       12        0       12        0                           
     .so mmap     3869      284     1156        0                           
    .apk mmap      350        0        0        0                           
    .ttf mmap      221        0       24        0                           
    .dex mmap     7023        4     6496        0                           
    .oat mmap     1214        0      184        0                           
    .art mmap      832      628        4        0                           
   Other mmap       34        4        4        0                           
   EGL mtrack    18524    18524        0        0                           
    GL mtrack     2788     2788        0        0                           
      Unknown     1228     1204        0        0                           
        TOTAL    55016    42308     7880        0    22231    15822     6408
 
 App Summary
                       Pss(KB)
                        ------
           Java Heap:     5036
         Native Heap:     9212
                Code:     8148
               Stack:      448
            Graphics:    23068
       Private Other:     4276
              System:     4828
 
               TOTAL:    55016       TOTAL SWAP PSS:        0
 
 Objects
               Views:       10         ViewRootImpl:        2
         AppContexts:        3           Activities:        1
              Assets:        2        AssetManagers:        3
       Local Binders:       18        Proxy Binders:       24
       Parcel memory:        6         Parcel count:       22
    Death Recipients:        2      OpenSSL Sockets:        0
            WebViews:        0
 
 SQL
         MEMORY_USED:        0
  PAGECACHE_OVERFLOW:        0          MALLOC_SIZE:        0
 
