Applications Memory Usage (in Kilobytes):
Uptime: 54557734 Realtime: 54557734

** MEMINFO in pid 31268 [org.savior.sync] **
                   Pss  Private  Private  SwapPss     Heap     Heap     Heap
                 Total    Dirty    Clean    Dirty     Size    Alloc     Free
                ------   ------   ------   ------   ------   ------   ------
  Native Heap     9618     9588        0        0    16384    12212     4171
  Dalvik Heap     4530     4512        0        0     7825     3913     3912
 Dalvik Other     2461     2460        0        0                           
        Stack      456      456        0        0                           
       Ashmem        2        0        0        0                           
      Gfx dev     1756     1756        0        0                           
    Other dev       12        0       12        0                           
     .so mmap     3871      284     1156        0                           
    .apk mmap      350        0        0        0                           
    .ttf mmap      221        0       24        0                           
    .dex mmap     7036        4     6516        0                           
    .oat mmap     1185        0      172        0                           
    .art mmap      829      628        0        0                           
   Other mmap       34        4        4        0                           
   EGL mtrack    18524    18524        0        0                           
    GL mtrack     2788     2788        0        0                           
      Unknown     1256     1232        0        0                           
        TOTAL    54929    42236     7884        0    24209    16125     8083
 
 App Summary
                       Pss(KB)
                        ------
           Java Heap:     5140
         Native Heap:     9588
                Code:     8156
               Stack:      456
            Graphics:    23068
       Private Other:     3712
              System:     4809
 
               TOTAL:    54929       TOTAL SWAP PSS:        0
 
 Objects
               Views:       10         ViewRootImpl:        2
         AppContexts:        3           Activities:        1
              Assets:        2        AssetManagers:        3
       Local Binders:       18        Proxy Binders:       24
       Parcel memory:        6         Parcel count:       22
    Death Recipients:        2      OpenSSL Sockets:        0
            WebViews:        0
 
 SQL
         MEMORY_USED:        0
  PAGECACHE_OVERFLOW:        0          MALLOC_SIZE:        0
 
