Applications Memory Usage (in Kilobytes):
Uptime: 54015252 Realtime: 54015252

** MEMINFO in pid 7203 [org.savior.sync] **
                   Pss  Private  Private  SwapPss     Heap     Heap     Heap
                 Total    Dirty    Clean    Dirty     Size    Alloc     Free
                ------   ------   ------   ------   ------   ------   ------
  Native Heap     9494     9464        0        0    14336    12130     2205
  Dalvik Heap     5538     5520        0        0     7860     3930     3930
 Dalvik Other     2369     2368        0        0                           
        Stack      452      452        0        0                           
       Ashmem        2        0        0        0                           
      Gfx dev     1756     1756        0        0                           
    Other dev       12        0       12        0                           
     .so mmap     3565      184      952        0                           
    .apk mmap      354        0        4        0                           
    .ttf mmap      221        0       24        0                           
    .dex mmap     7006        4     6492        0                           
    .oat mmap     1188        0      172        0                           
    .art mmap      828      628        0        0                           
   Other mmap       34        4        4        0                           
   EGL mtrack    18524    18524        0        0                           
    GL mtrack     2788     2788        0        0                           
      Unknown     2355     2332        0        0                           
        TOTAL    56486    44024     7660        0    22196    16060     6135
 
 App Summary
                       Pss(KB)
                        ------
           Java Heap:     6148
         Native Heap:     9464
                Code:     7832
               Stack:      452
            Graphics:    23068
       Private Other:     4720
              System:     4802
 
               TOTAL:    56486       TOTAL SWAP PSS:        0
 
 Objects
               Views:       10         ViewRootImpl:        2
         AppContexts:        3           Activities:        1
              Assets:        2        AssetManagers:        3
       Local Binders:       18        Proxy Binders:       24
       Parcel memory:        6         Parcel count:       22
    Death Recipients:        2      OpenSSL Sockets:        0
            WebViews:        0
 
 SQL
         MEMORY_USED:        0
  PAGECACHE_OVERFLOW:        0          MALLOC_SIZE:        0
 
