Applications Memory Usage (in Kilobytes):
Uptime: 54678926 Realtime: 54678926

** MEMINFO in pid 6199 [org.savior.sync] **
                   Pss  Private  Private  SwapPss     Heap     Heap     Heap
                 Total    Dirty    Clean    Dirty     Size    Alloc     Free
                ------   ------   ------   ------   ------   ------   ------
  Native Heap     8848     8824        0        0    14336    11515     2820
  Dalvik Heap     3546     3528        0        0     8185     4093     4092
 Dalvik Other     2597     2596        0        0                           
        Stack      448      448        0        0                           
       Ashmem        2        0        0        0                           
      Gfx dev     1692     1692        0        0                           
    Other dev       12        0       12        0                           
     .so mmap     3567      184      952        0                           
    .apk mmap      354        0        4        0                           
    .ttf mmap      221        0       24        0                           
    .dex mmap     7011        4     6492        0                           
    .oat mmap     1241        0      184        0                           
    .art mmap      832      628        4        0                           
   Other mmap       34        4        4        0                           
   EGL mtrack    18524    18524        0        0                           
    GL mtrack     2788     2788        0        0                           
      Unknown     2315     2292        0        0                           
        TOTAL    54032    41512     7676        0    22521    15608     6912
 
 App Summary
                       Pss(KB)
                        ------
           Java Heap:     4160
         Native Heap:     8824
                Code:     7844
               Stack:      448
            Graphics:    23004
       Private Other:     4908
              System:     4844
 
               TOTAL:    54032       TOTAL SWAP PSS:        0
 
 Objects
               Views:       10         ViewRootImpl:        2
         AppContexts:        3           Activities:        1
              Assets:        2        AssetManagers:        3
       Local Binders:       18        Proxy Binders:       25
       Parcel memory:        6         Parcel count:       20
    Death Recipients:        2      OpenSSL Sockets:        0
            WebViews:        0
 
 SQL
         MEMORY_USED:        0
  PAGECACHE_OVERFLOW:        0          MALLOC_SIZE:        0
 
