Applications Memory Usage (in Kilobytes):
Uptime: 54253716 Realtime: 54253716

** MEMINFO in pid 17870 [org.savior.sync] **
                   Pss  Private  Private  SwapPss     Heap     Heap     Heap
                 Total    Dirty    Clean    Dirty     Size    Alloc     Free
                ------   ------   ------   ------   ------   ------   ------
  Native Heap     9492     9464        0        0    16384    12273     4110
  Dalvik Heap     4850     4832        0        0     7882     3941     3941
 Dalvik Other     2585     2584        0        0                           
        Stack      452      452        0        0                           
       Ashmem        2        0        0        0                           
      Gfx dev     1756     1756        0        0                           
    Other dev       12        0       12        0                           
     .so mmap     3567      184      952        0                           
    .apk mmap      283        0        4        0                           
    .ttf mmap      221        0       24        0                           
    .dex mmap     7057        4     6532        0                           
    .oat mmap     1180        0      176        0                           
    .art mmap      829      628        0        0                           
   Other mmap       34        4        4        0                           
   EGL mtrack    18524    18524        0        0                           
    GL mtrack     2788     2788        0        0                           
      Unknown     2351     2328        0        0                           
        TOTAL    55983    43548     7704        0    24266    16214     8051
 
 App Summary
                       Pss(KB)
                        ------
           Java Heap:     5460
         Native Heap:     9464
                Code:     7876
               Stack:      452
            Graphics:    23068
       Private Other:     4932
              System:     4731
 
               TOTAL:    55983       TOTAL SWAP PSS:        0
 
 Objects
               Views:       10         ViewRootImpl:        2
         AppContexts:        3           Activities:        1
              Assets:        2        AssetManagers:        3
       Local Binders:       18        Proxy Binders:       24
       Parcel memory:        6         Parcel count:       20
    Death Recipients:        2      OpenSSL Sockets:        0
            WebViews:        0
 
 SQL
         MEMORY_USED:        0
  PAGECACHE_OVERFLOW:        0          MALLOC_SIZE:        0
 
