Applications Memory Usage (in Kilobytes):
Uptime: 54571185 Realtime: 54571185

** MEMINFO in pid 31885 [org.savior.sync] **
                   Pss  Private  Private  SwapPss     Heap     Heap     Heap
                 Total    Dirty    Clean    Dirty     Size    Alloc     Free
                ------   ------   ------   ------   ------   ------   ------
  Native Heap     9186     9156        0        0    14336    11929     2406
  Dalvik Heap     4106     4088        0        0     7919     3960     3959
 Dalvik Other    12617    12616        0        0                           
        Stack      448      448        0        0                           
       Ashmem        2        0        0        0                           
      Gfx dev     1756     1756        0        0                           
    Other dev       16        0       16        0                           
     .so mmap     3565      184      952        0                           
    .apk mmap      354        0        4        0                           
    .ttf mmap      221        0       24        0                           
    .dex mmap     7046        4     6524        0                           
    .oat mmap     1188        0      176        0                           
    .art mmap      832      628        4        0                           
   Other mmap       34        4        4        0                           
   EGL mtrack    18524    18524        0        0                           
    GL mtrack     2788     2788        0        0                           
      Unknown     2295     2272        0        0                           
        TOTAL    64978    52468     7704        0    22255    15889     6365
 
 App Summary
                       Pss(KB)
                        ------
           Java Heap:     4720
         Native Heap:     9156
                Code:     7868
               Stack:      448
            Graphics:    23068
       Private Other:    14912
              System:     4806
 
               TOTAL:    64978       TOTAL SWAP PSS:        0
 
 Objects
               Views:       10         ViewRootImpl:        2
         AppContexts:        3           Activities:        1
              Assets:        2        AssetManagers:        3
       Local Binders:       18        Proxy Binders:       25
       Parcel memory:        6         Parcel count:       22
    Death Recipients:        2      OpenSSL Sockets:        0
            WebViews:        0
 
 SQL
         MEMORY_USED:        0
  PAGECACHE_OVERFLOW:        0          MALLOC_SIZE:        0
 
