CMake Deprecation Warning at CMakeLists.txt:1 (cmake_minimum_required):
  Compatibility with CMake < 3.10 will be removed from a future version of
  CMake.

  Update the VERSION argument <min> value.  Or, use the <min>...<max> syntax
  to tell CMake that the project requires at least <min> but has been updated
  to work with policies introduced by <max> or earlier.


-- The C compiler identification is GNU 15.3.0
-- The CXX compiler identification is GNU 15.3.0
-- Detecting C compiler ABI info
-- Detecting C compiler ABI info - done
-- Check for working C compiler: /usr/bin/cc - skipped
-- Detecting C compile features
-- Detecting C compile features - done
-- Detecting CXX compiler ABI info
-- Detecting CXX compiler ABI info - done
-- Check for working CXX compiler: /usr/bin/c++ - skipped
-- Detecting CXX compile features
-- Detecting CXX compile features - done
-- Configuring done (5.6s)
-- Generating done (0.3s)
-- Build files have been written to: /mnt/e/OtherProject/safe-toolchain/nmmp/nmm-protect/build/on-demand-20260912/host-s4-bad
[1/5] Building C object CMakeFiles/native_root_test.dir/mnt/e/OtherProject/safe-toolchain/nmmp/nmmvm/nmmvm/src/main/cpp/vm/NativeVm.c.o
[2/5] Building C object CMakeFiles/native_root_test.dir/mnt/e/OtherProject/safe-toolchain/nmmp/nmmvm/nmmvm/src/main/cpp/vm/VmInit.c.o
[3/5] Building CXX object CMakeFiles/native_root_test.dir/mnt/e/OtherProject/safe-toolchain/nmmp/nmmvm/nmmvm/src/main/cpp/vm/VmCodec.cpp.o
[4/5] Building CXX object CMakeFiles/native_root_test.dir/NativeRootTest.cpp.o
[5/5] Linking CXX executable native_root_test
Test project /mnt/e/OtherProject/safe-toolchain/nmmp/nmm-protect/build/on-demand-20260912/host-s4-bad
    Start 3: native_root_test
1/1 Test #3: native_root_test .................   Passed    0.02 sec

100% tests passed, 0 tests failed out of 1

Total Test time (real) =   0.03 sec
