Applications Memory Usage (in Kilobytes):
Uptime: 37693979 Realtime: 37693979

** MEMINFO in pid 25520 [org.savior.sync] **
                   Pss  Private  Private  SwapPss     Heap     Heap     Heap
                 Total    Dirty    Clean    Dirty     Size    Alloc     Free
                ------   ------   ------   ------   ------   ------   ------
  Native Heap     8769     8740        0        0    14336    11587     2748
  Dalvik Heap     3546     3528        0        0     7919     3960     3959
 Dalvik Other     8581     8580        0        0                           
        Stack      448      448        0        0                           
       Ashmem        2        0        0        0                           
      Gfx dev     1756     1756        0        0                           
    Other dev       12        0       12        0                           
     .so mmap     3307      284      592        0                           
    .apk mmap      354        0        4        0                           
    .ttf mmap      219        0       24        0                           
    .dex mmap     7063        4     6536        0                           
    .oat mmap     1202        0      184        0                           
    .art mmap      832      628        4        0                           
   Other mmap       34        4        4        0                           
   EGL mtrack    18524    18524        0        0                           
    GL mtrack     2788     2788        0        0                           
      Unknown     1116     1092        0        0                           
        TOTAL    58553    46376     7360        0    22255    15547     6707
 
 App Summary
                       Pss(KB)
                        ------
           Java Heap:     4160
         Native Heap:     8740
                Code:     7628
               Stack:      448
            Graphics:    23068
       Private Other:     9692
              System:     4817
 
               TOTAL:    58553       TOTAL SWAP PSS:        0
 
 Objects
               Views:       10         ViewRootImpl:        2
         AppContexts:        3           Activities:        1
              Assets:        2        AssetManagers:        3
       Local Binders:       18        Proxy Binders:       24
       Parcel memory:        6         Parcel count:       22
    Death Recipients:        2      OpenSSL Sockets:        0
            WebViews:        0
 
 SQL
         MEMORY_USED:        0
  PAGECACHE_OVERFLOW:        0          MALLOC_SIZE:        0
 
