Applications Memory Usage (in Kilobytes):
Uptime: 36616862 Realtime: 36616862

** MEMINFO in pid 14062 [org.savior.sync] **
                   Pss  Private  Private  SwapPss     Heap     Heap     Heap
                 Total    Dirty    Clean    Dirty     Size    Alloc     Free
                ------   ------   ------   ------   ------   ------   ------
  Native Heap     9470     9436        0        0    14336    12308     2027
  Dalvik Heap     5806     5788        0        0     7866     3933     3933
 Dalvik Other     2501     2500        0        0                           
        Stack      448      448        0        0                           
       Ashmem        2        0        0        0                           
      Gfx dev     1756     1756        0        0                           
    Other dev       16        0       16        0                           
     .so mmap     3306      284      592        0                           
    .apk mmap      354        0        4        0                           
    .ttf mmap      221        0       24        0                           
    .dex mmap     7051        4     6524        0                           
    .oat mmap     1211        0      180        0                           
    .art mmap      829      628        0        0                           
   Other mmap       34        4        4        0                           
   EGL mtrack    18524    18524        0        0                           
    GL mtrack     2788     2788        0        0                           
      Unknown     1080     1056        0        0                           
        TOTAL    55397    43216     7344        0    22202    16241     5960
 
 App Summary
                       Pss(KB)
                        ------
           Java Heap:     6416
         Native Heap:     9436
                Code:     7612
               Stack:      448
            Graphics:    23068
       Private Other:     3580
              System:     4837
 
               TOTAL:    55397       TOTAL SWAP PSS:        0
 
 Objects
               Views:       10         ViewRootImpl:        2
         AppContexts:        3           Activities:        1
              Assets:        2        AssetManagers:        3
       Local Binders:       18        Proxy Binders:       24
       Parcel memory:        6         Parcel count:       20
    Death Recipients:        2      OpenSSL Sockets:        0
            WebViews:        0
 
 SQL
         MEMORY_USED:        0
  PAGECACHE_OVERFLOW:        0          MALLOC_SIZE:        0
 
