Applications Memory Usage (in Kilobytes):
Uptime: 36934959 Realtime: 36934959

** MEMINFO in pid 28086 [org.savior.sync] **
                   Pss  Private  Private  SwapPss     Heap     Heap     Heap
                 Total    Dirty    Clean    Dirty     Size    Alloc     Free
                ------   ------   ------   ------   ------   ------   ------
  Native Heap     9332     9304        0        0    16384    12257     4126
  Dalvik Heap     3338     3320        0        0     7867     3934     3933
 Dalvik Other     2517     2516        0        0                           
        Stack      448      448        0        0                           
       Ashmem        2        0        0        0                           
      Gfx dev     1756     1756        0        0                           
    Other dev       12        0       12        0                           
     .so mmap     3305      284      592        0                           
    .apk mmap      354        0        4        0                           
    .ttf mmap      221        0       24        0                           
    .dex mmap     7076        4     6548        0                           
    .oat mmap     1229        0      192        0                           
    .art mmap      832      628        4        0                           
   Other mmap       34        4        4        0                           
   EGL mtrack    18524    18524        0        0                           
    GL mtrack     2788     2788        0        0                           
      Unknown     1112     1088        0        0                           
        TOTAL    52880    40664     7380        0    24251    16191     8059
 
 App Summary
                       Pss(KB)
                        ------
           Java Heap:     3952
         Native Heap:     9304
                Code:     7648
               Stack:      448
            Graphics:    23068
       Private Other:     3624
              System:     4836
 
               TOTAL:    52880       TOTAL SWAP PSS:        0
 
 Objects
               Views:       10         ViewRootImpl:        2
         AppContexts:        3           Activities:        1
              Assets:        2        AssetManagers:        3
       Local Binders:       18        Proxy Binders:       24
       Parcel memory:        6         Parcel count:       20
    Death Recipients:        2      OpenSSL Sockets:        0
            WebViews:        0
 
 SQL
         MEMORY_USED:        0
  PAGECACHE_OVERFLOW:        0          MALLOC_SIZE:        0
 
