Applications Memory Usage (in Kilobytes):
Uptime: 37803287 Realtime: 37803287

** MEMINFO in pid 28952 [org.savior.sync] **
                   Pss  Private  Private  SwapPss     Heap     Heap     Heap
                 Total    Dirty    Clean    Dirty     Size    Alloc     Free
                ------   ------   ------   ------   ------   ------   ------
  Native Heap     9330     9304        0        0    14336    12352     1983
  Dalvik Heap     4422     4404        0        0     7870     3935     3935
 Dalvik Other     2461     2460        0        0                           
        Stack      432      432        0        0                           
       Ashmem        2        0        0        0                           
      Gfx dev     1756     1756        0        0                           
    Other dev       12        0       12        0                           
     .so mmap     3307      284      592        0                           
    .apk mmap      354        0        4        0                           
    .ttf mmap      219        0       24        0                           
    .dex mmap     7067        4     6540        0                           
    .oat mmap     1194        0      180        0                           
    .art mmap      833      628        4        0                           
   Other mmap       34        4        4        0                           
   EGL mtrack    18524    18524        0        0                           
    GL mtrack     2788     2788        0        0                           
      Unknown     1160     1136        0        0                           
        TOTAL    53895    41724     7360        0    22206    16287     5918
 
 App Summary
                       Pss(KB)
                        ------
           Java Heap:     5036
         Native Heap:     9304
                Code:     7628
               Stack:      432
            Graphics:    23068
       Private Other:     3616
              System:     4811
 
               TOTAL:    53895       TOTAL SWAP PSS:        0
 
 Objects
               Views:       10         ViewRootImpl:        2
         AppContexts:        3           Activities:        1
              Assets:        2        AssetManagers:        3
       Local Binders:       18        Proxy Binders:       24
       Parcel memory:        6         Parcel count:       22
    Death Recipients:        2      OpenSSL Sockets:        0
            WebViews:        0
 
 SQL
         MEMORY_USED:        0
  PAGECACHE_OVERFLOW:        0          MALLOC_SIZE:        0
 
