Applications Memory Usage (in Kilobytes):
Uptime: 37182310 Realtime: 37182310

** MEMINFO in pid 8541 [org.savior.sync] **
                   Pss  Private  Private  SwapPss     Heap     Heap     Heap
                 Total    Dirty    Clean    Dirty     Size    Alloc     Free
                ------   ------   ------   ------   ------   ------   ------
  Native Heap     9748     9720        0        0    18432    12721     5710
  Dalvik Heap     4946     4928        0        0     7920     3960     3960
 Dalvik Other     3689     3688        0        0                           
        Stack      448      448        0        0                           
       Ashmem        2        0        0        0                           
      Gfx dev     1780     1780        0        0                           
    Other dev       12        0       12        0                           
     .so mmap     3395      184      780        0                           
    .apk mmap      350        0        0        0                           
    .ttf mmap      221        0       24        0                           
    .dex mmap     7066        4     6540        0                           
    .oat mmap     1214        0      188        0                           
    .art mmap      832      628        4        0                           
   Other mmap       34        4        4        0                           
   EGL mtrack    18524    18524        0        0                           
    GL mtrack     2824     2824        0        0                           
      Unknown     1935     1912        0        0                           
        TOTAL    57020    44644     7552        0    26352    16681     9670
 
 App Summary
                       Pss(KB)
                        ------
           Java Heap:     5560
         Native Heap:     9720
                Code:     7720
               Stack:      448
            Graphics:    23128
       Private Other:     5620
              System:     4824
 
               TOTAL:    57020       TOTAL SWAP PSS:        0
 
 Objects
               Views:       10         ViewRootImpl:        2
         AppContexts:        3           Activities:        1
              Assets:        2        AssetManagers:        3
       Local Binders:       18        Proxy Binders:       24
       Parcel memory:        6         Parcel count:       22
    Death Recipients:        2      OpenSSL Sockets:        0
            WebViews:        0
 
 SQL
         MEMORY_USED:        0
  PAGECACHE_OVERFLOW:        0          MALLOC_SIZE:        0
 
