Applications Memory Usage (in Kilobytes):
Uptime: 36631429 Realtime: 36631429

** MEMINFO in pid 14690 [org.savior.sync] **
                   Pss  Private  Private  SwapPss     Heap     Heap     Heap
                 Total    Dirty    Clean    Dirty     Size    Alloc     Free
                ------   ------   ------   ------   ------   ------   ------
  Native Heap     9858     9828        0        0    16384    12278     4105
  Dalvik Heap     4326     4308        0        0     7866     3933     3933
 Dalvik Other     3029     3028        0        0                           
        Stack      448      448        0        0                           
       Ashmem        2        0        0        0                           
      Gfx dev     2024     2024        0        0                           
    Other dev       12        0       12        0                           
     .so mmap     3397      184      780        0                           
    .apk mmap      350        0        0        0                           
    .ttf mmap      221        0       24        0                           
    .dex mmap     7061        4     6536        0                           
    .oat mmap     1192        0      180        0                           
    .art mmap      829      628        0        0                           
   Other mmap       34        4        4        0                           
   EGL mtrack    18524    18524        0        0                           
    GL mtrack     2580     2580        0        0                           
      Unknown     1915     1892        0        0                           
        TOTAL    55802    43452     7536        0    24250    16211     8038
 
 App Summary
                       Pss(KB)
                        ------
           Java Heap:     4936
         Native Heap:     9828
                Code:     7708
               Stack:      448
            Graphics:    23128
       Private Other:     4940
              System:     4814
 
               TOTAL:    55802       TOTAL SWAP PSS:        0
 
 Objects
               Views:       10         ViewRootImpl:        2
         AppContexts:        3           Activities:        1
              Assets:        2        AssetManagers:        3
       Local Binders:       18        Proxy Binders:       24
       Parcel memory:        6         Parcel count:       22
    Death Recipients:        2      OpenSSL Sockets:        0
            WebViews:        0
 
 SQL
         MEMORY_USED:        0
  PAGECACHE_OVERFLOW:        0          MALLOC_SIZE:        0
 
