Applications Memory Usage (in Kilobytes):
Uptime: 37708713 Realtime: 37708713

** MEMINFO in pid 25985 [org.savior.sync] **
                   Pss  Private  Private  SwapPss     Heap     Heap     Heap
                 Total    Dirty    Clean    Dirty     Size    Alloc     Free
                ------   ------   ------   ------   ------   ------   ------
  Native Heap     9508     9480        0        0    14336    12299     2036
  Dalvik Heap     4410     4392        0        0     7870     3935     3935
 Dalvik Other     2537     2536        0        0                           
        Stack      448      448        0        0                           
       Ashmem        2        0        0        0                           
      Gfx dev     1756     1756        0        0                           
    Other dev       12        0       12        0                           
     .so mmap     3393      184      780        0                           
    .apk mmap      350        0        0        0                           
    .ttf mmap      219        0       24        0                           
    .dex mmap     7067        4     6540        0                           
    .oat mmap     1196        0      184        0                           
    .art mmap      832      628        4        0                           
   Other mmap       34        4        4        0                           
   EGL mtrack    18524    18524        0        0                           
    GL mtrack     2788     2788        0        0                           
      Unknown     1967     1944        0        0                           
        TOTAL    55043    42688     7548        0    22206    16234     5971
 
 App Summary
                       Pss(KB)
                        ------
           Java Heap:     5024
         Native Heap:     9480
                Code:     7716
               Stack:      448
            Graphics:    23068
       Private Other:     4500
              System:     4807
 
               TOTAL:    55043       TOTAL SWAP PSS:        0
 
 Objects
               Views:       10         ViewRootImpl:        2
         AppContexts:        3           Activities:        1
              Assets:        2        AssetManagers:        3
       Local Binders:       18        Proxy Binders:       24
       Parcel memory:        6         Parcel count:       22
    Death Recipients:        2      OpenSSL Sockets:        0
            WebViews:        0
 
 SQL
         MEMORY_USED:        0
  PAGECACHE_OVERFLOW:        0          MALLOC_SIZE:        0
 
