Applications Memory Usage (in Kilobytes):
Uptime: 37445970 Realtime: 37445970

** MEMINFO in pid 17525 [org.savior.sync] **
                   Pss  Private  Private  SwapPss     Heap     Heap     Heap
                 Total    Dirty    Clean    Dirty     Size    Alloc     Free
                ------   ------   ------   ------   ------   ------   ------
  Native Heap     9196     9168        0        0    14336    12140     2195
  Dalvik Heap     4674     4656        0        0     7871     3936     3935
 Dalvik Other     3657     3656        0        0                           
        Stack      448      448        0        0                           
       Ashmem        2        0        0        0                           
      Gfx dev     1756     1756        0        0                           
    Other dev       12        0       12        0                           
     .so mmap     3867      284     1152        0                           
    .apk mmap      350        0        0        0                           
    .ttf mmap      221        0       24        0                           
    .dex mmap     7080        4     6552        0                           
    .oat mmap     1191        0      184        0                           
    .art mmap      833      628        4        0                           
   Other mmap       34        4        4        0                           
   EGL mtrack    18524    18524        0        0                           
    GL mtrack     2788     2788        0        0                           
      Unknown     1232     1208        0        0                           
        TOTAL    55865    43124     7932        0    22207    16076     6130
 
 App Summary
                       Pss(KB)
                        ------
           Java Heap:     5288
         Native Heap:     9168
                Code:     8200
               Stack:      448
            Graphics:    23068
       Private Other:     4884
              System:     4809
 
               TOTAL:    55865       TOTAL SWAP PSS:        0
 
 Objects
               Views:       10         ViewRootImpl:        2
         AppContexts:        3           Activities:        1
              Assets:        2        AssetManagers:        3
       Local Binders:       18        Proxy Binders:       24
       Parcel memory:        6         Parcel count:       20
    Death Recipients:        2      OpenSSL Sockets:        0
            WebViews:        0
 
 SQL
         MEMORY_USED:        0
  PAGECACHE_OVERFLOW:        0          MALLOC_SIZE:        0
 
