Applications Memory Usage (in Kilobytes):
Uptime: 37722984 Realtime: 37722984

** MEMINFO in pid 26428 [org.savior.sync] **
                   Pss  Private  Private  SwapPss     Heap     Heap     Heap
                 Total    Dirty    Clean    Dirty     Size    Alloc     Free
                ------   ------   ------   ------   ------   ------   ------
  Native Heap     9190     9160        0        0    14336    12187     2148
  Dalvik Heap     4482     4464        0        0     7873     3937     3936
 Dalvik Other     2545     2544        0        0                           
        Stack      448      448        0        0                           
       Ashmem        2        0        0        0                           
      Gfx dev     1756     1756        0        0                           
    Other dev       16        0       16        0                           
     .so mmap     3867      284     1152        0                           
    .apk mmap      350        0        0        0                           
    .ttf mmap      219        0       24        0                           
    .dex mmap     7062        4     6536        0                           
    .oat mmap     1199        0      184        0                           
    .art mmap      832      628        4        0                           
   Other mmap       34        4        4        0                           
   EGL mtrack    18524    18524        0        0                           
    GL mtrack     2788     2788        0        0                           
      Unknown     1256     1232        0        0                           
        TOTAL    54570    41836     7920        0    22209    16124     6084
 
 App Summary
                       Pss(KB)
                        ------
           Java Heap:     5096
         Native Heap:     9160
                Code:     8184
               Stack:      448
            Graphics:    23068
       Private Other:     3800
              System:     4814
 
               TOTAL:    54570       TOTAL SWAP PSS:        0
 
 Objects
               Views:       10         ViewRootImpl:        2
         AppContexts:        3           Activities:        1
              Assets:        2        AssetManagers:        3
       Local Binders:       18        Proxy Binders:       24
       Parcel memory:        6         Parcel count:       22
    Death Recipients:        2      OpenSSL Sockets:        0
            WebViews:        0
 
 SQL
         MEMORY_USED:        0
  PAGECACHE_OVERFLOW:        0          MALLOC_SIZE:        0
 
