Applications Memory Usage (in Kilobytes):
Uptime: 37830816 Realtime: 37830816

** MEMINFO in pid 29833 [org.savior.sync] **
                   Pss  Private  Private  SwapPss     Heap     Heap     Heap
                 Total    Dirty    Clean    Dirty     Size    Alloc     Free
                ------   ------   ------   ------   ------   ------   ------
  Native Heap     9406     9376        0        0    14336    12130     2205
  Dalvik Heap     4778     4760        0        0     7921     3961     3960
 Dalvik Other     2805     2804        0        0                           
        Stack      448      448        0        0                           
       Ashmem        2        0        0        0                           
      Gfx dev     1752     1752        0        0                           
    Other dev       12        0       12        0                           
     .so mmap     3867      284     1152        0                           
    .apk mmap      350        0        0        0                           
    .ttf mmap      219        0       24        0                           
    .dex mmap     7059        4     6532        0                           
    .oat mmap     1174        0      180        0                           
    .art mmap      832      628        4        0                           
   Other mmap       34        4        4        0                           
   EGL mtrack    18524    18524        0        0                           
    GL mtrack     2792     2792        0        0                           
      Unknown     1236     1212        0        0                           
        TOTAL    55290    42588     7908        0    22257    16091     6165
 
 App Summary
                       Pss(KB)
                        ------
           Java Heap:     5392
         Native Heap:     9376
                Code:     8176
               Stack:      448
            Graphics:    23068
       Private Other:     4036
              System:     4794
 
               TOTAL:    55290       TOTAL SWAP PSS:        0
 
 Objects
               Views:       10         ViewRootImpl:        2
         AppContexts:        3           Activities:        1
              Assets:        2        AssetManagers:        3
       Local Binders:       18        Proxy Binders:       25
       Parcel memory:        6         Parcel count:       20
    Death Recipients:        2      OpenSSL Sockets:        0
            WebViews:        0
 
 SQL
         MEMORY_USED:        0
  PAGECACHE_OVERFLOW:        0          MALLOC_SIZE:        0
 
