Applications Memory Usage (in Kilobytes):
Uptime: 37432557 Realtime: 37432557

** MEMINFO in pid 17084 [org.savior.sync] **
                   Pss  Private  Private  SwapPss     Heap     Heap     Heap
                 Total    Dirty    Clean    Dirty     Size    Alloc     Free
                ------   ------   ------   ------   ------   ------   ------
  Native Heap     9452     9420        0        0    16384    12339     4044
  Dalvik Heap     4370     4352        0        0     8160     4080     4080
 Dalvik Other     2609     2608        0        0                           
        Stack      452      452        0        0                           
       Ashmem        2        0        0        0                           
      Gfx dev     1780     1780        0        0                           
    Other dev       16        0       16        0                           
     .so mmap     3567      184      952        0                           
    .apk mmap      354        0        4        0                           
    .ttf mmap      221        0       24        0                           
    .dex mmap     7076        4     6548        0                           
    .oat mmap     1198        0      184        0                           
    .art mmap      832      628        4        0                           
   Other mmap       34        4        4        0                           
   EGL mtrack    18524    18524        0        0                           
    GL mtrack     2824     2824        0        0                           
      Unknown     2375     2352        0        0                           
        TOTAL    55686    43132     7736        0    24544    16419     8124
 
 App Summary
                       Pss(KB)
                        ------
           Java Heap:     4984
         Native Heap:     9420
                Code:     7900
               Stack:      452
            Graphics:    23128
       Private Other:     4984
              System:     4818
 
               TOTAL:    55686       TOTAL SWAP PSS:        0
 
 Objects
               Views:       10         ViewRootImpl:        2
         AppContexts:        3           Activities:        1
              Assets:        2        AssetManagers:        3
       Local Binders:       18        Proxy Binders:       25
       Parcel memory:        6         Parcel count:       22
    Death Recipients:        2      OpenSSL Sockets:        0
            WebViews:        0
 
 SQL
         MEMORY_USED:        0
  PAGECACHE_OVERFLOW:        0          MALLOC_SIZE:        0
 
