Applications Memory Usage (in Kilobytes):
Uptime: 37738481 Realtime: 37738481

** MEMINFO in pid 26913 [org.savior.sync] **
                   Pss  Private  Private  SwapPss     Heap     Heap     Heap
                 Total    Dirty    Clean    Dirty     Size    Alloc     Free
                ------   ------   ------   ------   ------   ------   ------
  Native Heap     9226     9200        0        0    14336    12083     2252
  Dalvik Heap     4470     4452        0        0     8061     4031     4030
 Dalvik Other     2513     2512        0        0                           
        Stack      448      448        0        0                           
       Ashmem        2        0        0        0                           
      Gfx dev     1756     1756        0        0                           
    Other dev       12        0       12        0                           
     .so mmap     3567      184      952        0                           
    .apk mmap      283        0        4        0                           
    .ttf mmap      219        0       24        0                           
    .dex mmap     7080        4     6552        0                           
    .oat mmap     1188        0      184        0                           
    .art mmap      832      628        4        0                           
   Other mmap       34        4        4        0                           
   EGL mtrack    18524    18524        0        0                           
    GL mtrack     2788     2788        0        0                           
      Unknown     2367     2344        0        0                           
        TOTAL    55309    42844     7736        0    22397    16114     6282
 
 App Summary
                       Pss(KB)
                        ------
           Java Heap:     5084
         Native Heap:     9200
                Code:     7904
               Stack:      448
            Graphics:    23068
       Private Other:     4876
              System:     4729
 
               TOTAL:    55309       TOTAL SWAP PSS:        0
 
 Objects
               Views:       10         ViewRootImpl:        2
         AppContexts:        3           Activities:        1
              Assets:        2        AssetManagers:        3
       Local Binders:       18        Proxy Binders:       25
       Parcel memory:        6         Parcel count:       20
    Death Recipients:        2      OpenSSL Sockets:        0
            WebViews:        0
 
 SQL
         MEMORY_USED:        0
  PAGECACHE_OVERFLOW:        0          MALLOC_SIZE:        0
 
