Applications Memory Usage (in Kilobytes):
Uptime: 38147809 Realtime: 38147809

** MEMINFO in pid 7604 [org.savior.sync] **
                   Pss  Private  Private  SwapPss     Heap     Heap     Heap
                 Total    Dirty    Clean    Dirty     Size    Alloc     Free
                ------   ------   ------   ------   ------   ------   ------
  Native Heap     9368     9344        0        0    16384    12355     4028
  Dalvik Heap     5226     5208        0        0     7893     3947     3946
 Dalvik Other     2589     2588        0        0                           
        Stack      448      448        0        0                           
       Ashmem        2        0        0        0                           
      Gfx dev     1756     1756        0        0                           
    Other dev       12        0       12        0                           
     .so mmap     3863      284     1148        0                           
    .apk mmap      350        0        0        0                           
    .ttf mmap      219        0       24        0                           
    .dex mmap     7084        4     6556        0                           
    .oat mmap     1249        0      188        0                           
    .art mmap      833      628        4        0                           
   Other mmap       34        4        4        0                           
   EGL mtrack    18524    18524        0        0                           
    GL mtrack     2788     2788        0        0                           
      Unknown     1268     1244        0        0                           
        TOTAL    55613    42820     7936        0    24277    16302     7974
 
 App Summary
                       Pss(KB)
                        ------
           Java Heap:     5840
         Native Heap:     9344
                Code:     8204
               Stack:      448
            Graphics:    23068
       Private Other:     3852
              System:     4857
 
               TOTAL:    55613       TOTAL SWAP PSS:        0
 
 Objects
               Views:       10         ViewRootImpl:        2
         AppContexts:        3           Activities:        1
              Assets:        2        AssetManagers:        3
       Local Binders:       18        Proxy Binders:       24
       Parcel memory:        6         Parcel count:       22
    Death Recipients:        2      OpenSSL Sockets:        0
            WebViews:        0
 
 SQL
         MEMORY_USED:        0
  PAGECACHE_OVERFLOW:        0          MALLOC_SIZE:        0
 
