Applications Memory Usage (in Kilobytes):
Uptime: 38163652 Realtime: 38163652

** MEMINFO in pid 8106 [org.savior.sync] **
                   Pss  Private  Private  SwapPss     Heap     Heap     Heap
                 Total    Dirty    Clean    Dirty     Size    Alloc     Free
                ------   ------   ------   ------   ------   ------   ------
  Native Heap     9430     9400        0        0    16384    12239     4144
  Dalvik Heap     5014     4996        0        0     7872     3936     3936
 Dalvik Other     3065     3064        0        0                           
        Stack      452      452        0        0                           
       Ashmem        2        0        0        0                           
      Gfx dev     1756     1756        0        0                           
    Other dev       12        0       12        0                           
     .so mmap     3568      184      952        0                           
    .apk mmap      354        0        4        0                           
    .ttf mmap      219        0       24        0                           
    .dex mmap     7074        4     6548        0                           
    .oat mmap     1217        0      188        0                           
    .art mmap      833      628        4        0                           
   Other mmap       34        4        4        0                           
   EGL mtrack    18524    18524        0        0                           
    GL mtrack     2788     2788        0        0                           
      Unknown     2355     2332        0        0                           
        TOTAL    56697    44132     7736        0    24256    16175     8080
 
 App Summary
                       Pss(KB)
                        ------
           Java Heap:     5628
         Native Heap:     9400
                Code:     7904
               Stack:      452
            Graphics:    23068
       Private Other:     5416
              System:     4829
 
               TOTAL:    56697       TOTAL SWAP PSS:        0
 
 Objects
               Views:       10         ViewRootImpl:        2
         AppContexts:        3           Activities:        1
              Assets:        2        AssetManagers:        3
       Local Binders:       18        Proxy Binders:       24
       Parcel memory:        6         Parcel count:       22
    Death Recipients:        2      OpenSSL Sockets:        0
            WebViews:        0
 
 SQL
         MEMORY_USED:        0
  PAGECACHE_OVERFLOW:        0          MALLOC_SIZE:        0
 
