> Task :apkprotect:checkNativeFormats
> Task :apkprotect:checkReaderFormats
> Task :arsc:compileJava UP-TO-DATE
> Task :arsc:processResources NO-SOURCE
> Task :apkprotect:extractIncludeProto UP-TO-DATE
> Task :apkprotect:extractProto UP-TO-DATE
> Task :apkprotect:generateProto UP-TO-DATE
> Task :apkprotect:compileJava UP-TO-DATE
> Task :apkprotect:processResources UP-TO-DATE
> Task :apkprotect:classes UP-TO-DATE
> Task :apkprotect:jar UP-TO-DATE
> Task :compileJava UP-TO-DATE
> Task :processResources NO-SOURCE
> Task :classes UP-TO-DATE
> Task :compileTestJava NO-SOURCE
> Task :processTestResources NO-SOURCE
> Task :testClasses UP-TO-DATE
> Task :arsc:classes UP-TO-DATE
> Task :arsc:jar UP-TO-DATE
> Task :test NO-SOURCE
> Task :apkprotect:extractIncludeTestProto UP-TO-DATE
> Task :apkprotect:extractTestProto UP-TO-DATE
> Task :apkprotect:generateTestProto NO-SOURCE
> Task :apkprotect:compileTestJava
> Task :apkprotect:processTestResources UP-TO-DATE
> Task :apkprotect:testClasses
> Task :apkprotect:test
> Task :arsc:compileTestJava UP-TO-DATE
> Task :arsc:processTestResources UP-TO-DATE
> Task :arsc:testClasses UP-TO-DATE
> Task :arsc:test UP-TO-DATE

> Task :jar
Execution optimizations have been disabled for task ':jar' to ensure correctness due to the following reasons:
  - Gradle detected a problem with the following location: 'E:\OtherProject\safe-toolchain\nmmp\nmm-protect\arsc\build\libs\arsc.jar'. Reason: Task ':jar' uses this output of task ':arsc:jar' without declaring an explicit or implicit dependency. This can lead to incorrect results being produced, depending on what order the tasks are executed. Please refer to https://docs.gradle.org/7.3/userguide/validation_problems.html#implicit_dependency for more details about this problem.

Deprecated Gradle features were used in this build, making it incompatible with Gradle 8.0.

You can use '--warning-mode all' to show the individual deprecation warnings and determine if they come from your own scripts or plugins.

See https://docs.gradle.org/7.3/userguide/command_line_interface.html#sec:command_line_warnings

Execution optimizations have been disabled for 1 invalid unit(s) of work during this build to ensure correctness.
Please consult deprecation warnings for more details.

BUILD SUCCESSFUL in 9s
20 actionable tasks: 5 executed, 15 up-to-date
