  adding: vm/ApkV2Signer.cpp (stored 0%)
  adding: vm/Arm64Syscall.cpp (stored 0%)
  adding: vm/CMakeLists.txt (stored 0%)
  adding: vm/Demand.cpp (stored 0%)
  adding: vm/DexCatch.cpp (stored 0%)
  adding: vm/DexCatch.h (stored 0%)
  adding: vm/DexOpcodes.h (stored 0%)
  adding: vm/Exception.cpp (stored 0%)
  adding: vm/Exception.h (stored 0%)
  adding: vm/GlobalCache.cpp (stored 0%)
  adding: vm/include/ApkV2Signer.h (stored 0%)
  adding: vm/include/Arm64Syscall.h (stored 0%)
  adding: vm/include/Common.h (stored 0%)
  adding: vm/include/GlobalCache.h (stored 0%)
  adding: vm/include/JNIWrapper.h (stored 0%)
  adding: vm/include/NativeFormats.h (stored 0%)
  adding: vm/include/NativeProgramConfig.h (stored 0%)
  adding: vm/include/NativeVm.h (stored 0%)
  adding: vm/include/PrivateLoaderState.h (stored 0%)
  adding: vm/include/ScopedLocalRef.h (stored 0%)
  adding: vm/include/Sha256.h (stored 0%)
  adding: vm/include/vm.h (stored 0%)
  adding: vm/include/VmBinding.h (stored 0%)
  adding: vm/include/VmCodec.h (stored 0%)
  adding: vm/include/VmCodecConfig.h (stored 0%)
  adding: vm/include/VmDecodedState.h (stored 0%)
  adding: vm/include/VmInit.h (stored 0%)
  adding: vm/include/VmReader.h (stored 0%)
  adding: vm/include/VmReaderFormats.h (stored 0%)
  adding: vm/Interp.cpp (stored 0%)
  adding: vm/Interp.h (stored 0%)
  adding: vm/InterpC-portable.cpp (stored 0%)
  adding: vm/JNIWrapper.c (stored 0%)
  adding: vm/Leb128.h (stored 0%)
  adding: vm/Module.cpp (stored 0%)
  adding: vm/NativeVm.c (stored 0%)
  adding: vm/Sha256.cpp (stored 0%)
  adding: vm/VmBinding.cpp (stored 0%)
  adding: vm/VmCodec.cpp (stored 0%)
  adding: vm/VmInit.c (stored 0%)
  adding: cutils/log.h (stored 0%)
  adding: ConstantPool.c (stored 0%)
  adding: ConstantPool.h (stored 0%)
  adding: vm/CMakeLists.txt (stored 0%)
  adding: CMakeLists.txt (stored 0%)
  adding: loader/.gitignore (stored 0%)
  adding: loader/Bootstrap.h (stored 0%)
  adding: loader/Envelope.c (stored 0%)
  adding: loader/Envelope.h (stored 0%)
  adding: loader/inner.exports (stored 0%)
  adding: loader/InnerBootstrap.c (stored 0%)
  adding: loader/LICENSE (stored 0%)
  adding: loader/Loader.c (stored 0%)
  adding: loader/Loader.h (stored 0%)
  adding: loader/LoaderVersion.h (stored 0%)
  adding: loader/native_formats.py (stored 0%)
  adding: loader/Once.c (stored 0%)
  adding: loader/Once.h (stored 0%)
  adding: loader/Outer.c (stored 0%)
  adding: loader/outer.exports (stored 0%)
  adding: loader/pack.py (stored 0%)
  adding: loader/PrivateLinker.cmake (stored 0%)
  adding: loader/Seal.java (stored 0%)
  adding: loader/Stage0.c (stored 0%)
  adding: loader/Stage0.h (stored 0%)
  adding: loader/stage0.py (stored 0%)
  adding: loader/vendor/monocypher/LICENCE.md (stored 0%)
  adding: loader/vendor/monocypher/monocypher.c (stored 0%)
  adding: loader/vendor/monocypher/monocypher.h (stored 0%)
