Applications Memory Usage (in Kilobytes):
Uptime: 42547697 Realtime: 42547697

** MEMINFO in pid 15693 [org.savior.sync] **
                   Pss  Private  Private  SwapPss     Heap     Heap     Heap
                 Total    Dirty    Clean    Dirty     Size    Alloc     Free
                ------   ------   ------   ------   ------   ------   ------
  Native Heap     9094     9068        0        0    14336    11939     2396
  Dalvik Heap     5462     5444        0        0     8288     4144     4144
 Dalvik Other     3221     3220        0        0                           
        Stack      448      448        0        0                           
       Ashmem        2        0        0        0                           
      Gfx dev     1756     1756        0        0                           
    Other dev       16        0       16        0                           
     .so mmap     3305      284      592        0                           
    .apk mmap      354        0        4        0                           
    .ttf mmap      219        0       24        0                           
    .dex mmap     7057        4     6532        0                           
    .oat mmap     1183        0      180        0                           
    .art mmap      832      628        4        0                           
   Other mmap       34        4        4        0                           
   EGL mtrack    18524    18524        0        0                           
    GL mtrack     2788     2788        0        0                           
      Unknown     1104     1080        0        0                           
        TOTAL    55399    43248     7356        0    22624    16083     6540
 
 App Summary
                       Pss(KB)
                        ------
           Java Heap:     6076
         Native Heap:     9068
                Code:     7620
               Stack:      448
            Graphics:    23068
       Private Other:     4324
              System:     4795
 
               TOTAL:    55399       TOTAL SWAP PSS:        0
 
 Objects
               Views:       10         ViewRootImpl:        2
         AppContexts:        3           Activities:        1
              Assets:        2        AssetManagers:        3
       Local Binders:       18        Proxy Binders:       25
       Parcel memory:        6         Parcel count:       20
    Death Recipients:        2      OpenSSL Sockets:        0
            WebViews:        0
 
 SQL
         MEMORY_USED:        0
  PAGECACHE_OVERFLOW:        0          MALLOC_SIZE:        0
 
