Applications Memory Usage (in Kilobytes):
Uptime: 43082025 Realtime: 43082025

** MEMINFO in pid 7668 [org.savior.sync] **
                   Pss  Private  Private  SwapPss     Heap     Heap     Heap
                 Total    Dirty    Clean    Dirty     Size    Alloc     Free
                ------   ------   ------   ------   ------   ------   ------
  Native Heap     8910     8884        0        0    14336    11871     2464
  Dalvik Heap     3758     3740        0        0     8141     4071     4070
 Dalvik Other     3497     3496        0        0                           
        Stack      448      448        0        0                           
       Ashmem        2        0        0        0                           
      Gfx dev     1756     1756        0        0                           
    Other dev       12        0       12        0                           
     .so mmap     3305      284      592        0                           
    .apk mmap      283        0        4        0                           
    .ttf mmap      221        0       24        0                           
    .dex mmap     6991        4     6468        0                           
    .oat mmap     1184        0      176        0                           
    .art mmap      827      628        0        0                           
   Other mmap       34        4        4        0                           
   EGL mtrack    18524    18524        0        0                           
    GL mtrack     2788     2788        0        0                           
      Unknown     1124     1100        0        0                           
        TOTAL    53664    41656     7280        0    22477    15942     6534
 
 App Summary
                       Pss(KB)
                        ------
           Java Heap:     4368
         Native Heap:     8884
                Code:     7552
               Stack:      448
            Graphics:    23068
       Private Other:     4616
              System:     4728
 
               TOTAL:    53664       TOTAL SWAP PSS:        0
 
 Objects
               Views:       10         ViewRootImpl:        2
         AppContexts:        3           Activities:        1
              Assets:        2        AssetManagers:        3
       Local Binders:       18        Proxy Binders:       25
       Parcel memory:        6         Parcel count:       22
    Death Recipients:        2      OpenSSL Sockets:        0
            WebViews:        0
 
 SQL
         MEMORY_USED:        0
  PAGECACHE_OVERFLOW:        0          MALLOC_SIZE:        0
 
