Applications Memory Usage (in Kilobytes):
Uptime: 42332651 Realtime: 42332651

** MEMINFO in pid 8534 [org.savior.sync] **
                   Pss  Private  Private  SwapPss     Heap     Heap     Heap
                 Total    Dirty    Clean    Dirty     Size    Alloc     Free
                ------   ------   ------   ------   ------   ------   ------
  Native Heap     9668     9640        0        0    16384    12662     3721
  Dalvik Heap     4510     4492        0        0     7872     3936     3936
 Dalvik Other     2621     2620        0        0                           
        Stack      440      440        0        0                           
       Ashmem        2        0        0        0                           
      Gfx dev     1780     1780        0        0                           
    Other dev       12        0       12        0                           
     .so mmap     3307      284      592        0                           
    .apk mmap      354        0        4        0                           
    .ttf mmap      219        0       24        0                           
    .dex mmap     7076        4     6548        0                           
    .oat mmap     1207        0      180        0                           
    .art mmap      832      628        4        0                           
   Other mmap       34        4        4        0                           
   EGL mtrack    18524    18524        0        0                           
    GL mtrack     2824     2824        0        0                           
      Unknown     1104     1080        0        0                           
        TOTAL    54514    42320     7368        0    24256    16598     7657
 
 App Summary
                       Pss(KB)
                        ------
           Java Heap:     5124
         Native Heap:     9640
                Code:     7636
               Stack:      440
            Graphics:    23128
       Private Other:     3720
              System:     4826
 
               TOTAL:    54514       TOTAL SWAP PSS:        0
 
 Objects
               Views:       10         ViewRootImpl:        2
         AppContexts:        3           Activities:        1
              Assets:        2        AssetManagers:        3
       Local Binders:       18        Proxy Binders:       24
       Parcel memory:        6         Parcel count:       20
    Death Recipients:        2      OpenSSL Sockets:        0
            WebViews:        0
 
 SQL
         MEMORY_USED:        0
  PAGECACHE_OVERFLOW:        0          MALLOC_SIZE:        0
 
