Applications Memory Usage (in Kilobytes):
Uptime: 43205101 Realtime: 43205101

** MEMINFO in pid 13242 [org.savior.sync] **
                   Pss  Private  Private  SwapPss     Heap     Heap     Heap
                 Total    Dirty    Clean    Dirty     Size    Alloc     Free
                ------   ------   ------   ------   ------   ------   ------
  Native Heap     8916     8888        0        0    16384    11559     4824
  Dalvik Heap     3490     3472        0        0     8406     4203     4203
 Dalvik Other     2981     2980        0        0                           
        Stack      448      448        0        0                           
       Ashmem        2        0        0        0                           
      Gfx dev     1508     1508        0        0                           
    Other dev       12        0       12        0                           
     .so mmap     3395      184      780        0                           
    .apk mmap      350        0        0        0                           
    .ttf mmap      221        0       24        0                           
    .dex mmap     7009        4     6488        0                           
    .oat mmap     1203        0      188        0                           
    .art mmap      832      628        4        0                           
   Other mmap       34        4        4        0                           
   EGL mtrack    18524    18524        0        0                           
    GL mtrack     2788     2788        0        0                           
      Unknown     1927     1904        0        0                           
        TOTAL    53640    41332     7500        0    24790    15762     9027
 
 App Summary
                       Pss(KB)
                        ------
           Java Heap:     4104
         Native Heap:     8888
                Code:     7668
               Stack:      448
            Graphics:    22820
       Private Other:     4904
              System:     4808
 
               TOTAL:    53640       TOTAL SWAP PSS:        0
 
 Objects
               Views:       10         ViewRootImpl:        2
         AppContexts:        3           Activities:        1
              Assets:        2        AssetManagers:        3
       Local Binders:       18        Proxy Binders:       25
       Parcel memory:        6         Parcel count:       20
    Death Recipients:        2      OpenSSL Sockets:        0
            WebViews:        0
 
 SQL
         MEMORY_USED:        0
  PAGECACHE_OVERFLOW:        0          MALLOC_SIZE:        0
 
