Applications Memory Usage (in Kilobytes):
Uptime: 42319003 Realtime: 42319003

** MEMINFO in pid 8128 [org.savior.sync] **
                   Pss  Private  Private  SwapPss     Heap     Heap     Heap
                 Total    Dirty    Clean    Dirty     Size    Alloc     Free
                ------   ------   ------   ------   ------   ------   ------
  Native Heap     9404     9372        0        0    16384    12051     4332
  Dalvik Heap     4130     4112        0        0     8126     4063     4063
 Dalvik Other    13497    13496        0        0                           
        Stack      456      456        0        0                           
       Ashmem        2        0        0        0                           
      Gfx dev     1752     1752        0        0                           
    Other dev       12        0       12        0                           
     .so mmap     3395      184      780        0                           
    .apk mmap      350        0        0        0                           
    .ttf mmap      219        0       24        0                           
    .dex mmap     7065        4     6540        0                           
    .oat mmap     1204        0      180        0                           
    .art mmap      832      628        4        0                           
   Other mmap       34        4        4        0                           
   EGL mtrack    18524    18524        0        0                           
    GL mtrack     2792     2792        0        0                           
      Unknown     1951     1928        0        0                           
        TOTAL    65619    53252     7544        0    24510    16114     8395
 
 App Summary
                       Pss(KB)
                        ------
           Java Heap:     4744
         Native Heap:     9372
                Code:     7712
               Stack:      456
            Graphics:    23068
       Private Other:    15444
              System:     4823
 
               TOTAL:    65619       TOTAL SWAP PSS:        0
 
 Objects
               Views:       10         ViewRootImpl:        2
         AppContexts:        3           Activities:        1
              Assets:        2        AssetManagers:        3
       Local Binders:       18        Proxy Binders:       25
       Parcel memory:        6         Parcel count:       20
    Death Recipients:        2      OpenSSL Sockets:        0
            WebViews:        0
 
 SQL
         MEMORY_USED:        0
  PAGECACHE_OVERFLOW:        0          MALLOC_SIZE:        0
 
