Applications Memory Usage (in Kilobytes):
Uptime: 42842145 Realtime: 42842145

** MEMINFO in pid 27375 [org.savior.sync] **
                   Pss  Private  Private  SwapPss     Heap     Heap     Heap
                 Total    Dirty    Clean    Dirty     Size    Alloc     Free
                ------   ------   ------   ------   ------   ------   ------
  Native Heap     9246     9216        0        0    14336    12058     2277
  Dalvik Heap     4426     4408        0        0     7885     3943     3942
 Dalvik Other     2621     2620        0        0                           
        Stack      448      448        0        0                           
       Ashmem        2        0        0        0                           
      Gfx dev     1756     1756        0        0                           
    Other dev       12        0       12        0                           
     .so mmap     3393      184      780        0                           
    .apk mmap      350        0        0        0                           
    .ttf mmap      221        0       24        0                           
    .dex mmap     6958        4     6456        0                           
    .oat mmap     1174        0      180        0                           
    .art mmap      827      628        0        0                           
   Other mmap       34        4        4        0                           
   EGL mtrack    18524    18524        0        0                           
    GL mtrack     2788     2788        0        0                           
      Unknown     1963     1940        0        0                           
        TOTAL    54743    42520     7456        0    22221    16001     6219
 
 App Summary
                       Pss(KB)
                        ------
           Java Heap:     5036
         Native Heap:     9216
                Code:     7628
               Stack:      448
            Graphics:    23068
       Private Other:     4580
              System:     4767
 
               TOTAL:    54743       TOTAL SWAP PSS:        0
 
 Objects
               Views:       10         ViewRootImpl:        2
         AppContexts:        3           Activities:        1
              Assets:        2        AssetManagers:        3
       Local Binders:       18        Proxy Binders:       25
       Parcel memory:        6         Parcel count:       22
    Death Recipients:        2      OpenSSL Sockets:        0
            WebViews:        0
 
 SQL
         MEMORY_USED:        0
  PAGECACHE_OVERFLOW:        0          MALLOC_SIZE:        0
 
