Applications Memory Usage (in Kilobytes):
Uptime: 42560524 Realtime: 42560524

** MEMINFO in pid 16100 [org.savior.sync] **
                   Pss  Private  Private  SwapPss     Heap     Heap     Heap
                 Total    Dirty    Clean    Dirty     Size    Alloc     Free
                ------   ------   ------   ------   ------   ------   ------
  Native Heap     9104     9072        0        0    14336    12009     2326
  Dalvik Heap     5302     5284        0        0     8099     4050     4049
 Dalvik Other     5141     5140        0        0                           
        Stack      448      448        0        0                           
       Ashmem        2        0        0        0                           
      Gfx dev     1756     1756        0        0                           
    Other dev       12        0       12        0                           
     .so mmap     3393      184      780        0                           
    .apk mmap      350        0        0        0                           
    .ttf mmap      219        0       24        0                           
    .dex mmap     7018        4     6492        0                           
    .oat mmap     1185        0      180        0                           
    .art mmap      832      628        4        0                           
   Other mmap       34        4        4        0                           
   EGL mtrack    18524    18524        0        0                           
    GL mtrack     2788     2788        0        0                           
      Unknown     1955     1932        0        0                           
        TOTAL    58063    45764     7496        0    22435    16059     6375
 
 App Summary
                       Pss(KB)
                        ------
           Java Heap:     5916
         Native Heap:     9072
                Code:     7664
               Stack:      448
            Graphics:    23068
       Private Other:     7092
              System:     4803
 
               TOTAL:    58063       TOTAL SWAP PSS:        0
 
 Objects
               Views:       10         ViewRootImpl:        2
         AppContexts:        3           Activities:        1
              Assets:        2        AssetManagers:        3
       Local Binders:       18        Proxy Binders:       25
       Parcel memory:        6         Parcel count:       22
    Death Recipients:        2      OpenSSL Sockets:        0
            WebViews:        0
 
 SQL
         MEMORY_USED:        0
  PAGECACHE_OVERFLOW:        0          MALLOC_SIZE:        0
 
