Applications Memory Usage (in Kilobytes):
Uptime: 43218841 Realtime: 43218841

** MEMINFO in pid 13867 [org.savior.sync] **
                   Pss  Private  Private  SwapPss     Heap     Heap     Heap
                 Total    Dirty    Clean    Dirty     Size    Alloc     Free
                ------   ------   ------   ------   ------   ------   ------
  Native Heap     9112     9088        0        0    14336    11968     2367
  Dalvik Heap     4326     4308        0        0     7889     3945     3944
 Dalvik Other     3897     3896        0        0                           
        Stack      428      428        0        0                           
       Ashmem        2        0        0        0                           
      Gfx dev     1756     1756        0        0                           
    Other dev       12        0       12        0                           
     .so mmap     3872      284     1156        0                           
    .apk mmap      350        0        0        0                           
    .ttf mmap      221        0       24        0                           
    .dex mmap     6986        4     6468        0                           
    .oat mmap     1181        0      180        0                           
    .art mmap      827      628        0        0                           
   Other mmap       34        4        4        0                           
   EGL mtrack    18524    18524        0        0                           
    GL mtrack     2788     2788        0        0                           
      Unknown     1236     1212        0        0                           
        TOTAL    55552    42920     7844        0    22225    15913     6311
 
 App Summary
                       Pss(KB)
                        ------
           Java Heap:     4936
         Native Heap:     9088
                Code:     8116
               Stack:      428
            Graphics:    23068
       Private Other:     5128
              System:     4788
 
               TOTAL:    55552       TOTAL SWAP PSS:        0
 
 Objects
               Views:       10         ViewRootImpl:        2
         AppContexts:        3           Activities:        1
              Assets:        2        AssetManagers:        3
       Local Binders:       18        Proxy Binders:       24
       Parcel memory:        6         Parcel count:       22
    Death Recipients:        2      OpenSSL Sockets:        0
            WebViews:        0
 
 SQL
         MEMORY_USED:        0
  PAGECACHE_OVERFLOW:        0          MALLOC_SIZE:        0
 
