Applications Memory Usage (in Kilobytes):
Uptime: 42826987 Realtime: 42826987

** MEMINFO in pid 26673 [org.savior.sync] **
                   Pss  Private  Private  SwapPss     Heap     Heap     Heap
                 Total    Dirty    Clean    Dirty     Size    Alloc     Free
                ------   ------   ------   ------   ------   ------   ------
  Native Heap     8966     8936        0        0    14336    11746     2589
  Dalvik Heap     4338     4320        0        0     8100     4066     4034
 Dalvik Other     3529     3528        0        0                           
        Stack      448      448        0        0                           
       Ashmem        2        0        0        0                           
      Gfx dev     1756     1756        0        0                           
    Other dev       12        0       12        0                           
     .so mmap     3869      284     1156        0                           
    .apk mmap      350        0        0        0                           
    .ttf mmap      221        0       24        0                           
    .dex mmap     7032        4     6508        0                           
    .oat mmap     1223        0      188        0                           
    .art mmap      832      628        4        0                           
   Other mmap       34        4        4        0                           
   EGL mtrack    18524    18524        0        0                           
    GL mtrack     2788     2788        0        0                           
      Unknown     1192     1168        0        0                           
        TOTAL    55116    42388     7896        0    22436    15812     6623
 
 App Summary
                       Pss(KB)
                        ------
           Java Heap:     4952
         Native Heap:     8936
                Code:     8164
               Stack:      448
            Graphics:    23068
       Private Other:     4716
              System:     4832
 
               TOTAL:    55116       TOTAL SWAP PSS:        0
 
 Objects
               Views:       10         ViewRootImpl:        2
         AppContexts:        3           Activities:        1
              Assets:        2        AssetManagers:        3
       Local Binders:       18        Proxy Binders:       25
       Parcel memory:        6         Parcel count:       20
    Death Recipients:        2      OpenSSL Sockets:        0
            WebViews:        0
 
 SQL
         MEMORY_USED:        0
  PAGECACHE_OVERFLOW:        0          MALLOC_SIZE:        0
 
