Applications Memory Usage (in Kilobytes):
Uptime: 42573704 Realtime: 42573704

** MEMINFO in pid 16517 [org.savior.sync] **
                   Pss  Private  Private  SwapPss     Heap     Heap     Heap
                 Total    Dirty    Clean    Dirty     Size    Alloc     Free
                ------   ------   ------   ------   ------   ------   ------
  Native Heap     9384     9352        0        0    14336    12275     2061
  Dalvik Heap     3826     3808        0        0     7876     3938     3938
 Dalvik Other     2569     2568        0        0                           
        Stack      432      432        0        0                           
       Ashmem        2        0        0        0                           
      Gfx dev     1756     1756        0        0                           
    Other dev       12        0       12        0                           
     .so mmap     3871      284     1156        0                           
    .apk mmap      350        0        0        0                           
    .ttf mmap      219        0       24        0                           
    .dex mmap     7079        4     6552        0                           
    .oat mmap     1200        0      180        0                           
    .art mmap      832      628        4        0                           
   Other mmap       34        4        4        0                           
   EGL mtrack    18524    18524        0        0                           
    GL mtrack     2788     2788        0        0                           
      Unknown     1268     1244        0        0                           
        TOTAL    54146    41392     7932        0    22212    16213     5999
 
 App Summary
                       Pss(KB)
                        ------
           Java Heap:     4440
         Native Heap:     9352
                Code:     8200
               Stack:      432
            Graphics:    23068
       Private Other:     3832
              System:     4822
 
               TOTAL:    54146       TOTAL SWAP PSS:        0
 
 Objects
               Views:       10         ViewRootImpl:        2
         AppContexts:        3           Activities:        1
              Assets:        2        AssetManagers:        3
       Local Binders:       18        Proxy Binders:       24
       Parcel memory:        6         Parcel count:       22
    Death Recipients:        2      OpenSSL Sockets:        0
            WebViews:        0
 
 SQL
         MEMORY_USED:        0
  PAGECACHE_OVERFLOW:        0          MALLOC_SIZE:        0
 
