Applications Memory Usage (in Kilobytes):
Uptime: 42306519 Realtime: 42306519

** MEMINFO in pid 7612 [org.savior.sync] **
                   Pss  Private  Private  SwapPss     Heap     Heap     Heap
                 Total    Dirty    Clean    Dirty     Size    Alloc     Free
                ------   ------   ------   ------   ------   ------   ------
  Native Heap     9264     9232        0        0    14336    12131     2204
  Dalvik Heap     4414     4396        0        0     7864     3932     3932
 Dalvik Other     2445     2444        0        0                           
        Stack      448      448        0        0                           
       Ashmem        2        0        0        0                           
      Gfx dev     1756     1756        0        0                           
    Other dev       12        0       12        0                           
     .so mmap     3869      284     1156        0                           
    .apk mmap      350        0        0        0                           
    .ttf mmap      219        0       24        0                           
    .dex mmap     7057        4     6532        0                           
    .oat mmap     1205        0      180        0                           
    .art mmap      832      628        4        0                           
   Other mmap       34        4        4        0                           
   EGL mtrack    18524    18524        0        0                           
    GL mtrack     2788     2788        0        0                           
      Unknown     1224     1200        0        0                           
        TOTAL    54443    41708     7912        0    22200    16063     6136
 
 App Summary
                       Pss(KB)
                        ------
           Java Heap:     5028
         Native Heap:     9232
                Code:     8180
               Stack:      448
            Graphics:    23068
       Private Other:     3664
              System:     4823
 
               TOTAL:    54443       TOTAL SWAP PSS:        0
 
 Objects
               Views:       10         ViewRootImpl:        2
         AppContexts:        3           Activities:        1
              Assets:        2        AssetManagers:        3
       Local Binders:       18        Proxy Binders:       24
       Parcel memory:        6         Parcel count:       22
    Death Recipients:        2      OpenSSL Sockets:        0
            WebViews:        0
 
 SQL
         MEMORY_USED:        0
  PAGECACHE_OVERFLOW:        0          MALLOC_SIZE:        0
 
