Applications Memory Usage (in Kilobytes):
Uptime: 42588303 Realtime: 42588303

** MEMINFO in pid 16987 [org.savior.sync] **
                   Pss  Private  Private  SwapPss     Heap     Heap     Heap
                 Total    Dirty    Clean    Dirty     Size    Alloc     Free
                ------   ------   ------   ------   ------   ------   ------
  Native Heap     9064     9036        0        0    14336    12057     2278
  Dalvik Heap     5586     5568        0        0     8208     4104     4104
 Dalvik Other     3505     3504        0        0                           
        Stack      452      452        0        0                           
       Ashmem        2        0        0        0                           
      Gfx dev     1756     1756        0        0                           
    Other dev       12        0       12        0                           
     .so mmap     3567      184      952        0                           
    .apk mmap      354        0        4        0                           
    .ttf mmap      219        0       24        0                           
    .dex mmap     7067        4     6544        0                           
    .oat mmap     1210        0      180        0                           
    .art mmap      832      628        4        0                           
   Other mmap       34        4        4        0                           
   EGL mtrack    18524    18524        0        0                           
    GL mtrack     2788     2788        0        0                           
      Unknown     2359     2336        0        0                           
        TOTAL    57331    44784     7724        0    22544    16161     6382
 
 App Summary
                       Pss(KB)
                        ------
           Java Heap:     6200
         Native Heap:     9036
                Code:     7892
               Stack:      452
            Graphics:    23068
       Private Other:     5860
              System:     4823
 
               TOTAL:    57331       TOTAL SWAP PSS:        0
 
 Objects
               Views:       10         ViewRootImpl:        2
         AppContexts:        3           Activities:        1
              Assets:        2        AssetManagers:        3
       Local Binders:       18        Proxy Binders:       25
       Parcel memory:        6         Parcel count:       22
    Death Recipients:        2      OpenSSL Sockets:        0
            WebViews:        0
 
 SQL
         MEMORY_USED:        0
  PAGECACHE_OVERFLOW:        0          MALLOC_SIZE:        0
 
