Applications Memory Usage (in Kilobytes):
Uptime: 43233167 Realtime: 43233167

** MEMINFO in pid 14486 [org.savior.sync] **
                   Pss  Private  Private  SwapPss     Heap     Heap     Heap
                 Total    Dirty    Clean    Dirty     Size    Alloc     Free
                ------   ------   ------   ------   ------   ------   ------
  Native Heap     9262     9232        0        0    14336    11910     2425
  Dalvik Heap     4350     4332        0        0     7880     3940     3940
 Dalvik Other     2437     2436        0        0                           
        Stack      448      448        0        0                           
       Ashmem        2        0        0        0                           
      Gfx dev     1756     1756        0        0                           
    Other dev       16        0       16        0                           
     .so mmap     3567      184      952        0                           
    .apk mmap      354        0        4        0                           
    .ttf mmap      221        0       24        0                           
    .dex mmap     7027        4     6504        0                           
    .oat mmap     1229        0      184        0                           
    .art mmap      829      628        0        0                           
   Other mmap       34        4        4        0                           
   EGL mtrack    18524    18524        0        0                           
    GL mtrack     2788     2788        0        0                           
      Unknown     2387     2364        0        0                           
        TOTAL    55231    42700     7688        0    22216    15850     6365
 
 App Summary
                       Pss(KB)
                        ------
           Java Heap:     4960
         Native Heap:     9232
                Code:     7856
               Stack:      448
            Graphics:    23068
       Private Other:     4824
              System:     4843
 
               TOTAL:    55231       TOTAL SWAP PSS:        0
 
 Objects
               Views:       10         ViewRootImpl:        2
         AppContexts:        3           Activities:        1
              Assets:        2        AssetManagers:        3
       Local Binders:       18        Proxy Binders:       24
       Parcel memory:        6         Parcel count:       22
    Death Recipients:        2      OpenSSL Sockets:        0
            WebViews:        0
 
 SQL
         MEMORY_USED:        0
  PAGECACHE_OVERFLOW:        0          MALLOC_SIZE:        0
 
