[nmmp] R8 inline match: Lorg/savior/sync/projection/ProjectionControlService;->notifyMisStatus(Lorg/savior/sync/projection/ProjectionRuntimeState;)V => Lorg/savior/sync/projection/ProjectionControlService;->onDestroy()V
[nmmp] R8 inline match: Lorg/savior/sync/projection/ProjectionControlService;->startAppProjection$default(Lorg/savior/sync/projection/ProjectionControlService;ZILjava/lang/Object;)V => Lorg/savior/sync/projection/ProjectionControlService;->onStartCommand(Landroid/content/Intent;II)I
[nmmp] R8 inline match: Lorg/savior/sync/projection/ProjectionControlService;->startAppProjection$default(Lorg/savior/sync/projection/ProjectionControlService;ZILjava/lang/Object;)V => Lorg/savior/sync/projection/ProjectionControlService;->\u05d0\u0622\u0301()V
[nmmp] R8 inline match: Lorg/savior/sync/projection/ProjectionControlService;->showBaiduOverlay(Landroid/view/Display;Lorg/savior/sync/projection/ProjectionSettingsState;)V => Lorg/savior/sync/projection/ProjectionControlService;->\u05d0\u0623\u0301()V
[nmmp] R8 inline match: Lorg/savior/sync/projection/ProjectionControlService;->showPresentation(Landroid/view/Display;Lorg/savior/sync/projection/ProjectionSettingsState;)V => Lorg/savior/sync/projection/ProjectionControlService;->\u05d0\u0623\u0301()V
[nmmp] R8 inline match: Lorg/savior/sync/projection/ProjectionControlService;->showMirrorActivity(Landroid/view/Display;Lorg/savior/sync/projection/ProjectionSettingsState;)V => Lorg/savior/sync/projection/ProjectionControlService;->\u05d0\u0623\u0301()V
[nmmp] R8 inline match: Lorg/savior/sync/projection/ProjectionControlService;->startWithProjectionPermission(ILandroid/content/Intent;)V => Lorg/savior/sync/projection/ProjectionControlService;->\u05d0\u0623\u0303(Landroid/content/Intent;I)V
[nmmp] R8 inline match: Lorg/savior/ota/IndexV2Codec;->parse([BJJ)Ljava/util/List; => L\u05d8\u0634/\u05d0\u0621\u0714;->\u05d0\u0621\u0300([BJJ)Ljava/util/ArrayList;
[nmmp] R8 inline match: Lorg/savior/ota/LocalPayloadHttpServer;->bindOrValidateClient(Ljava/net/Socket;Ljava/util/List;)Z => L\u05d8\u0634/\u05d0\u0621\u0719;->\u05d0\u0623\u0307(Ljava/net/Socket;Ljava/util/List;)V
[nmmp] R8 inline match: Lorg/savior/ota/LocalPayloadHttpServer;->headerValue(Ljava/util/List;Ljava/lang/String;)Ljava/lang/String; => L\u05d8\u0634/\u05d0\u0621\u0719;->\u05d0\u0623\u0307(Ljava/net/Socket;Ljava/util/List;)V
[nmmp] R8 inline match: Lorg/savior/ota/PlainPayloadReader;->firstRegionEndingAfter(J)I => L\u05d8\u0634/\u05d0\u0621\u071b;->\u05d0\u0621\u030a(JJLjava/io/BufferedOutputStream;)V
[nmmp] R8 inline match: Lorg/savior/ota/PlainPayloadReader;->writeRange(JJLjava/io/OutputStream;)V => L\u05d8\u0634/\u05d0\u0621\u071b;->\u05d0\u0621\u030a(JJLjava/io/BufferedOutputStream;)V
[nmmp] R8 inline match: Lorg/savior/ota/PlainPayloadReader;->readAt(JI)[B => L\u05d8\u0634/\u05d0\u0621\u071b;->\u05d0\u0621\u030a(JJLjava/io/BufferedOutputStream;)V
[nmmp] R8 inline match: Lorg/savior/ota/PlainPayloadReader;->writeDirect(JJ[BLjava/io/OutputStream;)V => L\u05d8\u0634/\u05d0\u0621\u071b;->\u05d0\u0621\u030a(JJLjava/io/BufferedOutputStream;)V
[nmmp] R8 inline match: Lorg/savior/sync/adb/AdbAppOpsReader;->runAdb(Lorg/savior/sync/adb/AdbClientManager;Ljava/lang/String;Lkotlin/coroutines/Continuation;)Ljava/lang/Object; => L\u05d8\u0636/\u05d0\u0621\u0716;->\u05d0\u0621\u0300(L\u05d8\u0636/\u05d0\u0621\u0716;L\u05d8\u0636/\u05d0\u0622\u071b;Ljava/lang/String;L\u05d7\u0622/\u05d0\u0621\u0715;)Ljava/lang/Object;
[nmmp] R8 inline match: Lorg/savior/sync/adb/AdbAppOpsReader;->parseAllOpModes(Ljava/lang/String;)Ljava/util/Map; => L\u05d8\u0636/\u05d0\u0621\u0716;->\u05d0\u0621\u0302(Ljava/lang/String;)Ljava/util/HashMap;
[nmmp] R8 inline match: Lorg/savior/sync/adb/AdbAppOpsReader;->getOpMode(Lorg/savior/sync/adb/AdbClientManager;Ljava/lang/String;Ljava/lang/String;Lkotlin/coroutines/Continuation;)Ljava/lang/Object; => L\u05d8\u0636/\u05d0\u0621\u0716;->\u05d0\u0621\u0301(L\u05d8\u0636/\u05d0\u0622\u071b;Ljava/lang/String;Ljava/lang/String;L\u05d7\u0622/\u05d0\u0621\u0715;)Ljava/lang/Object;
[nmmp] R8 inline match: Lorg/savior/sync/adb/AdbClientManager;->connectWithRetryAfterRoot(Lkotlin/coroutines/Continuation;)Ljava/lang/Object; => L\u05d8\u0636/\u05d0\u0622\u071b;->\u05d0\u0621\u0301(L\u05d8\u0636/\u05d0\u0622\u071b;L\u05d7\u0622/\u05d0\u0621\u0715;)Ljava/lang/Object;
[nmmp] R8 inline match: Lorg/savior/sync/adb/AdbClientManager;->isServiceReady(Lio/github/muntashirakon/adb/client/AdbClient;Lkotlin/coroutines/Continuation;)Ljava/lang/Object; => L\u05d8\u0636/\u05d0\u0622\u071b;->\u05d0\u0621\u030a(ILjava/util/List;Ljava/lang/String;L\u05d7\u0622/\u05d0\u0621\u0715;)Ljava/lang/Object;
[nmmp] R8 inline match: Lorg/savior/sync/adb/AdbClientManager;->createClient()Lio/github/muntashirakon/adb/client/AdbClient; => L\u05d8\u0636/\u05d0\u0622\u071b;->\u05d0\u0621\u030a(ILjava/util/List;Ljava/lang/String;L\u05d7\u0622/\u05d0\u0621\u0715;)Ljava/lang/Object;
[nmmp] R8 inline match: Lorg/savior/sync/adb/AdbClientManager;->runRootShell-0E7RQCE$default(Lorg/savior/sync/adb/AdbClientManager;Ljava/lang/String;ILkotlin/coroutines/Continuation;ILjava/lang/Object;)Ljava/lang/Object; => L\u05d8\u0636/\u05d0\u0622\u071b;->\u05d0\u0621\u0327(Ljava/lang/String;Ljava/lang/String;L\u05d7\u0622/\u05d0\u0621\u0715;)Ljava/lang/Object;
[nmmp] R8 inline match: Lorg/savior/sync/adb/AdbPackageRestorer;->enableOnePackage(Lorg/savior/sync/adb/AdbClientManager;Ljava/lang/String;Lkotlin/jvm/functions/Function1;Lkotlin/coroutines/Continuation;)Ljava/lang/Object; => L\u05d8\u0636/\u05d0\u0622\u0729;->\u05d0\u0621\u0300(L\u05d8\u0636/\u05d0\u0622\u0729;L\u05d8\u0636/\u05d0\u0622\u071b;Ljava/lang/String;L\u05d7\u062a/\u05d0\u0621\u0713;L\u05d7\u0622/\u05d0\u0621\u0715;)Ljava/lang/Object;
[nmmp] R8 inline match: Lorg/savior/sync/adb/AdbPackageRestorer;->queryDisabledPackages(Lorg/savior/sync/adb/AdbClientManager;Lkotlin/jvm/functions/Function1;Lkotlin/coroutines/Continuation;)Ljava/lang/Object; => L\u05d8\u0636/\u05d0\u0622\u0729;->\u05d0\u0621\u0301(L\u05d8\u0636/\u05d0\u0622\u0729;L\u05d8\u0636/\u05d0\u0622\u071b;L\u05d7\u062a/\u05d0\u0621\u0713;L\u05d7\u0622/\u05d0\u0621\u0715;)Ljava/lang/Object;
[nmmp] R8 inline match: Lorg/savior/sync/adb/AdbPermissionGranter;->applyAccessibilityDiff(Lorg/savior/sync/adb/AdbClientManager;Ljava/util/List;Ljava/util/List;Ljava/util/List;Ljava/util/List;Ljava/util/List;Lkotlin/jvm/functions/Function1;Lkotlin/coroutines/Continuation;)Ljava/lang/Object; => L\u05d8\u0636/\u05d0\u0623\u071a;->\u05d0\u0621\u0300(L\u05d8\u0636/\u05d0\u0623\u071a;L\u05d8\u0636/\u05d0\u0622\u071b;Ljava/util/List;Ljava/util/List;Ljava/util/List;Ljava/util/List;Ljava/util/List;L\u05d7\u062a/\u05d0\u0621\u0713;L\u05d7\u0622/\u05d0\u0621\u0715;)Ljava/lang/Object;
[nmmp] R8 inline match: Lorg/savior/sync/adb/AdbPermissionGranter;->applyAppOps(Landroid/content/Context;Lorg/savior/sync/adb/AdbClientManager;Ljava/lang/String;Ljava/util/List;Ljava/lang/String;Ljava/util/List;Ljava/util/List;Ljava/util/List;Lkotlin/jvm/functions/Function1;Lkotlin/coroutines/Continuation;)Ljava/lang/Object; => L\u05d8\u0636/\u05d0\u0623\u071a;->\u05d0\u0621\u0301(L\u05d8\u0636/\u05d0\u0623\u071a;Landroid/content/Context;L\u05d8\u0636/\u05d0\u0622\u071b;Ljava/lang/String;Ljava/util/List;Ljava/lang/String;Ljava/util/List;Ljava/util/List;Ljava/util/List;L\u05d7\u062a/\u05d0\u0621\u0713;L\u05d7\u0622/\u05d0\u0621\u0715;)Ljava/lang/Object;
[nmmp] R8 inline match: Lorg/savior/sync/adb/AdbPermissionGranter;->applyNotificationListenerDiff(Lorg/savior/sync/adb/AdbClientManager;Ljava/util/List;Ljava/util/List;Ljava/util/List;Ljava/util/List;Ljava/util/List;Lkotlin/jvm/functions/Function1;Lkotlin/coroutines/Continuation;)Ljava/lang/Object; => L\u05d8\u0636/\u05d0\u0623\u071a;->\u05d0\u0621\u0302(L\u05d8\u0636/\u05d0\u0623\u071a;L\u05d8\u0636/\u05d0\u0622\u071b;Ljava/util/List;Ljava/util/List;Ljava/util/List;Ljava/util/List;Ljava/util/List;L\u05d7\u062a/\u05d0\u0621\u0713;L\u05d7\u0622/\u05d0\u0621\u0715;)Ljava/lang/Object;
[nmmp] R8 inline match: Lorg/savior/sync/car/manager/HelperPluginManager;->tryCatch(Lkotlin/jvm/functions/Function0;)V => L\u05d8\u0637/\u05d0\u0621\u071b;->\u05d0\u0621\u0301(L\u05d7\u062a/\u05d0\u0621\u0713;)V
[nmmp] R8 inline match: Lorg/savior/sync/car/mdo/ActiveDataSyncOrchestrator$Companion;->cacheDatPaths(Lorg/savior/sync/car/mdo/MdoDataPathConfig;)V => L\u05d8\u0638/\u05d0\u0621\u0712;->\u05d0\u0621\u0300(L\u05d8\u0638/\u05d0\u0621\u0712;L\u05d8\u0638/\u05d0\u0621\u0726;)V
[nmmp] R8 inline match: Lorg/savior/sync/car/mdo/ActiveDataSyncOrchestrator;->vinTail(Ljava/lang/String;)Ljava/lang/String; => L\u05d8\u0638/\u05d0\u0621\u0719;->onActiveEvent(L\u05da\u0621/\u05d0\u0621\u071c;)V
[nmmp] R8 inline match: Lorg/savior/sync/car/mdo/MdoCrypto;->currentTenMin()Ljava/lang/String; => L\u05d8\u0638/\u05d0\u0621\u0724;->\u05d0\u0621\u0302(Ljava/lang/String;)Ljava/lang/String;
[nmmp] R8 inline match: Lorg/savior/sync/car/mdo/MdoCrypto;->encryptField(Ljava/lang/String;[B)Ljava/lang/String; => L\u05d8\u0638/\u05d0\u0621\u0724;->\u05d0\u0621\u0302(Ljava/lang/String;)Ljava/lang/String;
[nmmp] R8 inline match: Lorg/savior/sync/car/mdo/MdoCrypto;->prevTenMin()Ljava/lang/String; => L\u05d8\u0638/\u05d0\u0621\u0724;->\u05d0\u0621\u0307()Ljava/util/List;
[nmmp] R8 inline match: Lorg/savior/sync/car/mdo/MdoCrypto;->currentTenMin()Ljava/lang/String; => L\u05d8\u0638/\u05d0\u0621\u0724;->\u05d0\u0621\u0307()Ljava/util/List;
[nmmp] R8 inline match: Lorg/savior/sync/car/mdo/MdoCrypto;->nextTenMin()Ljava/lang/String; => L\u05d8\u0638/\u05d0\u0621\u0724;->\u05d0\u0621\u0307()Ljava/util/List;
[nmmp] R8 inline match: Lorg/savior/sync/car/mdo/MdoDataPathConfig$Companion;->tryDecrypt(Lorg/saviorsdk/sync/sdk/http/res/MdoPathConfigRes;Ljava/lang/String;)Lorg/savior/sync/car/mdo/MdoDataPathConfig; => L\u05d8\u0638/\u05d0\u0621\u0725;->\u05d0\u0621\u0300(L\u05da\u0625/\u05d0\u0621\u0712;)L\u05d8\u0638/\u05d0\u0621\u0726;
[nmmp] R8 inline match: Lorg/savior/sync/car/mdo/MdoSysPathConfig$Companion;->tryDecrypt(Lorg/saviorsdk/sync/sdk/http/res/CoreStatusRes;Ljava/lang/String;)Lorg/savior/sync/car/mdo/MdoSysPathConfig; => L\u05d8\u0638/\u05d0\u0621\u0728;->\u05d0\u0621\u0300(L\u05da\u0625/\u05d0\u0621\u0710;)L\u05d8\u0638/\u05d0\u0621\u0729;
[nmmp] R8 inline match: Lorg/savior/sync/instrument/MisInstrumentClient;->scheduleRebind()V => L\u05d9\u0622/\u05d0\u0621\u0723;->\u05d0\u0621\u0300()V
[nmmp] R8 inline match: Lorg/savior/sync/instrument/MisInstrumentClient;->failConnection(Ljava/lang/String;)V => L\u05d9\u0622/\u05d0\u0621\u0723;->\u05d0\u0621\u0302()V
[nmmp] R8 inline match: Lorg/savior/sync/instrument/MisInstrumentClient;->scheduleRebind()V => L\u05d9\u0622/\u05d0\u0621\u0723;->\u05d0\u0621\u0302()V
[nmmp] R8 inline match: Lorg/savior/sync/projection/ProjectionControlService$showBaiduOverlay$window$1;->onError(Ljava/lang/String;Ljava/lang/Throwable;)V => L\u05d9\u0624/\u05d0\u0623\u071c;->\u05d0\u0621\u0300(Ljava/lang/String;)V
[nmmp] R8 inline match: Lorg/savior/sync/receiver/MediaReceiver;->stopFM(Landroid/content/Context;)V => L\u05d9\u0625/\u05d0\u0621\u0716;->onReceive(Landroid/content/Context;Landroid/content/Intent;)V
[nmmp] R8 inline match: Lorg/savior/sync/receiver/ThirdLogReceiver;->decryptData(Ljava/lang/String;)Lorg/json/JSONObject; => L\u05d9\u0625/\u05d0\u0621\u0718;->onReceive(Landroid/content/Context;Landroid/content/Intent;)V
[nmmp] R8 inline match: Lorg/savior/sync/receiver/ThirdLogReceiver;->getTimeWindow(J)J => L\u05d9\u0625/\u05d0\u0621\u0718;->onReceive(Landroid/content/Context;Landroid/content/Intent;)V
[nmmp] R8 inline match: Lorg/savior/sync/receiver/ThirdLogReceiver;->tryDecrypt(Ljava/lang/String;J)Lorg/json/JSONObject; => L\u05d9\u0625/\u05d0\u0621\u0718;->onReceive(Landroid/content/Context;Landroid/content/Intent;)V
[nmmp] R8 inline match: Lorg/savior/sync/service/QQMusic;->sendSwitchMusicScreen(Ljava/lang/String;Ljava/lang/String;Ljava/lang/String;Ljava/lang/String;)V => L\u05d9\u0627/\u05d0\u0622\u071f;->\u05d0\u0621\u0302(L\u05d9\u0627/\u05d0\u0622\u071f;Ljava/lang/String;Ljava/lang/String;Ljava/lang/String;)V
[nmmp] R8 inline match: Lorg/savior/sync/service/QQMusic;->handleUpdateSong(Ljava/lang/String;Ljava/lang/String;Ljava/lang/String;)V => L\u05d9\u0627/\u05d0\u0622\u071f;->\u05d0\u0621\u0302(L\u05d9\u0627/\u05d0\u0622\u071f;Ljava/lang/String;Ljava/lang/String;Ljava/lang/String;)V
[nmmp] R8 inline match: Lorg/savior/sync/service/QQMusic;->handleUpdateState(Lorg/json/JSONObject;Ljava/lang/String;Ljava/lang/String;Ljava/lang/String;Lkotlin/coroutines/Continuation;)Ljava/lang/Object; => L\u05d9\u0627/\u05d0\u0622\u071f;->\u05d0\u0621\u0303(L\u05d9\u0627/\u05d0\u0622\u071f;Lorg/json/JSONObject;Ljava/lang/String;Ljava/lang/String;Ljava/lang/String;L\u05d7\u0622/\u05d0\u0621\u0715;)Ljava/lang/Object;
[nmmp] R8 inline match: Lorg/savior/sync/service/QQMusic;->checkLock(Ljava/lang/String;J)Z => L\u05d9\u0627/\u05d0\u0622\u071f;->\u05d0\u0621\u0308(JLjava/lang/String;)Z
[nmmp] R8 inline match: Lorg/savior/sync/service/QQMusic;->sendToScreen(Ljava/lang/String;Ljava/lang/String;Ljava/lang/String;JLjava/lang/String;JJ)V => L\u05d9\u0627/\u05d0\u0622\u071f;->\u05d0\u0621\u0328(Ljava/lang/String;Ljava/lang/String;Ljava/lang/String;JJL\u05d7\u0622/\u05d0\u0621\u0715;)Ljava/lang/Object;
[nmmp] R8 inline match: Lorg/savior/sync/service/remote/RemoteAssistExecutor;->waitCorePatchComplete(JLorg/savior/sync/car/mdo/CorePatchOrchestrator;)Lorg/savior/sync/car/mdo/Phase; => L\u05d9\u0628/\u05d0\u0621\u0717;->\u05d0\u0621\u0301(Ljava/lang/String;)V
[nmmp] R8 inline match: Lorg/savior/sync/systemota/SystemOtaCoordinator$OtaRun;->cleanupResources()V => L\u05d9\u062b/\u05d0\u0623\u0713;->\u05d0\u0621\u0300(L\u05d9\u062b/\u05d0\u0623\u0713;)V
[nmmp] R8 inline match: Lorg/savior/sync/systemota/SystemOtaCoordinator$OtaRun;->access$get_state$p(Lorg/savior/sync/systemota/SystemOtaCoordinator$OtaRun;)Lkotlinx/coroutines/flow/MutableStateFlow; => L\u05d9\u062b/\u05d0\u0623\u0713;->\u05d0\u0621\u0303(L\u05d9\u062b/\u05d0\u0623\u0713;Ljava/lang/String;[ILjava/util/concurrent/atomic/AtomicInteger;)Ljava/lang/String;
[nmmp] R8 inline match: Lorg/savior/sync/systemota/SystemOtaCoordinator$OtaRun;->handleClientOutput(Ljava/lang/String;[ILjava/util/concurrent/atomic/AtomicInteger;)Ljava/lang/String; => L\u05d9\u062b/\u05d0\u0623\u0713;->\u05d0\u0621\u0303(L\u05d9\u062b/\u05d0\u0623\u0713;Ljava/lang/String;[ILjava/util/concurrent/atomic/AtomicInteger;)Ljava/lang/String;
[nmmp] R8 inline match: Lorg/savior/sync/systemota/SystemOtaCoordinator$OtaRun;->appendLog$default(Lorg/savior/sync/systemota/SystemOtaCoordinator$OtaRun;Ljava/lang/String;ZZILjava/lang/Object;)V => L\u05d9\u062b/\u05d0\u0623\u0713;->\u05d0\u0621\u0303(L\u05d9\u062b/\u05d0\u0623\u0713;Ljava/lang/String;[ILjava/util/concurrent/atomic/AtomicInteger;)Ljava/lang/String;
[nmmp] R8 inline match: Lorg/savior/sync/systemota/SystemOtaCoordinator$OtaRun;->handleEngineStatusUpdate(Lorg/savior/sync/systemota/UpdateEngineStatusUpdate;[ILjava/util/concurrent/atomic/AtomicInteger;)V => L\u05d9\u062b/\u05d0\u0623\u0713;->\u05d0\u0621\u0303(L\u05d9\u062b/\u05d0\u0623\u0713;Ljava/lang/String;[ILjava/util/concurrent/atomic/AtomicInteger;)Ljava/lang/String;
[nmmp] R8 inline match: Lorg/savior/sync/systemota/SystemOtaCoordinator$OtaRun;->updateEngineProgress(D[I)V => L\u05d9\u062b/\u05d0\u0623\u0713;->\u05d0\u0621\u0303(L\u05d9\u062b/\u05d0\u0623\u0713;Ljava/lang/String;[ILjava/util/concurrent/atomic/AtomicInteger;)Ljava/lang/String;
[nmmp] R8 inline match: Lorg/savior/sync/systemota/SystemOtaCoordinator$OtaRun;->access$getFinishing$p(Lorg/savior/sync/systemota/SystemOtaCoordinator$OtaRun;)Z => L\u05d9\u062b/\u05d0\u0623\u0713;->\u05d0\u0621\u0303(L\u05d9\u062b/\u05d0\u0623\u0713;Ljava/lang/String;[ILjava/util/concurrent/atomic/AtomicInteger;)Ljava/lang/String;
[nmmp] R8 inline match: Lorg/savior/sync/systemota/SystemOtaCoordinator$OtaRun;->startForegroundService()V => L\u05d9\u062b/\u05d0\u0623\u0713;->\u05d0\u0621\u0307(L\u05d9\u062b/\u05d0\u0623\u0713;)V
[nmmp] R8 inline match: Lorg/savior/sync/systemota/SystemOtaCoordinator$OtaRun;->slotOutputForLog(Ljava/lang/String;)Ljava/lang/String; => L\u05d9\u062b/\u05d0\u0623\u0713;->\u05d0\u0623\u0302(Ljava/lang/String;)V
[nmmp] R8 inline match: Lorg/savior/sync/systemota/SystemOtaCoordinator$OtaRun;->updateEngineCompletionCodeText(Ljava/lang/String;)Ljava/lang/String; => L\u05d9\u062b/\u05d0\u0623\u0713;->\u05d0\u0623\u0308(Ljava/lang/String;)Ljava/lang/Integer;
[nmmp] R8 inline match: Lorg/savior/sync/systemota/SystemOtaCoordinator$OtaRun;->updateEngineFailureReason(Ljava/lang/String;I)Ljava/lang/String; => L\u05d9\u062b/\u05d0\u0623\u0713;->\u05d0\u0623\u030a(ILjava/lang/String;)Ljava/lang/String;
[nmmp] R8 inline match: Lorg/savior/sync/systemota/SystemOtaCoordinator$OtaRun;->updateEngineCompletionCodeText(Ljava/lang/String;)Ljava/lang/String; => L\u05d9\u062b/\u05d0\u0623\u0713;->\u05d0\u0623\u030a(ILjava/lang/String;)Ljava/lang/String;
[nmmp] R8 inline match: Lorg/savior/sync/systemota/SystemOtaCoordinator$OtaRun;->access$get_state$p(Lorg/savior/sync/systemota/SystemOtaCoordinator$OtaRun;)Lkotlinx/coroutines/flow/MutableStateFlow; => L\u05d9\u062b/\u05d0\u0623\u0713;->\u05d0\u0621\u0308(Ljava/lang/String;Z)V
[nmmp] R8 inline match: Lorg/savior/sync/systemota/SystemOtaCoordinator$OtaRun;->access$getFinishing$p(Lorg/savior/sync/systemota/SystemOtaCoordinator$OtaRun;)Z => L\u05d9\u062b/\u05d0\u0623\u0713;->\u05d0\u0621\u0308(Ljava/lang/String;Z)V
[nmmp] R8 inline match: Lorg/savior/sync/systemota/SystemOtaCoordinator$OtaRun;->appendLog(Ljava/lang/String;ZZ)V => L\u05d9\u062b/\u05d0\u0623\u0713;->\u05d0\u0621\u0308(Ljava/lang/String;Z)V
[nmmp] R8 inline match: Lorg/savior/sync/systemota/SystemOtaCoordinator$OtaRun;->appendLog$default(Lorg/savior/sync/systemota/SystemOtaCoordinator$OtaRun;Ljava/lang/String;ZZILjava/lang/Object;)V => L\u05d9\u062b/\u05d0\u0623\u0713;->\u05d0\u0621\u0327(L\u05d8\u0634/\u05d0\u0621\u071c;)Ljava/lang/String;
[nmmp] R8 inline match: Lorg/savior/sync/systemota/SystemOtaCoordinator$OtaRun;->appendLog$default(Lorg/savior/sync/systemota/SystemOtaCoordinator$OtaRun;Ljava/lang/String;ZZILjava/lang/Object;)V => L\u05d9\u062b/\u05d0\u0623\u0713;->\u05d0\u0621\u0328(Ljava/lang/String;)V
[nmmp] R8 inline match: Lorg/savior/sync/systemota/SystemOtaCoordinator$OtaRun;->access$get_state$p(Lorg/savior/sync/systemota/SystemOtaCoordinator$OtaRun;)Lkotlinx/coroutines/flow/MutableStateFlow; => L\u05d9\u062b/\u05d0\u0623\u0713;->\u05d0\u0622\u0300(Ljava/lang/String;Ljava/lang/String;)V
[nmmp] R8 inline match: Lorg/savior/sync/systemota/SystemOtaCoordinator$OtaRun;->appendLog$default(Lorg/savior/sync/systemota/SystemOtaCoordinator$OtaRun;Ljava/lang/String;ZZILjava/lang/Object;)V => L\u05d9\u062b/\u05d0\u0623\u0713;->\u05d0\u0622\u0300(Ljava/lang/String;Ljava/lang/String;)V
[nmmp] R8 inline match: Lorg/savior/sync/systemota/SystemOtaCoordinator$OtaRun;->access$getFinishing$p(Lorg/savior/sync/systemota/SystemOtaCoordinator$OtaRun;)Z => L\u05d9\u062b/\u05d0\u0623\u0713;->\u05d0\u0622\u0300(Ljava/lang/String;Ljava/lang/String;)V
[nmmp] R8 inline match: Lorg/savior/sync/systemota/SystemOtaCoordinator$OtaRun;->appendLog$default(Lorg/savior/sync/systemota/SystemOtaCoordinator$OtaRun;Ljava/lang/String;ZZILjava/lang/Object;)V => L\u05d9\u062b/\u05d0\u0623\u0713;->\u05d0\u0622\u0301()V
[nmmp] R8 inline match: Lorg/savior/sync/systemota/SystemOtaCoordinator$OtaRun;->finishUnconfirmed(Ljava/lang/String;)V => L\u05d9\u062b/\u05d0\u0623\u0713;->\u05d0\u0622\u0301()V
[nmmp] R8 inline match: Lorg/savior/sync/systemota/SystemOtaCoordinator$OtaRun;->access$get_state$p(Lorg/savior/sync/systemota/SystemOtaCoordinator$OtaRun;)Lkotlinx/coroutines/flow/MutableStateFlow; => L\u05d9\u062b/\u05d0\u0623\u0713;->\u05d0\u0622\u0307(Ljava/lang/String;)V
[nmmp] R8 inline match: Lorg/savior/sync/systemota/SystemOtaCoordinator$OtaRun;->appendLog$default(Lorg/savior/sync/systemota/SystemOtaCoordinator$OtaRun;Ljava/lang/String;ZZILjava/lang/Object;)V => L\u05d9\u062b/\u05d0\u0623\u0713;->\u05d0\u0622\u0307(Ljava/lang/String;)V
[nmmp] R8 inline match: Lorg/savior/sync/systemota/SystemOtaCoordinator$OtaRun;->access$getFinishing$p(Lorg/savior/sync/systemota/SystemOtaCoordinator$OtaRun;)Z => L\u05d9\u062b/\u05d0\u0623\u0713;->\u05d0\u0622\u0307(Ljava/lang/String;)V
[nmmp] R8 inline match: Lorg/savior/sync/systemota/SystemOtaCoordinator$OtaRun;->parseBootSlot(Ljava/lang/String;)Ljava/lang/String; => L\u05d9\u062b/\u05d0\u0623\u0713;->\u05d0\u0622\u030a(L\u05d8\u0636/\u05d0\u0622\u071b;L\u05d7\u0622/\u05d0\u0621\u0715;)Ljava/lang/Object;
[nmmp] R8 inline match: Lorg/savior/sync/systemota/SystemOtaCoordinator$OtaRun;->parseBootSlot(Ljava/lang/String;)Ljava/lang/String; => L\u05d9\u062b/\u05d0\u0623\u0713;->\u05d0\u0622\u0327(L\u05d8\u0636/\u05d0\u0622\u071b;L\u05d7\u0622/\u05d0\u0621\u0715;)Ljava/lang/Object;
[nmmp] R8 inline match: Lorg/savior/sync/systemota/SystemOtaCoordinator$OtaRun;->access$get_state$p(Lorg/savior/sync/systemota/SystemOtaCoordinator$OtaRun;)Lkotlinx/coroutines/flow/MutableStateFlow; => L\u05d9\u062b/\u05d0\u0623\u0713;->\u05d0\u0622\u0332()V
[nmmp] R8 inline match: Lorg/savior/sync/systemota/SystemOtaCoordinator$OtaRun;->access$getFinishing$p(Lorg/savior/sync/systemota/SystemOtaCoordinator$OtaRun;)Z => L\u05d9\u062b/\u05d0\u0623\u0713;->\u05d0\u0622\u0332()V
[nmmp] R8 inline match: Lorg/savior/sync/systemota/SystemOtaCoordinator$OtaRun;->access$get_state$p(Lorg/savior/sync/systemota/SystemOtaCoordinator$OtaRun;)Lkotlinx/coroutines/flow/MutableStateFlow; => L\u05d9\u062b/\u05d0\u0623\u0713;->\u05d0\u0623\u0303(Ljava/io/File;)V
[nmmp] R8 inline match: Lorg/savior/sync/systemota/SystemOtaCoordinator$OtaRun;->appendLog$default(Lorg/savior/sync/systemota/SystemOtaCoordinator$OtaRun;Ljava/lang/String;ZZILjava/lang/Object;)V => L\u05d9\u062b/\u05d0\u0623\u0713;->\u05d0\u0623\u0303(Ljava/io/File;)V
[nmmp] R8 inline match: Lorg/savior/sync/systemota/SystemOtaCoordinator$OtaRun;->access$getFinishing$p(Lorg/savior/sync/systemota/SystemOtaCoordinator$OtaRun;)Z => L\u05d9\u062b/\u05d0\u0623\u0713;->\u05d0\u0623\u0303(Ljava/io/File;)V
[nmmp] R8 inline match: Lorg/savior/sync/systemota/SystemOtaCoordinator$OtaRun;->startTicker()V => L\u05d9\u062b/\u05d0\u0623\u0713;->\u05d0\u0623\u0303(Ljava/io/File;)V
[nmmp] R8 inline match: Lorg/savior/sync/systemota/SystemOtaCoordinator$OtaRun;->access$get_state$p(Lorg/savior/sync/systemota/SystemOtaCoordinator$OtaRun;)Lkotlinx/coroutines/flow/MutableStateFlow; => L\u05d9\u062b/\u05d0\u0623\u0713;->\u05d0\u0623\u0327(ILjava/lang/String;Z)V
[nmmp] R8 inline match: Lorg/savior/sync/systemota/SystemOtaCoordinator$OtaRun;->appendLog$default(Lorg/savior/sync/systemota/SystemOtaCoordinator$OtaRun;Ljava/lang/String;ZZILjava/lang/Object;)V => L\u05d9\u062b/\u05d0\u0623\u0713;->\u05d0\u0623\u0327(ILjava/lang/String;Z)V
[nmmp] R8 inline match: Lorg/savior/sync/systemota/SystemOtaCoordinator$OtaRun;->access$getFinishing$p(Lorg/savior/sync/systemota/SystemOtaCoordinator$OtaRun;)Z => L\u05d9\u062b/\u05d0\u0623\u0713;->\u05d0\u0623\u0327(ILjava/lang/String;Z)V
[nmmp] R8 inline match: Lorg/savior/sync/systemota/SystemOtaCoordinator$OtaRun;->access$get_state$p(Lorg/savior/sync/systemota/SystemOtaCoordinator$OtaRun;)Lkotlinx/coroutines/flow/MutableStateFlow; => L\u05d9\u062b/\u05d0\u0623\u0713;->\u05d0\u0623\u0328(L\u05d9\u062b/\u05d0\u0624\u0716;)V
[nmmp] R8 inline match: Lorg/savior/sync/systemota/SystemOtaCoordinator$OtaRun;->access$getFinishing$p(Lorg/savior/sync/systemota/SystemOtaCoordinator$OtaRun;)Z => L\u05d9\u062b/\u05d0\u0623\u0713;->\u05d0\u0623\u0328(L\u05d9\u062b/\u05d0\u0624\u0716;)V
[nmmp] R8 inline match: Lorg/savior/sync/systemota/SystemOtaCoordinator;->buildUpdateCommand(Ljava/lang/String;JLjava/lang/String;)Ljava/lang/String; => L\u05d9\u062b/\u05d0\u0623\u0714;->\u05d0\u0621\u0300(L\u05d9\u062b/\u05d0\u0623\u0714;Ljava/lang/String;JLjava/lang/String;)Ljava/lang/String;
[nmmp] R8 inline match: Lorg/savior/sync/ui/download/OtaBinInstaller;->buildDecompressCommand(Ljava/lang/String;Ljava/lang/String;Ljava/lang/String;)Ljava/lang/String; => L\u05d9\u062d/\u05d0\u062a\u0723;->\u05d0\u0621\u0300(L\u05d9\u062d/\u05d0\u062a\u0723;Ljava/lang/String;Ljava/lang/String;Ljava/lang/String;)Ljava/lang/String;
[nmmp] R8 inline match: Lorg/savior/sync/ui/download/OtaBinInstaller;->calcMd5(Ljava/io/File;)Ljava/lang/String; => L\u05d9\u062d/\u05d0\u062a\u0723;->\u05d0\u0621\u0301(L\u05d9\u062d/\u05d0\u062a\u0723;Ljava/io/File;)Ljava/lang/String;
[nmmp] R8 inline match: Lorg/savior/sync/ui/download/OtaBinInstaller;->decryptAesKey([B)[B => L\u05d9\u062d/\u05d0\u062a\u0723;->\u05d0\u0621\u0302(L\u05d9\u062d/\u05d0\u062a\u0723;[B)[B
[nmmp] R8 inline match: Lorg/savior/sync/ui/download/OtaBinInstaller;->emitDeviceLog(Ljava/lang/String;Lkotlin/jvm/functions/Function2;Lkotlin/coroutines/Continuation;)Ljava/lang/Object; => L\u05d9\u062d/\u05d0\u062a\u0723;->\u05d0\u0621\u0303(L\u05d9\u062d/\u05d0\u062a\u0723;Ljava/lang/String;L\u05d7\u062a/\u05d0\u0621\u0715;L\u05d7\u0622/\u05d0\u0621\u0715;)Ljava/lang/Object;
[nmmp] R8 inline match: Lorg/savior/sync/ui/download/OtaBinInstaller;->parseBinHeader(Ljava/io/File;)Lorg/savior/sync/ui/download/BinHeader; => L\u05d9\u062d/\u05d0\u062a\u0723;->\u05d0\u0621\u0308(L\u05d9\u062d/\u05d0\u062a\u0723;Ljava/io/File;)L\u05d9\u062d/\u05d0\u0621\u072b;
[nmmp] R8 inline match: Lorg/savior/sync/ui/download/OtaBinInstaller;->verifyMagicDetailed(Ljava/io/File;)Lorg/savior/sync/ui/download/OtaBinInstaller$MagicCheck; => L\u05d9\u062d/\u05d0\u062a\u0723;->\u05d0\u0621\u0327(L\u05d9\u062d/\u05d0\u062a\u0723;Ljava/io/File;)L\u05d9\u062d/\u05d0\u062a\u0718;
[nmmp] R8 inline match: Lorg/savior/sync/ui/download/OtaBinInstaller;->parseStatusLine(Ljava/lang/String;)Lorg/savior/sync/ui/download/OtaBinInstaller$StatusLine; => L\u05d9\u062d/\u05d0\u062a\u0723;->\u05d0\u0621\u0328(Ljava/lang/String;L\u05d7\u0622/\u05d0\u0621\u0715;)Ljava/lang/Object;
[nmmp] R8 inline match: Lorg/savior/sync/util/AccessibilityPromptUtil;->normalizeAccessibilityId(Ljava/lang/String;)Ljava/lang/String; => L\u05d9\u0633/\u05d0\u0621\u0716;->\u05d0\u0621\u0300(L\u05d9\u0633/\u05d0\u0621\u0716;Ljava/lang/String;)Ljava/lang/String;
[nmmp] R8 inline match: Lorg/savior/sync/util/AccessibilityPromptUtil;->readSettingViaAdb(Lorg/savior/sync/adb/AdbClientManager;Ljava/lang/String;Lkotlin/coroutines/Continuation;)Ljava/lang/Object; => L\u05d9\u0633/\u05d0\u0621\u0716;->\u05d0\u0621\u0301(L\u05d9\u0633/\u05d0\u0621\u0716;L\u05d8\u0636/\u05d0\u0622\u071b;Ljava/lang/String;L\u05d7\u0622/\u05d0\u0621\u0715;)Ljava/lang/Object;
[nmmp] R8 inline match: Lorg/savior/sync/util/AccessibilityPromptUtil;->silentEnableAccessibility(Landroid/content/Context;Lkotlin/coroutines/Continuation;)Ljava/lang/Object; => L\u05d9\u0633/\u05d0\u0621\u0716;->\u05d0\u0621\u0302(L\u05d9\u0633/\u05d0\u0621\u0716;Landroid/content/Context;L\u05d7\u0622/\u05d0\u0621\u0715;)Ljava/lang/Object;
[nmmp] R8 inline match: Lorg/savior/sync/util/AccessibilityPromptUtil;->promptEnableAccessibilityIfNeeded(Landroid/app/Activity;Lkotlinx/coroutines/CoroutineScope;)V => L\u05d9\u0633/\u05d0\u0621\u0716;->\u05d0\u0621\u0303(Lorg/savior/sync/MainActivity;Landroidx/lifecycle/LifecycleCoroutineScopeImpl;)V
[nmmp] R8 inline match: Lorg/saviorsdk/sync/sdk/common/ContextManager;->saveActiveInfo(Lorg/saviorsdk/sync/sdk/domain/fixed/LocalActiveInfo;)Lorg/saviorsdk/sync/sdk/domain/fixed/LocalActiveInfo; => L\u05d9\u0635/\u05d0\u0621\u0713;->\u05d0\u0621\u0300(Ljava/lang/String;)V
[nmmp] R8 inline match: Lorg/saviorsdk/sync/sdk/common/ContextManager;->saveActiveInfo(Lorg/saviorsdk/sync/sdk/domain/fixed/LocalActiveInfo;)Lorg/saviorsdk/sync/sdk/domain/fixed/LocalActiveInfo; => L\u05d9\u0635/\u05d0\u0621\u0713;->\u05d0\u0621\u0302(Ljava/lang/String;)V
[nmmp] R8 inline match: Lorg/saviorsdk/sync/sdk/common/ContextManager;->saveActiveInfo(Lorg/saviorsdk/sync/sdk/domain/fixed/LocalActiveInfo;)Lorg/saviorsdk/sync/sdk/domain/fixed/LocalActiveInfo; => L\u05d9\u0635/\u05d0\u0621\u0713;->\u05d0\u0621\u0307()L\u05d9\u0639/\u05d0\u0621\u0714;
[nmmp] R8 inline match: Lorg/saviorsdk/sync/sdk/common/GsonUtil;->fromEncryptedJson(Ljava/lang/String;Ljava/lang/Class;)Ljava/lang/Object; => L\u05d9\u0635/\u05d0\u0621\u0715;->\u05d0\u0621\u0301(Ljava/lang/String;)Ljava/lang/Object;
[nmmp] R8 inline match: Lorg/saviorsdk/sync/sdk/common/GsonUtil;->fromEncryptedJson(Ljava/lang/String;Ljava/lang/Class;Ljava/lang/String;Ljava/lang/String;)Ljava/lang/Object; => L\u05d9\u0635/\u05d0\u0621\u0715;->\u05d0\u0621\u0301(Ljava/lang/String;)Ljava/lang/Object;
[nmmp] R8 inline match: Lorg/saviorsdk/sync/sdk/common/GsonUtil;->fromEncryptedJsonToList(Ljava/lang/String;Ljava/lang/Class;)Ljava/util/List; => L\u05d9\u0635/\u05d0\u0621\u0715;->\u05d0\u0621\u0302(Ljava/lang/String;)Ljava/util/List;
[nmmp] R8 inline match: Lorg/saviorsdk/sync/sdk/common/GsonUtil;->fromEncryptedJsonToList(Ljava/lang/String;Ljava/lang/Class;Ljava/lang/String;Ljava/lang/String;)Ljava/util/List; => L\u05d9\u0635/\u05d0\u0621\u0715;->\u05d0\u0621\u0302(Ljava/lang/String;)Ljava/util/List;
[nmmp] R8 inline match: Lorg/saviorsdk/sync/sdk/common/GsonUtil;->formatVerificationCode(J)Ljava/lang/String; => L\u05d9\u0635/\u05d0\u0621\u0715;->\u05d0\u0621\u0303(Ljava/lang/String;Ljava/lang/String;)Ljava/lang/String;
[nmmp] R8 inline match: Lorg/saviorsdk/sync/sdk/common/GsonUtil;->toEncryptedJson(Ljava/lang/Object;Ljava/lang/String;Ljava/lang/String;)Ljava/lang/String; => L\u05d9\u0635/\u05d0\u0621\u0715;->\u05d0\u0621\u0307(Ljava/lang/Object;)Ljava/lang/String;
[nmmp] R8 inline match: Lorg/saviorsdk/sync/sdk/config/SaviorConfigCenter;->auth(Ljava/lang/String;Lorg/json/JSONObject;)Z => L\u05d9\u0636/\u05d0\u0621\u0710;->\u05d0\u0621\u0300(Ljava/lang/String;Lorg/json/JSONObject;)V
[nmmp] R8 inline match: Lorg/saviorsdk/sync/sdk/eventbus/handler/ActiveHandler;->maskMiddle(Ljava/lang/String;)Ljava/lang/String; => L\u05da\u0622/\u05d0\u0621\u0710;->\u05d0\u0621\u0300(Ljava/lang/String;)V
[nmmp] R8 inline match: Lorg/saviorsdk/sync/sdk/info/InfoUtil;->encode([B)Ljava/lang/String; => L\u05da\u0626/\u05d0\u0621\u0712;->\u05d0\u0621\u0300(Ljava/lang/String;Ljava/lang/String;Ljava/lang/String;Ljava/lang/String;)Ljava/lang/String;
[nmmp] R8 inline match: Lorg/saviorsdk/sync/sdk/service/Matcher;->isEmpty(Ljava/lang/String;)Z => L\u05da\u0628/\u05d0\u0621\u0717;->\u05d0\u0621\u0300(Landroid/content/Intent;)Landroid/content/Intent;
[nmmp] R8 inline match: Lorg/saviorsdk/sync/sdk/service/Matcher;->getKeyProjection()Ljava/util/Map; => L\u05da\u0628/\u05d0\u0621\u0717;->\u05d0\u0621\u0300(Landroid/content/Intent;)Landroid/content/Intent;
[nmmp] R8 inline match: Lorg/saviorsdk/sync/sdk/service/Matcher;->getValProjection()Ljava/util/Map; => L\u05da\u0628/\u05d0\u0621\u0717;->\u05d0\u0621\u0300(Landroid/content/Intent;)Landroid/content/Intent;
[nmmp] R8 inline match: Lorg/saviorsdk/sync/sdk/service/Matcher;->putObjectAsExtra(Landroid/content/Intent;Ljava/lang/String;Ljava/lang/Object;)V => L\u05da\u0628/\u05d0\u0621\u0717;->\u05d0\u0621\u0300(Landroid/content/Intent;)Landroid/content/Intent;
[nmmp] R8 inline match: Lorg/saviorsdk/sync/sdk/service/SecretServiceImpl;->getCSecret(Ljava/lang/String;Ljava/lang/String;Ljava/lang/String;Ljava/lang/String;Z)Ljava/lang/String; => L\u05da\u0628/\u05d0\u0621\u071a;->\u05d0\u0621\u0307(Ljava/lang/String;Ljava/lang/String;Ljava/lang/String;Ljava/lang/String;)V
[nmmp] R8 inline match: Lorg/saviorsdk/sync/sdk/service/SecretServiceImpl;->decryptAllSecret(Ljava/lang/String;Ljava/lang/String;Ljava/lang/String;Ljava/lang/String;Ljava/lang/String;Z)Ljava/lang/String; => L\u05da\u0628/\u05d0\u0621\u071a;->\u05d0\u0621\u0303(Ljava/lang/String;Ljava/lang/String;)V
[nmmp] R8 inline match: Lorg/saviorsdk/sync/sdk/ssl/AesEncryption;->hexToBytes(Ljava/lang/String;)[B => L\u05da\u062a/\u05d0\u0621\u0710;->\u05d0\u0621\u0300(Ljava/lang/String;Ljava/lang/String;Ljava/lang/String;)Ljava/lang/String;
[nmmp] R8 inline match: Lorg/saviorsdk/sync/sdk/ssl/MD5;->bytes2Hex([B)Ljava/lang/String; => L\u05da\u062a/\u05d0\u0621\u0712;->\u05d0\u0621\u0301(Ljava/lang/String;)Ljava/lang/String;
[nmmp] R8 inline match: Lorg/savior/sync/instrument/InstrumentBridgeRuntime;->handleAmapIntent(Landroid/content/Intent;)V => L\u05d9\u0622/\u05d0\u0621\u0719;->\u05d0\u0621\u0300(L\u05d9\u0622/\u05d0\u0621\u0719;Landroid/content/Intent;)V
[nmmp] R8 inline match: Lorg/savior/sync/instrument/InstrumentBridgeRuntime;->startNavigation(Z)V => L\u05d9\u0622/\u05d0\u0621\u0719;->\u05d0\u0621\u0300(L\u05d9\u0622/\u05d0\u0621\u0719;Landroid/content/Intent;)V
[nmmp] R8 inline match: Lorg/savior/sync/instrument/InstrumentBridgeRuntime;->stopNavigation(Ljava/lang/String;)V => L\u05d9\u0622/\u05d0\u0621\u0719;->\u05d0\u0621\u0300(L\u05d9\u0622/\u05d0\u0621\u0719;Landroid/content/Intent;)V
[nmmp] R8 inline match: Lorg/savior/sync/instrument/InstrumentBridgeRuntime;->handleAmapGuide(Landroid/os/Bundle;)V => L\u05d9\u0622/\u05d0\u0621\u0719;->\u05d0\u0621\u0300(L\u05d9\u0622/\u05d0\u0621\u0719;Landroid/content/Intent;)V
[nmmp] R8 inline match: Lorg/savior/sync/instrument/InstrumentBridgeRuntime;->handleAmapState(I)V => L\u05d9\u0622/\u05d0\u0621\u0719;->\u05d0\u0621\u0300(L\u05d9\u0622/\u05d0\u0621\u0719;Landroid/content/Intent;)V
[nmmp] R8 inline match: Lorg/savior/sync/instrument/InstrumentBridgeRuntime;->handleMusicIntent(Landroid/content/Intent;)V => L\u05d9\u0622/\u05d0\u0621\u0719;->\u05d0\u0621\u0301(L\u05d9\u0622/\u05d0\u0621\u0719;Landroid/content/Intent;)V
[nmmp] R8 inline match: Lorg/savior/sync/instrument/InstrumentBridgeRuntime;->onMusicSongChanged(Lorg/json/JSONObject;)V => L\u05d9\u0622/\u05d0\u0621\u0719;->\u05d0\u0621\u0301(L\u05d9\u0622/\u05d0\u0621\u0719;Landroid/content/Intent;)V
[nmmp] R8 inline match: Lorg/savior/sync/instrument/InstrumentBridgeRuntime;->replayNavigation()V => L\u05d9\u0622/\u05d0\u0621\u0719;->\u05d0\u0621\u0307(ZZZ)V
[nmmp] R8 inline match: Lorg/savior/sync/instrument/InstrumentBridgeRuntime;->sendMusicTitle(Z)V => L\u05d9\u0622/\u05d0\u0621\u0719;->\u05d0\u0621\u0307(ZZZ)V
[nmmp] R8 inline match: Lorg/savior/sync/instrument/InstrumentBridgeRuntime;->sendCurrentMusicText(Z)V => L\u05d9\u0622/\u05d0\u0621\u0719;->\u05d0\u0621\u0307(ZZZ)V
[nmmp] R8 inline match: Lorg/savior/sync/instrument/InstrumentBridgeRuntime;->replayMusic()V => L\u05d9\u0622/\u05d0\u0621\u0719;->\u05d0\u0621\u0307(ZZZ)V
[nmmp] R8 inline match: Lorg/savior/sync/instrument/InstrumentBridgeRuntime;->sendMediaText(Ljava/lang/String;ZLjava/lang/String;)V => L\u05d9\u0622/\u05d0\u0621\u0719;->\u05d0\u0621\u030a(Ljava/lang/String;Ljava/lang/String;Z)V
[nmmp] R8 inline match: Lorg/savior/sync/service/voice/handlers/AppOperationCommandHandler;->startApp(Ljava/lang/String;Ljava/lang/String;Ljava/lang/String;Ljava/lang/String;)Lorg/savior/sync/service/voice/VoiceCommandResult; => L\u05d9\u062a/\u05d0\u0621\u0713;->\u05d0\u0621\u0301(Ljava/lang/String;Ljava/lang/String;L\u05d9\u0639/\u05d0\u0621\u0712;)Lorg/savior/sync/service/voice/VoiceCommandResult;
[nmmp] R8 inline match: Lorg/savior/sync/service/voice/handlers/AppOperationCommandHandler;->handleOpenApp(Ljava/lang/String;Ljava/lang/String;)Lorg/savior/sync/service/voice/VoiceCommandResult; => L\u05d9\u062a/\u05d0\u0621\u0713;->\u05d0\u0621\u0301(Ljava/lang/String;Ljava/lang/String;L\u05d9\u0639/\u05d0\u0621\u0712;)Lorg/savior/sync/service/voice/VoiceCommandResult;
[nmmp] R8 inline match: Lorg/savior/sync/service/voice/handlers/AppOperationCommandHandler;->handleExitApp(Ljava/lang/String;Ljava/lang/String;)Lorg/savior/sync/service/voice/VoiceCommandResult; => L\u05d9\u062a/\u05d0\u0621\u0713;->\u05d0\u0621\u0301(Ljava/lang/String;Ljava/lang/String;L\u05d9\u0639/\u05d0\u0621\u0712;)Lorg/savior/sync/service/voice/VoiceCommandResult;
[nmmp] R8 inline match: Lorg/savior/sync/service/voice/handlers/RuleBasedCommandHandler;->handleEndNavigation()V => L\u05d9\u062a/\u05d0\u0621\u0718;->\u05d0\u0621\u0302(Ljava/lang/String;)V
[nmmp] R8 inline match: Lorg/savior/sync/service/voice/handlers/RuleBasedCommandHandler;->handleOpenApp(Lorg/saviorsdk/sync/sdk/domain/fixed/CommandCard;Ljava/lang/String;Ljava/lang/String;)Lorg/savior/sync/service/voice/VoiceCommandResult; => L\u05d9\u062a/\u05d0\u0621\u0718;->\u05d0\u0621\u0301(Ljava/lang/String;Ljava/lang/String;L\u05d9\u0639/\u05d0\u0621\u0712;)Lorg/savior/sync/service/voice/VoiceCommandResult;
[nmmp] R8 inline match: Lorg/savior/sync/service/voice/handlers/RuleBasedCommandHandler;->validateCommandCard(Lorg/saviorsdk/sync/sdk/domain/fixed/CommandCard;Ljava/lang/String;Ljava/lang/String;)Z => L\u05d9\u062a/\u05d0\u0621\u0718;->\u05d0\u0621\u0301(Ljava/lang/String;Ljava/lang/String;L\u05d9\u0639/\u05d0\u0621\u0712;)Lorg/savior/sync/service/voice/VoiceCommandResult;
[nmmp] R8 inline match: Lorg/savior/sync/service/voice/handlers/RuleBasedCommandHandler;->executeCommand(Lorg/saviorsdk/sync/sdk/domain/fixed/CommandCard;Ljava/lang/String;Ljava/lang/String;)Lorg/savior/sync/service/voice/VoiceCommandResult; => L\u05d9\u062a/\u05d0\u0621\u0718;->\u05d0\u0621\u0301(Ljava/lang/String;Ljava/lang/String;L\u05d9\u0639/\u05d0\u0621\u0712;)Lorg/savior/sync/service/voice/VoiceCommandResult;
[nmmp] R8 inline match: Lorg/savior/sync/service/voice/handlers/RuleBasedCommandHandler;->handleInternalCommand(Lorg/saviorsdk/sync/sdk/domain/fixed/CommandCard;Ljava/lang/String;Ljava/lang/String;)Lorg/savior/sync/service/voice/VoiceCommandResult; => L\u05d9\u062a/\u05d0\u0621\u0718;->\u05d0\u0621\u0301(Ljava/lang/String;Ljava/lang/String;L\u05d9\u0639/\u05d0\u0621\u0712;)Lorg/savior/sync/service/voice/VoiceCommandResult;
[nmmp] R8 inline match: Lorg/savior/sync/ui/viewmodel/OtaInstallViewModel$runInstall$1$1$1;->emit(Lorg/savior/sync/ui/download/OtaInstallProgress;Lkotlin/coroutines/Continuation;)Ljava/lang/Object; => L\u05d9\u0632/\u05d0\u0622\u0715;->\u05d0\u0622\u0308(Ljava/lang/Object;L\u05d7\u0622/\u05d0\u0621\u0715;)Ljava/lang/Object;
[nmmp] R8 inline match: Lorg/savior/sync/ui/remote/RemoteAssistViewModel;->failConnectionFromHandshake(Ljava/lang/String;)V => L\u05d9\u062f/\u05d0\u0623\u0712;->\u05d0\u0621\u0307(L\u05d9\u062f/\u05d0\u0623\u0712;Ljava/lang/String;)V
[nmmp] R8 inline match: Lorg/savior/sync/ui/viewmodel/OtaInstallViewModel;->runInstall(Ljava/lang/String;)V => L\u05d9\u0632/\u05d0\u0622\u0718;->\u05d0\u0621\u0308()V
[nmmp] R8 inline match: Lorg/savior/sync/ui/viewmodel/OtaInstallViewModel;->retry()Z => L\u05d9\u0632/\u05d0\u0622\u0718;->\u05d0\u0621\u0308()V
[nmmp] R8 inline match: Lorg/savior/sync/ui/viewmodel/OtaInstallViewModel;->runInstall(Ljava/lang/String;)V => L\u05d9\u0632/\u05d0\u0622\u0718;->\u05d0\u0621\u030a(Ljava/lang/String;)V
[nmmp] R8 inline match: Lorg/savior/sync/ui/viewmodel/OtaInstallViewModel;->startInstall(Ljava/lang/String;)Z => L\u05d9\u0632/\u05d0\u0622\u0718;->\u05d0\u0621\u030a(Ljava/lang/String;)V
[nmmp] R8 inline match: Lorg/savior/sync/adb/AdbClientManager$ensureRootedSession$2;->invoke(Ljava/lang/String;)V => L\u05d8\u0636/\u05d0\u0621\u0722;->\u05d0\u0622\u0300(Ljava/lang/Object;)Ljava/lang/Object;
[nmmp] R8 inline match: Lorg/savior/sync/adb/AdbPermissionGranter$applyAccessibilityDiff$3$removed$1;->invoke(Ljava/lang/String;)Ljava/lang/Boolean; => L\u05d8\u0636/\u05d0\u0622\u072b;->\u05d0\u0622\u0300(Ljava/lang/Object;)Ljava/lang/Object;
[nmmp] R8 inline match: Lorg/savior/sync/adb/AdbPermissionGranter$grant$3$tipAndLog$1;->invoke(Ljava/lang/String;)V => L\u05d8\u0636/\u05d0\u0623\u0713;->\u05d0\u0622\u0300(Ljava/lang/Object;)Ljava/lang/Object;
[nmmp] R8 inline match: Lorg/savior/sync/adb/AdbPermissionGranter$grantSelf$3$tipAndLog$1;->invoke(Ljava/lang/String;)V => L\u05d8\u0636/\u05d0\u0623\u0715;->\u05d0\u0622\u0300(Ljava/lang/Object;)Ljava/lang/Object;
[nmmp] R8 inline match: Lorg/savior/sync/adb/AdbPermissionGranter$update$3$tipAndLog$1;->invoke(Ljava/lang/String;)V => L\u05d8\u0636/\u05d0\u0623\u0718;->\u05d0\u0622\u0300(Ljava/lang/Object;)Ljava/lang/Object;
[nmmp] R8 inline match: Lorg/savior/sync/car/manager/HelperPluginManager$connectPluginAndExec$1;->invoke()V => L\u05d8\u0637/\u05d0\u0621\u0715;->\u05d0\u0622\u030a()Ljava/lang/Object;
[nmmp] R8 inline match: Lorg/savior/sync/car/manager/HelperPluginManager$propertyConnection$1$onServiceConnected$2;->invoke()V => L\u05d8\u0637/\u05d0\u0621\u0717;->\u05d0\u0622\u030a()Ljava/lang/Object;
[nmmp] R8 inline match: Lorg/savior/sync/car/mdo/ActiveDataSyncOrchestrator$md5Hex$1;->invoke(B)Ljava/lang/CharSequence; => L\u05d8\u0638/\u05d0\u0621\u0713;->\u05d0\u0622\u0300(Ljava/lang/Object;)Ljava/lang/Object;
[nmmp] R8 inline match: Lorg/savior/sync/car/mdo/ActiveDataSyncOrchestrator$runFlow$2;->invoke()V => L\u05d8\u0638/\u05d0\u0621\u0716;->\u05d0\u0622\u030a()Ljava/lang/Object;
[nmmp] R8 inline match: Lorg/savior/sync/car/mdo/ActiveDataSyncOrchestrator$runFlow$3;->invoke()V => L\u05d8\u0638/\u05d0\u0621\u0717;->\u05d0\u0622\u030a()Ljava/lang/Object;
[nmmp] R8 inline match: Lorg/savior/sync/car/service/InitCoreService$init$1;->invoke(Lorg/savior/mdo/plugin/IPropertyManager;)V => L\u05d8\u0639/\u05d0\u0621\u0716;->\u05d0\u0622\u0300(Ljava/lang/Object;)Ljava/lang/Object;
[nmmp] R8 inline match: Lorg/savior/sync/car/service/InitCoreService$init$2;->invoke(Lorg/savior/mdo/plugin/IPropertyManager;)V => L\u05d8\u0639/\u05d0\u0621\u0717;->\u05d0\u0622\u0300(Ljava/lang/Object;)Ljava/lang/Object;
[nmmp] R8 inline match: Lorg/savior/sync/projection/PrivilegedProjectionClient$close$2$2$1;->invoke(Landroid/os/Parcel;)V => L\u05d9\u0624/\u05d0\u0622\u0718;->\u05d0\u0622\u0300(Ljava/lang/Object;)Ljava/lang/Object;
[nmmp] R8 inline match: Lorg/savior/sync/projection/PrivilegedProjectionClient$close$2$2$2;->invoke(Landroid/os/Parcel;)V => L\u05d9\u0624/\u05d0\u0622\u0719;->\u05d0\u0622\u0300(Ljava/lang/Object;)Ljava/lang/Object;
[nmmp] R8 inline match: Lorg/savior/sync/projection/PrivilegedProjectionClient$startSessionCore$1$displayId$1;->invoke(Landroid/os/Parcel;)V => L\u05d9\u0624/\u05d0\u0622\u0722;->\u05d0\u0622\u0300(Ljava/lang/Object;)Ljava/lang/Object;
[nmmp] R8 inline match: Lorg/savior/sync/projection/PrivilegedProjectionClient$startSessionCore$1$displayId$2;->invoke(Landroid/os/Parcel;)Ljava/lang/Integer; => L\u05d9\u0624/\u05d0\u0622\u0723;->\u05d0\u0622\u0300(Ljava/lang/Object;)Ljava/lang/Object;
[nmmp] R8 inline match: Lorg/savior/sync/projection/ProjectionControlService$beginAppProjection$3$1$1$1$1;->invoke()V => L\u05d9\u0624/\u05d0\u0622\u0729;->\u05d0\u0622\u030a()Ljava/lang/Object;
[nmmp] R8 inline match: Lorg/savior/sync/projection/ProjectionControlService$beginAppProjection$3$1$1$1$1;->invoke()Ljava/lang/Object; => L\u05d9\u0624/\u05d0\u0622\u0729;->\u05d0\u0622\u030a()Ljava/lang/Object;
[nmmp] R8 inline match: Lorg/savior/sync/projection/ProjectionControlService$beginAppProjection$3$1$1$1$2;->invoke(Landroid/content/ComponentName;)V => L\u05d9\u0624/\u05d0\u0622\u072a;->\u05d0\u0622\u0300(Ljava/lang/Object;)Ljava/lang/Object;
[nmmp] R8 inline match: Lorg/savior/sync/projection/ProjectionControlService$beginAppProjection$3$1$1$1$3;->invoke(Z)V => L\u05d9\u0624/\u05d0\u0622\u072b;->\u05d0\u0622\u0300(Ljava/lang/Object;)Ljava/lang/Object;
[nmmp] R8 inline match: Lorg/savior/sync/projection/ProjectionControlService$beginAppProjection$3$1$1;->invoke(I)V => L\u05d9\u0624/\u05d0\u0622\u072c;->\u05d0\u0622\u0300(Ljava/lang/Object;)Ljava/lang/Object;
[nmmp] R8 inline match: Lorg/savior/sync/projection/ProjectionControlService$beginAppProjection$3$1;->invoke(Landroid/view/Surface;)V => L\u05d9\u0624/\u05d0\u0622\u072d;->\u05d0\u0622\u0300(Ljava/lang/Object;)Ljava/lang/Object;
[nmmp] R8 inline match: Lorg/savior/sync/projection/ProjectionControlService$beginAppProjection$3;->invoke()V => L\u05d9\u0624/\u05d0\u0622\u072e;->\u05d0\u0622\u030a()Ljava/lang/Object;
[nmmp] R8 inline match: Lorg/savior/sync/projection/ProjectionControlService$beginAppProjection$3;->invoke()Ljava/lang/Object; => L\u05d9\u0624/\u05d0\u0622\u072e;->\u05d0\u0622\u030a()Ljava/lang/Object;
[nmmp] R8 inline match: Lorg/savior/sync/projection/ProjectionControlService$beginAppProjection$error$1;->invoke(Ljava/lang/String;)V => L\u05d9\u0624/\u05d0\u0623\u0710;->\u05d0\u0622\u0300(Ljava/lang/Object;)Ljava/lang/Object;
[nmmp] R8 inline match: Lorg/savior/sync/projection/ProjectionControlService$beginAppProjection$renderer$1;->invoke()V => L\u05d9\u0624/\u05d0\u0623\u0712;->\u05d0\u0622\u030a()Ljava/lang/Object;
[nmmp] R8 inline match: Lorg/savior/sync/service/ActivedCallback$callback$2;->invoke(Lorg/savior/mdo/plugin/IPropertyManager;)V => L\u05d9\u0627/\u05d0\u0621\u0712;->\u05d0\u0622\u0300(Ljava/lang/Object;)Ljava/lang/Object;
[nmmp] R8 inline match: Lorg/savior/sync/service/ActivedCallback$resetActive$1;->invoke(Lorg/savior/mdo/plugin/IPropertyManager;)V => L\u05d9\u0627/\u05d0\u0621\u0714;->\u05d0\u0622\u0300(Ljava/lang/Object;)Ljava/lang/Object;
[nmmp] R8 inline match: Lorg/savior/sync/systemota/GptBootSlotReader$discoverDisk$lines$1;->invoke(Ljava/lang/String;)Ljava/lang/String; => L\u05d9\u062b/\u05d0\u0622\u0714;->\u05d0\u0622\u0300(Ljava/lang/Object;)Ljava/lang/Object;
[nmmp] R8 inline match: Lorg/savior/sync/systemota/GptBootSlotReader$discoverDisk$lines$2;->invoke(Ljava/lang/String;)Ljava/lang/Boolean; => L\u05d9\u062b/\u05d0\u0622\u0715;->\u05d0\u0622\u0300(Ljava/lang/Object;)Ljava/lang/Object;
[nmmp] R8 inline match: Lorg/savior/sync/systemota/GptBootSlotReader$queryCurrentSlot$slot$1;->invoke(Ljava/lang/String;)Ljava/lang/String; => L\u05d9\u062b/\u05d0\u0622\u0718;->\u05d0\u0622\u0300(Ljava/lang/Object;)Ljava/lang/Object;
[nmmp] R8 inline match: Lorg/savior/sync/systemota/GptBootSlotReader$queryCurrentSlot$slot$2;->invoke(Ljava/lang/String;)Ljava/lang/String; => L\u05d9\u062b/\u05d0\u0622\u0719;->\u05d0\u0622\u0300(Ljava/lang/Object;)Ljava/lang/Object;
[nmmp] R8 inline match: Lorg/savior/sync/systemota/SystemOtaCoordinator$OtaRun$parseBootSlot$1;->invoke(Ljava/lang/String;)Ljava/lang/String; => L\u05d9\u062b/\u05d0\u0622\u0723;->\u05d0\u0622\u0300(Ljava/lang/Object;)Ljava/lang/Object;
[nmmp] R8 inline match: Lorg/savior/sync/systemota/SystemOtaCoordinator$OtaRun$parseBootSlot$2;->invoke(Ljava/lang/String;)Ljava/lang/String; => L\u05d9\u062b/\u05d0\u0622\u0724;->\u05d0\u0622\u0300(Ljava/lang/Object;)Ljava/lang/Object;
[nmmp] R8 inline match: Lorg/savior/sync/systemota/SystemOtaCoordinator$OtaRun$runFlow$candidate$1;->invoke(JJ)V => L\u05d9\u062b/\u05d0\u0622\u072b;->\u05d0\u0621\u0328(Ljava/lang/Object;Ljava/lang/Object;)Ljava/lang/Object;
[nmmp] R8 inline match: Lorg/savior/sync/systemota/SystemOtaCoordinator$OtaRun$runFlow$result$1;->invoke()Ljava/lang/Object; => L\u05d9\u062b/\u05d0\u0622\u072c;->\u05d0\u0622\u030a()Ljava/lang/Object;
[nmmp] R8 inline match: Lorg/savior/sync/systemota/SystemOtaCoordinator$OtaRun$runFlow$result$1;->invoke()V => L\u05d9\u062b/\u05d0\u0622\u072c;->\u05d0\u0622\u030a()Ljava/lang/Object;
[nmmp] R8 inline match: Lorg/savior/sync/systemota/SystemOtaCoordinator$OtaRun$runFlow$result$2;->invoke(Ljava/lang/String;)V => L\u05d9\u062b/\u05d0\u0622\u072d;->\u05d0\u0622\u0300(Ljava/lang/Object;)Ljava/lang/Object;
[nmmp] R8 inline match: Lorg/savior/sync/ui/viewmodel/DownloadManagerViewModel$installApkFromAdbPath$1$rooted$1;->invoke(Ljava/lang/String;)V => L\u05d9\u0632/\u05d0\u0621\u0722;->\u05d0\u0622\u0300(Ljava/lang/Object;)Ljava/lang/Object;
[nmmp] R8 inline match: Lorg/savior/sync/ui/viewmodel/DownloadManagerViewModel$saveToPresetSpace$1$rooted$1;->invoke(Ljava/lang/String;)V => L\u05d9\u0632/\u05d0\u0621\u072c;->\u05d0\u0622\u0300(Ljava/lang/Object;)Ljava/lang/Object;
[nmmp] R8 inline match: Lorg/savior/sync/adb/AdbClientManager$executeRootCommandStreaming$3;->invoke(Lkotlinx/coroutines/CoroutineScope;Lkotlin/coroutines/Continuation;)Ljava/lang/Object; => L\u05d8\u0636/\u05d0\u0621\u0727;->\u05d0\u0621\u0328(Ljava/lang/Object;Ljava/lang/Object;)Ljava/lang/Object;
[nmmp] R8 inline match: Lorg/savior/sync/adb/AdbPermissionGranter$grant$3;->invoke(Lkotlinx/coroutines/CoroutineScope;Lkotlin/coroutines/Continuation;)Ljava/lang/Object; => L\u05d8\u0636/\u05d0\u0623\u0714;->\u05d0\u0621\u0328(Ljava/lang/Object;Ljava/lang/Object;)Ljava/lang/Object;
[nmmp] R8 inline match: Lorg/savior/sync/adb/AdbPermissionGranter$grantSelf$3;->invoke(Lkotlinx/coroutines/CoroutineScope;Lkotlin/coroutines/Continuation;)Ljava/lang/Object; => L\u05d8\u0636/\u05d0\u0623\u0716;->\u05d0\u0621\u0328(Ljava/lang/Object;Ljava/lang/Object;)Ljava/lang/Object;
[nmmp] R8 inline match: Lorg/savior/sync/adb/AdbPermissionGranter$update$3;->invoke(Lkotlinx/coroutines/CoroutineScope;Lkotlin/coroutines/Continuation;)Ljava/lang/Object; => L\u05d8\u0636/\u05d0\u0623\u0719;->\u05d0\u0621\u0328(Ljava/lang/Object;Ljava/lang/Object;)Ljava/lang/Object;
[nmmp] R8 inline match: Lorg/savior/sync/systemota/SystemOtaCoordinator$OtaRun$finishClaimed$1;->invoke(Lkotlinx/coroutines/CoroutineScope;Lkotlin/coroutines/Continuation;)Ljava/lang/Object; => L\u05d9\u062b/\u05d0\u0622\u0720;->\u05d0\u0621\u0328(Ljava/lang/Object;Ljava/lang/Object;)Ljava/lang/Object;
[nmmp] R8 inline match: Lorg/savior/sync/systemota/SystemOtaCoordinator$OtaRun$forceCleanup$2;->invoke(Lkotlinx/coroutines/CoroutineScope;Lkotlin/coroutines/Continuation;)Ljava/lang/Object; => L\u05d9\u062b/\u05d0\u0622\u0722;->\u05d0\u0621\u0328(Ljava/lang/Object;Ljava/lang/Object;)Ljava/lang/Object;
[nmmp] R8 inline match: Lorg/savior/sync/systemota/SystemOtaCoordinator$OtaRun$requestCancel$1;->invoke(Lkotlinx/coroutines/CoroutineScope;Lkotlin/coroutines/Continuation;)Ljava/lang/Object; => L\u05d9\u062b/\u05d0\u0622\u0728;->\u05d0\u0621\u0328(Ljava/lang/Object;Ljava/lang/Object;)Ljava/lang/Object;
[nmmp] R8 inline match: Lorg/savior/sync/systemota/SystemOtaCoordinator$OtaRun$requestCancel$2$1;->invoke(Lkotlinx/coroutines/CoroutineScope;Lkotlin/coroutines/Continuation;)Ljava/lang/Object; => L\u05d9\u062b/\u05d0\u0622\u0729;->\u05d0\u0621\u0328(Ljava/lang/Object;Ljava/lang/Object;)Ljava/lang/Object;
[nmmp] R8 inline match: Lorg/savior/sync/systemota/SystemOtaCoordinator$OtaRun$start$2;->invoke(Lkotlinx/coroutines/CoroutineScope;Lkotlin/coroutines/Continuation;)Ljava/lang/Object; => L\u05d9\u062b/\u05d0\u0622\u072e;->\u05d0\u0621\u0328(Ljava/lang/Object;Ljava/lang/Object;)Ljava/lang/Object;
[nmmp] R8 inline match: Lorg/savior/sync/systemota/SystemOtaCoordinator$OtaRun$startInteractionTimeout$1;->invoke(Lkotlinx/coroutines/CoroutineScope;Lkotlin/coroutines/Continuation;)Ljava/lang/Object; => L\u05d9\u062b/\u05d0\u0623\u0710;->\u05d0\u0621\u0328(Ljava/lang/Object;Ljava/lang/Object;)Ljava/lang/Object;
[nmmp] R8 inline match: Lorg/savior/sync/systemota/SystemOtaCoordinator$OtaRun$startTicker$1;->invoke(Lkotlinx/coroutines/CoroutineScope;Lkotlin/coroutines/Continuation;)Ljava/lang/Object; => L\u05d9\u062b/\u05d0\u0623\u0712;->\u05d0\u0621\u0328(Ljava/lang/Object;Ljava/lang/Object;)Ljava/lang/Object;
[nmmp] R8 inline match: Lorg/savior/sync/ui/viewmodel/DownloadManagerViewModel$installApkFromAdbPath$1$1;->invoke(Lkotlinx/coroutines/CoroutineScope;Lkotlin/coroutines/Continuation;)Ljava/lang/Object; => L\u05d9\u0632/\u05d0\u0621\u071e;->\u05d0\u0621\u0328(Ljava/lang/Object;Ljava/lang/Object;)Ljava/lang/Object;
[nmmp] R8 inline match: Lorg/savior/sync/ui/viewmodel/DownloadManagerViewModel$installApkFromAdbPath$1$3;->invoke(Lkotlinx/coroutines/CoroutineScope;Lkotlin/coroutines/Continuation;)Ljava/lang/Object; => L\u05d9\u0632/\u05d0\u0621\u071f;->\u05d0\u0621\u0328(Ljava/lang/Object;Ljava/lang/Object;)Ljava/lang/Object;
[nmmp] R8 inline match: Lorg/savior/sync/ui/viewmodel/DownloadManagerViewModel$installApkFromAdbPath$1$4;->invoke(Lkotlinx/coroutines/CoroutineScope;Lkotlin/coroutines/Continuation;)Ljava/lang/Object; => L\u05d9\u0632/\u05d0\u0621\u0720;->\u05d0\u0621\u0328(Ljava/lang/Object;Ljava/lang/Object;)Ljava/lang/Object;
[nmmp] R8 inline match: Lorg/savior/sync/ui/viewmodel/DownloadManagerViewModel$installApkFromAdbPath$1$5;->invoke(Lkotlinx/coroutines/CoroutineScope;Lkotlin/coroutines/Continuation;)Ljava/lang/Object; => L\u05d9\u0632/\u05d0\u0621\u0721;->\u05d0\u0621\u0328(Ljava/lang/Object;Ljava/lang/Object;)Ljava/lang/Object;
[nmmp] R8 inline match: Lorg/savior/sync/ui/viewmodel/DownloadManagerViewModel$installApkFromAdbPath$1;->invoke(Lkotlinx/coroutines/CoroutineScope;Lkotlin/coroutines/Continuation;)Ljava/lang/Object; => L\u05d9\u0632/\u05d0\u0621\u0723;->\u05d0\u0621\u0328(Ljava/lang/Object;Ljava/lang/Object;)Ljava/lang/Object;
[nmmp] R8 inline match: Lorg/savior/sync/ui/viewmodel/DownloadManagerViewModel$saveToPresetSpace$1;->invoke(Lkotlinx/coroutines/CoroutineScope;Lkotlin/coroutines/Continuation;)Ljava/lang/Object; => L\u05d9\u0632/\u05d0\u0621\u072d;->\u05d0\u0621\u0328(Ljava/lang/Object;Ljava/lang/Object;)Ljava/lang/Object;
[nmmp] Matched:       classes=239, methods=526
[nmmp] Skipped empty: methods=0
[nmmp] Converted:     classes=223, methods=526
[nmmp] R8 inline:     source methods=174, residual methods=146
[nmmp] O-MVLL: enabled, plugin=/mnt/d/Android/SDK_WSL/omvll/1.8.0/omvll_ndk_r26d.so
[/mnt/d/Android/SDK_WSL/cmake/3.22.1/bin/cmake, -H/mnt/e/OtherProject/safe-toolchain/nmmp/nmm-protect/build/on-demand-20260912/s5/seed2/C/input/build/dex2c, -DCMAKE_TOOLCHAIN_FILE=/mnt/d/Android/SDK_WSL/ndk/26.3.11579264/build/cmake/android.toolchain.cmake, -DCMAKE_BUILD_TYPE=Release, -DANDROID_ABI=arm64-v8a, -DANDROID_NDK=/mnt/d/Android/SDK_WSL/ndk/26.3.11579264, -DANDROID_PLATFORM=android-26, -DCMAKE_ANDROID_ARCH_ABI=arm64-v8a, -DCMAKE_ANDROID_NDK=/mnt/d/Android/SDK_WSL/ndk/26.3.11579264, -DCMAKE_EXPORT_COMPILE_COMMANDS=ON, -DCMAKE_LIBRARY_OUTPUT_DIRECTORY=/mnt/e/OtherProject/safe-toolchain/nmmp/nmm-protect/build/on-demand-20260912/s5/seed2/C/input/build/obj/sym/arm64-v8a, -DCMAKE_MAKE_PROGRAM=/mnt/d/Android/SDK_WSL/cmake/3.22.1/bin/ninja, -DCMAKE_SYSTEM_NAME=Android, -DCMAKE_SYSTEM_VERSION=26, -B/mnt/e/OtherProject/safe-toolchain/nmmp/nmm-protect/build/on-demand-20260912/s5/seed2/C/input/build/.cxx/cmake/Release/arm64-v8a, -GNinja, -DNMMP_OMVLL_PLUGIN=/mnt/d/Android/SDK_WSL/omvll/1.8.0/omvll_ndk_r26d.so, -DNMMP_VM_DECODE_MODE=on-demand-v1]
-- The C compiler identification is Clang 17.0.2
-- The CXX compiler identification is Clang 17.0.2
-- Detecting C compiler ABI info
-- Detecting C compiler ABI info - done
-- Check for working C compiler: /mnt/d/Android/SDK_WSL/ndk/26.3.11579264/toolchains/llvm/prebuilt/linux-x86_64/bin/clang - skipped
-- Detecting C compile features
-- Detecting C compile features - done
-- Detecting CXX compiler ABI info
-- Detecting CXX compiler ABI info - done
-- Check for working CXX compiler: /mnt/d/Android/SDK_WSL/ndk/26.3.11579264/toolchains/llvm/prebuilt/linux-x86_64/bin/clang++ - skipped
-- Detecting CXX compile features
-- Detecting CXX compile features - done
-- NMMP vmDecodeMode=on-demand-v1
-- NMMP O-MVLL enabled: /mnt/d/Android/SDK_WSL/omvll/1.8.0/omvll_ndk_r26d.so
-- Configuring done
-- Generating done
-- Build files have been written to: /mnt/e/OtherProject/safe-toolchain/nmmp/nmm-protect/build/on-demand-20260912/s5/seed2/C/input/build/.cxx/cmake/Release/arm64-v8a
[/mnt/d/Android/SDK_WSL/cmake/3.22.1/bin/cmake, --build, /mnt/e/OtherProject/safe-toolchain/nmmp/nmm-protect/build/on-demand-20260912/s5/seed2/C/input/build/.cxx/cmake/Release/arm64-v8a]
[1/22] Building C object CMakeFiles/c++_en.dir/ConstantPool.c.o
[2/22] Building C object CMakeFiles/c++_en.dir/generated/classes_native_functions.c.o
[3/22] Building C object CMakeFiles/c++_en.dir/generated/jni_init.c.o
[4/22] Building CXX object vm/CMakeFiles/nmmvm.dir/DexCatch.cpp.o
[5/22] Building CXX object vm/CMakeFiles/nmmvm.dir/GlobalCache.cpp.o
[6/22] Building CXX object vm/CMakeFiles/nmmvm.dir/Interp.cpp.o
[7/22] Building CXX object vm/CMakeFiles/nmmvm.dir/Exception.cpp.o
[8/22] Building CXX object vm/CMakeFiles/nmmvm.dir/Codec.cpp.o
[9/22] Building CXX object vm/CMakeFiles/nmmvm.dir/Demand.cpp.o
[10/22] Building CXX object vm/CMakeFiles/nmmvm.dir/Module.cpp.o
[11/22] Building C object vm/CMakeFiles/nmmvm.dir/VmInit.c.o
[12/22] Building C object vm/CMakeFiles/nmmvm.dir/NativeVm.c.o
[13/22] Building CXX object vm/CMakeFiles/nmmvm.dir/VmCodec.cpp.o
[14/22] Building CXX object vm/CMakeFiles/nmmvm.dir/Arm64Syscall.cpp.o
[15/22] Building CXX object vm/CMakeFiles/nmmvm.dir/VmBinding.cpp.o
[16/22] Building CXX object vm/CMakeFiles/nmmvm.dir/ApkV2Signer.cpp.o
[17/22] Building CXX object vm/CMakeFiles/nmmvm.dir/Sha256.cpp.o
[18/22] Building C object vm/CMakeFiles/nmmvm.dir/JNIWrapper.c.o
[19/22] Building C object CMakeFiles/c++_en.dir/generated/classes2_native_functions.c.o
[20/22] Building CXX object vm/CMakeFiles/nmmvm.dir/InterpC-portable.cpp.o
[21/22] Linking CXX static library vm/libnmmvm.a
[22/22] Linking CXX shared library /mnt/e/OtherProject/safe-toolchain/nmmp/nmm-protect/build/on-demand-20260912/s5/seed2/C/input/build/obj/sym/arm64-v8a/libc++_en.so
[/mnt/d/Android/SDK_WSL/ndk/26.3.11579264/toolchains/llvm/prebuilt/linux-x86_64/bin/llvm-strip, --strip-unneeded, -o, /mnt/e/OtherProject/safe-toolchain/nmmp/nmm-protect/build/on-demand-20260912/s5/seed2/C/input/build/obj/strip/arm64-v8a/libc++_en.so, /mnt/e/OtherProject/safe-toolchain/nmmp/nmm-protect/build/on-demand-20260912/s5/seed2/C/input/build/obj/sym/arm64-v8a/libc++_en.so]
