Applications Memory Usage (in Kilobytes):
Uptime: 41732800 Realtime: 41732800

** MEMINFO in pid 22315 [org.savior.sync] **
                   Pss  Private  Private  SwapPss     Heap     Heap     Heap
                 Total    Dirty    Clean    Dirty     Size    Alloc     Free
                ------   ------   ------   ------   ------   ------   ------
  Native Heap     9420     9392        0        0    16384    12387     3996
  Dalvik Heap     4358     4340        0        0     7872     3936     3936
 Dalvik Other     2481     2480        0        0                           
        Stack      428      428        0        0                           
       Ashmem        2        0        0        0                           
      Gfx dev     1756     1756        0        0                           
    Other dev       12        0       12        0                           
     .so mmap     3307      284      592        0                           
    .apk mmap      354        0        4        0                           
    .ttf mmap      219        0       24        0                           
    .dex mmap     7067        4     6540        0                           
    .oat mmap     1193        0      180        0                           
    .art mmap      833      628        4        0                           
   Other mmap       34        4        4        0                           
   EGL mtrack    18524    18524        0        0                           
    GL mtrack     2788     2788        0        0                           
      Unknown     1152     1128        0        0                           
        TOTAL    53928    41756     7360        0    24256    16323     7932
 
 App Summary
                       Pss(KB)
                        ------
           Java Heap:     4972
         Native Heap:     9392
                Code:     7628
               Stack:      428
            Graphics:    23068
       Private Other:     3628
              System:     4812
 
               TOTAL:    53928       TOTAL SWAP PSS:        0
 
 Objects
               Views:       10         ViewRootImpl:        2
         AppContexts:        3           Activities:        1
              Assets:        2        AssetManagers:        3
       Local Binders:       18        Proxy Binders:       24
       Parcel memory:        6         Parcel count:       22
    Death Recipients:        2      OpenSSL Sockets:        0
            WebViews:        0
 
 SQL
         MEMORY_USED:        0
  PAGECACHE_OVERFLOW:        0          MALLOC_SIZE:        0
 
