Applications Memory Usage (in Kilobytes):
Uptime: 41747167 Realtime: 41747167

** MEMINFO in pid 22789 [org.savior.sync] **
                   Pss  Private  Private  SwapPss     Heap     Heap     Heap
                 Total    Dirty    Clean    Dirty     Size    Alloc     Free
                ------   ------   ------   ------   ------   ------   ------
  Native Heap     9384     9360        0        0    16384    12182     4201
  Dalvik Heap     4750     4732        0        0     8046     4023     4023
 Dalvik Other     2513     2512        0        0                           
        Stack      432      432        0        0                           
       Ashmem        2        0        0        0                           
      Gfx dev     1756     1756        0        0                           
    Other dev       12        0       12        0                           
     .so mmap     3395      184      780        0                           
    .apk mmap      350        0        0        0                           
    .ttf mmap      219        0       24        0                           
    .dex mmap     7072        4     6544        0                           
    .oat mmap     1187        0      180        0                           
    .art mmap      833      628        4        0                           
   Other mmap       34        4        4        0                           
   EGL mtrack    18524    18524        0        0                           
    GL mtrack     2788     2788        0        0                           
      Unknown     1887     1864        0        0                           
        TOTAL    55138    42788     7548        0    24430    16205     8224
 
 App Summary
                       Pss(KB)
                        ------
           Java Heap:     5364
         Native Heap:     9360
                Code:     7716
               Stack:      432
            Graphics:    23068
       Private Other:     4396
              System:     4802
 
               TOTAL:    55138       TOTAL SWAP PSS:        0
 
 Objects
               Views:       10         ViewRootImpl:        2
         AppContexts:        3           Activities:        1
              Assets:        2        AssetManagers:        3
       Local Binders:       18        Proxy Binders:       25
       Parcel memory:        6         Parcel count:       20
    Death Recipients:        2      OpenSSL Sockets:        0
            WebViews:        0
 
 SQL
         MEMORY_USED:        0
  PAGECACHE_OVERFLOW:        0          MALLOC_SIZE:        0
 
