Applications Memory Usage (in Kilobytes):
Uptime: 41761169 Realtime: 41761169

** MEMINFO in pid 23238 [org.savior.sync] **
                   Pss  Private  Private  SwapPss     Heap     Heap     Heap
                 Total    Dirty    Clean    Dirty     Size    Alloc     Free
                ------   ------   ------   ------   ------   ------   ------
  Native Heap     9386     9356        0        0    14336    12164     2171
  Dalvik Heap     4934     4916        0        0     7870     3935     3935
 Dalvik Other     2537     2536        0        0                           
        Stack      456      456        0        0                           
       Ashmem        2        0        0        0                           
      Gfx dev     1756     1756        0        0                           
    Other dev       12        0       12        0                           
     .so mmap     3872      284     1156        0                           
    .apk mmap      350        0        0        0                           
    .ttf mmap      219        0       24        0                           
    .dex mmap     7063        4     6536        0                           
    .oat mmap     1207        0      184        0                           
    .art mmap      833      628        4        0                           
   Other mmap       34        4        4        0                           
   EGL mtrack    18524    18524        0        0                           
    GL mtrack     2788     2788        0        0                           
      Unknown     1240     1216        0        0                           
        TOTAL    55213    42468     7920        0    22206    16099     6106
 
 App Summary
                       Pss(KB)
                        ------
           Java Heap:     5548
         Native Heap:     9356
                Code:     8188
               Stack:      456
            Graphics:    23068
       Private Other:     3772
              System:     4825
 
               TOTAL:    55213       TOTAL SWAP PSS:        0
 
 Objects
               Views:       10         ViewRootImpl:        2
         AppContexts:        3           Activities:        1
              Assets:        2        AssetManagers:        3
       Local Binders:       18        Proxy Binders:       24
       Parcel memory:        6         Parcel count:       22
    Death Recipients:        2      OpenSSL Sockets:        0
            WebViews:        0
 
 SQL
         MEMORY_USED:        0
  PAGECACHE_OVERFLOW:        0          MALLOC_SIZE:        0
 
