--------- beginning of main
         1591011423.321 25413 25413 D NetworkSecurityConfig: No Network Security Config specified, using platform default
--------- beginning of system
         1591011423.360 25413 25413 D ActivityThread: [dsv]>>networdId: 2002
         1591011423.435 25413 25445 D OpenGLRenderer: HWUI GL Pipeline
         1591011423.637 25413 25418 I zygote64: Compiler allocated 4MB to compile java.util.List גض.אآܔ.אء̀(java.lang.String)
         1591011423.709 25413 25418 I zygote64: Do partial code cache collection, code=27KB, data=30KB
         1591011423.710 25413 25418 I zygote64: After code cache collection, code=27KB, data=30KB
         1591011423.710 25413 25418 I zygote64: Increasing code cache capacity to 128KB
         1591011423.710 25413 25418 I zygote64: Compiler allocated 4MB to compile java.util.List גض.אآܔ.אء̀(java.lang.String)
         1591011423.784 25413 25418 I zygote64: Do partial code cache collection, code=50KB, data=52KB
         1591011423.784 25413 25418 I zygote64: After code cache collection, code=34KB, data=47KB
         1591011423.784 25413 25418 I zygote64: Increasing code cache capacity to 256KB
         1591011423.785 25413 25418 I zygote64: Compiler allocated 4MB to compile void בغ.אءܢ.אآ̲(boolean)
         1591011423.934 25413 25413 V ActivityThread_MultiService: original display: 0 new displayId: -1
         1591011423.934 25413 25445 I Adreno  : QUALCOMM build                   : 04c6064, Id1257aec33
         1591011423.934 25413 25445 I Adreno  : Build Date                       : 07/01/19
         1591011423.934 25413 25445 I Adreno  : OpenGL ES Shader Compiler Version: EV031.23.07.00
         1591011423.934 25413 25445 I Adreno  : Local Branch                     : 
         1591011423.934 25413 25445 I Adreno  : Remote Branch                    : 
         1591011423.934 25413 25445 I Adreno  : Remote Branch                    : 
         1591011423.934 25413 25445 I Adreno  : Reconstruct Branch               : 
         1591011423.934 25413 25445 D vndksupport: Loading /vendor/lib64/hw/gralloc.msm8996.so from current namespace instead of sphal namespace.
         1591011423.953 25413 25445 I Adreno  : PFP: 0x005ff110, ME: 0x005ff066
         1591011423.969 25413 25445 I zygote64: android::hardware::configstore::V1_0::ISurfaceFlingerConfigs::hasWideColorDisplay retrieved: 0
         1591011423.980 25413 25445 I OpenGLRenderer: Initialized EGL, version 1.4
         1591011423.980 25413 25445 D OpenGLRenderer: Swap behavior 2
         1591011424.169 25413 25413 I zygote64: Deoptimizing void גت.אآܕ.<init>() due to JIT inline cache
         1591011424.211 25413 25418 I zygote64: Do full code cache collection, code=126KB, data=112KB
         1591011424.212 25413 25418 I zygote64: After code cache collection, code=90KB, data=52KB
         1591011424.265 25413 25413 I Choreographer: Skipped 47 frames!  The application may be doing too much work on its main thread.
         1591011424.323 25413 25442 I zygote64: Deoptimizing חآ.אءܘ הض.אءܠ.אإ̈(חآ.אءܘ, חآ.אءܙ) due to JIT inline cache
         1591011424.344 25413 25418 I zygote64: Do partial code cache collection, code=125KB, data=89KB
         1591011424.344 25413 25418 I zygote64: After code cache collection, code=123KB, data=88KB
         1591011424.344 25413 25418 I zygote64: Increasing code cache capacity to 512KB
         1591011424.416 25413 25418 I zygote64: Compiler allocated 4MB to compile java.util.List גض.אآܔ.אء̀(java.lang.String)
         1591011424.488 25413 25418 I zygote64: Compiler allocated 4MB to compile java.util.List גض.אآܔ.אء̀(java.lang.String)
         1591011424.809 25413 25418 I zygote64: Do full code cache collection, code=250KB, data=194KB
         1591011424.809 25413 25418 I zygote64: After code cache collection, code=204KB, data=116KB
         1591011424.906 25413 25418 I zygote64: Compiler allocated 4MB to compile void דص.אءܓ.<init>(דح.אءܭ, דز.אءܕ, דع.אءܒ, java.lang.String, java.util.List, java.util.List)
         1591011424.989 25413 25418 I zygote64: Do partial code cache collection, code=248KB, data=160KB
         1591011424.989 25413 25418 I zygote64: After code cache collection, code=248KB, data=160KB
         1591011424.989 25413 25418 I zygote64: Increasing code cache capacity to 1024KB
         1591011425.098 25413 25445 D vndksupport: Loading /vendor/lib64/hw/android.hardware.graphics.mapper@2.0-impl.so from current namespace instead of sphal namespace.
         1591011425.103 25413 25445 D vndksupport: Loading /vendor/lib64/hw/gralloc.msm8996.so from current namespace instead of sphal namespace.
         1591011425.374 25413 25413 I zygote64: Deoptimizing void גت.אءܪ.אء́(java.lang.Object, אءܦ, חت.אءܐ) due to JIT inline cache
         1591011425.448 25413 25413 I zygote64: Deoptimizing גت.אآܕ גت.אءܠ.אآ̨(גت.אآܕ, גت.אآܓ) due to JIT inline cache
         1591011425.526 25413 25413 I zygote64: Deoptimizing חآ.אءܘ חآ.אءܔ.אأ̇(חآ.אءܙ) due to JIT inline cache
         1591011425.527 25413 25413 W ViewRootImpl_MultiService: report resize:  origin displayId= 0 new displayId= 0
         1591011425.538 25413 25413 D Compose Focus: Owner FocusChanged(true)
         1591011425.553 25413 25413 I zygote64: Deoptimizing java.lang.Object חآ.אءܓ.אء̨(java.lang.Object, java.lang.Object) due to JIT inline cache
         1591011425.617 25413 25413 I zygote64: Deoptimizing boolean בا.אءܖ.add(java.lang.Object) due to JIT inline cache
         1591011425.682 25413 25413 I zygote64: Deoptimizing חع.אءܙ חع.אءܙ.אء̲() due to JIT same target
         1591011425.688 25413 25413 I zygote64: Deoptimizing דا.אأܝ גج.אءܐ.אأ̂(androidx.compose.ui.node.אءܐ) due to JIT inline cache
         1591011425.730 25413 25413 W ViewRootImpl_MultiService: report resize:  origin displayId= 0 new displayId= 0
         1591011425.734 25413 25413 I zygote64: Deoptimizing גت.אآܕ גت.אءܠ.אآ̨(גت.אآܕ, גت.אآܓ) due to JIT inline cache
         1591011425.735 25413 25413 I zygote64: Deoptimizing void בغ.אءܢ.אؤ̧() due to JIT inline cache
         1591011425.781 25413 25418 I zygote64: Do full code cache collection, code=484KB, data=303KB
         1591011425.782 25413 25418 I zygote64: After code cache collection, code=310KB, data=170KB
         1591011425.782 25413 25418 I zygote64: Compiler allocated 6MB to compile void androidx.activity.אءܒ.run()
         1591011425.915 25413 25413 I zygote64: Deoptimizing java.lang.Object בغ.אءܝ.אء̃(חت.אءܓ, חت.אءܐ) due to JIT inline cache
         1591011425.983 25413 25418 I zygote64: Do partial code cache collection, code=352KB, data=217KB
         1591011425.983 25413 25418 I zygote64: After code cache collection, code=351KB, data=217KB
         1591011425.983 25413 25418 I zygote64: Increasing code cache capacity to 2MB
         1591011425.983 25413 25418 I zygote64: Compiler allocated 6MB to compile android.view.accessibility.AccessibilityNodeInfo androidx.compose.ui.platform.אءܬ.createAccessibilityNodeInfo(int)
         1591011426.012 25413 25413 I zygote64: Deoptimizing void דإ.אآܢ.אء̈(דإ.אآܢ, דإ.אآܣ, int, int) due to JIT inline cache
         1591011426.034 25413 25413 I zygote64: Deoptimizing void androidx.compose.ui.platform.אآܜ.אآ̃(android.graphics.Region, דث.אءܟ, java.util.LinkedHashMap, דث.אءܟ, android.graphics.Region) due to JIT inline cache
         1591011426.041 25413 25413 I chatty  : uid=10101(org.savior.sync) identical 6 lines
         1591011426.041 25413 25413 I zygote64: Deoptimizing void androidx.compose.ui.platform.אآܜ.אآ̃(android.graphics.Region, דث.אءܟ, java.util.LinkedHashMap, דث.אءܟ, android.graphics.Region) due to JIT inline cache
         1591011426.461 25413 25418 I zygote64: Compiler allocated 12MB to compile void org.savior.sync.ui.אبܧ.אء̀(בخ.אءܧ, בغ.אءܞ, int)
         1591011428.877 25413 25633 D ProfileInstaller: Installing profile for org.savior.sync
         1591011438.746 25413 25420 I zygote64: Debugger is no longer active
         1591011471.901 25413 25428 W zygote64: Checksum mismatch for dex base.apk
         1591011471.901 25413 25428 W zygote64: Checksum mismatch for dex base.apk
