Applications Memory Usage (in Kilobytes):
Uptime: 53141611 Realtime: 53141611

** MEMINFO in pid 5523 [org.savior.sync] **
                   Pss  Private  Private  SwapPss     Heap     Heap     Heap
                 Total    Dirty    Clean    Dirty     Size    Alloc     Free
                ------   ------   ------   ------   ------   ------   ------
  Native Heap     9394     9364        0        0    16384    12312     4071
  Dalvik Heap     4566     4548        0        0     7871     3936     3935
 Dalvik Other     2957     2956        0        0                           
        Stack      448      448        0        0                           
       Ashmem        2        0        0        0                           
      Gfx dev     1756     1756        0        0                           
    Other dev       16        0       16        0                           
     .so mmap     3566      184      952        0                           
    .apk mmap      354        0        4        0                           
    .ttf mmap      221        0       24        0                           
    .dex mmap     7070        4     6544        0                           
    .oat mmap     1212        0      176        0                           
    .art mmap      832      628        4        0                           
   Other mmap       34        4        4        0                           
   EGL mtrack    18524    18524        0        0                           
    GL mtrack     2788     2788        0        0                           
      Unknown     2387     2364        0        0                           
        TOTAL    56127    43568     7724        0    24255    16248     8006
 
 App Summary
                       Pss(KB)
                        ------
           Java Heap:     5180
         Native Heap:     9364
                Code:     7888
               Stack:      448
            Graphics:    23068
       Private Other:     5344
              System:     4835
 
               TOTAL:    56127       TOTAL SWAP PSS:        0
 
 Objects
               Views:       10         ViewRootImpl:        2
         AppContexts:        3           Activities:        1
              Assets:        2        AssetManagers:        3
       Local Binders:       18        Proxy Binders:       24
       Parcel memory:        6         Parcel count:       20
    Death Recipients:        2      OpenSSL Sockets:        0
            WebViews:        0
 
 SQL
         MEMORY_USED:        0
  PAGECACHE_OVERFLOW:        0          MALLOC_SIZE:        0
 
