Applications Memory Usage (in Kilobytes):
Uptime: 39218006 Realtime: 39218006

** MEMINFO in pid 10232 [org.savior.sync] **
                   Pss  Private  Private  SwapPss     Heap     Heap     Heap
                 Total    Dirty    Clean    Dirty     Size    Alloc     Free
                ------   ------   ------   ------   ------   ------   ------
  Native Heap     9380     9356        0        0    16384    12327     4056
  Dalvik Heap     4874     4856        0        0     7884     3942     3942
 Dalvik Other     2461     2460        0        0                           
        Stack      448      448        0        0                           
       Ashmem        2        0        0        0                           
      Gfx dev     1756     1756        0        0                           
    Other dev       12        0       12        0                           
     .so mmap     3314      284      600        0                           
    .apk mmap      354        0        4        0                           
    .ttf mmap      221        0       24        0                           
    .dex mmap     7068        4     6544        0                           
    .oat mmap     1201        0      184        0                           
    .art mmap      833      628        4        0                           
   Other mmap       34        4        4        0                           
   EGL mtrack    18524    18524        0        0                           
    GL mtrack     2788     2788        0        0                           
      Unknown     1120     1096        0        0                           
        TOTAL    54390    42204     7376        0    24268    16269     7998
 
 App Summary
                       Pss(KB)
                        ------
           Java Heap:     5488
         Native Heap:     9356
                Code:     7644
               Stack:      448
            Graphics:    23068
       Private Other:     3576
              System:     4810
 
               TOTAL:    54390       TOTAL SWAP PSS:        0
 
 Objects
               Views:       10         ViewRootImpl:        2
         AppContexts:        3           Activities:        1
              Assets:        2        AssetManagers:        3
       Local Binders:       18        Proxy Binders:       24
       Parcel memory:        6         Parcel count:       22
    Death Recipients:        2      OpenSSL Sockets:        0
            WebViews:        0
 
 SQL
         MEMORY_USED:        0
  PAGECACHE_OVERFLOW:        0          MALLOC_SIZE:        0
 
