Applications Memory Usage (in Kilobytes):
Uptime: 38994989 Realtime: 38994989

** MEMINFO in pid 30882 [org.savior.sync] **
                   Pss  Private  Private  SwapPss     Heap     Heap     Heap
                 Total    Dirty    Clean    Dirty     Size    Alloc     Free
                ------   ------   ------   ------   ------   ------   ------
  Native Heap     9028     9000        0        0    14336    12082     2253
  Dalvik Heap     5242     5224        0        0     8031     4016     4015
 Dalvik Other     6153     6152        0        0                           
        Stack      448      448        0        0                           
       Ashmem        2        0        0        0                           
      Gfx dev     1756     1756        0        0                           
    Other dev       12        0       12        0                           
     .so mmap     3315      284      600        0                           
    .apk mmap      283        0        4        0                           
    .ttf mmap      219        0       24        0                           
    .dex mmap     7035        4     6512        0                           
    .oat mmap     1189        0      180        0                           
    .art mmap      832      628        4        0                           
   Other mmap       34        4        4        0                           
   EGL mtrack    18524    18524        0        0                           
    GL mtrack     2788     2788        0        0                           
      Unknown     1144     1120        0        0                           
        TOTAL    58004    45932     7340        0    22367    16098     6268
 
 App Summary
                       Pss(KB)
                        ------
           Java Heap:     5856
         Native Heap:     9000
                Code:     7608
               Stack:      448
            Graphics:    23068
       Private Other:     7292
              System:     4732
 
               TOTAL:    58004       TOTAL SWAP PSS:        0
 
 Objects
               Views:       10         ViewRootImpl:        2
         AppContexts:        3           Activities:        1
              Assets:        2        AssetManagers:        3
       Local Binders:       18        Proxy Binders:       25
       Parcel memory:        6         Parcel count:       22
    Death Recipients:        2      OpenSSL Sockets:        0
            WebViews:        0
 
 SQL
         MEMORY_USED:        0
  PAGECACHE_OVERFLOW:        0          MALLOC_SIZE:        0
 
