Applications Memory Usage (in Kilobytes):
Uptime: 39232559 Realtime: 39232559

** MEMINFO in pid 10879 [org.savior.sync] **
                   Pss  Private  Private  SwapPss     Heap     Heap     Heap
                 Total    Dirty    Clean    Dirty     Size    Alloc     Free
                ------   ------   ------   ------   ------   ------   ------
  Native Heap     9426     9396        0        0    16384    12167     4216
  Dalvik Heap     4162     4144        0        0     7840     3920     3920
 Dalvik Other     2401     2400        0        0                           
        Stack      448      448        0        0                           
       Ashmem        2        0        0        0                           
      Gfx dev     1756     1756        0        0                           
    Other dev       12        0       12        0                           
     .so mmap     3391      184      780        0                           
    .apk mmap      350        0        0        0                           
    .ttf mmap      221        0       24        0                           
    .dex mmap     7023        4     6500        0                           
    .oat mmap     1203        0      180        0                           
    .art mmap      833      628        4        0                           
   Other mmap       34        4        4        0                           
   EGL mtrack    18524    18524        0        0                           
    GL mtrack     2788     2788        0        0                           
      Unknown     1987     1964        0        0                           
        TOTAL    54561    42240     7504        0    24224    16087     8136
 
 App Summary
                       Pss(KB)
                        ------
           Java Heap:     4776
         Native Heap:     9396
                Code:     7672
               Stack:      448
            Graphics:    23068
       Private Other:     4384
              System:     4817
 
               TOTAL:    54561       TOTAL SWAP PSS:        0
 
 Objects
               Views:       10         ViewRootImpl:        2
         AppContexts:        3           Activities:        1
              Assets:        2        AssetManagers:        3
       Local Binders:       18        Proxy Binders:       25
       Parcel memory:        6         Parcel count:       22
    Death Recipients:        2      OpenSSL Sockets:        0
            WebViews:        0
 
 SQL
         MEMORY_USED:        0
  PAGECACHE_OVERFLOW:        0          MALLOC_SIZE:        0
 
