Applications Memory Usage (in Kilobytes):
Uptime: 38981972 Realtime: 38981972

** MEMINFO in pid 30466 [org.savior.sync] **
                   Pss  Private  Private  SwapPss     Heap     Heap     Heap
                 Total    Dirty    Clean    Dirty     Size    Alloc     Free
                ------   ------   ------   ------   ------   ------   ------
  Native Heap     9448     9416        0        0    16384    12232     4151
  Dalvik Heap     4678     4660        0        0     7868     3934     3934
 Dalvik Other     2533     2532        0        0                           
        Stack      428      428        0        0                           
       Ashmem        2        0        0        0                           
      Gfx dev     1756     1756        0        0                           
    Other dev       12        0       12        0                           
     .so mmap     3396      184      780        0                           
    .apk mmap      350        0        0        0                           
    .ttf mmap      219        0       24        0                           
    .dex mmap     7067        4     6540        0                           
    .oat mmap     1248        0      192        0                           
    .art mmap      832      628        4        0                           
   Other mmap       34        4        4        0                           
   EGL mtrack    18524    18524        0        0                           
    GL mtrack     2788     2788        0        0                           
      Unknown     1911     1888        0        0                           
        TOTAL    55226    42812     7556        0    24252    16166     8085
 
 App Summary
                       Pss(KB)
                        ------
           Java Heap:     5292
         Native Heap:     9416
                Code:     7724
               Stack:      428
            Graphics:    23068
       Private Other:     4440
              System:     4858
 
               TOTAL:    55226       TOTAL SWAP PSS:        0
 
 Objects
               Views:       10         ViewRootImpl:        2
         AppContexts:        3           Activities:        1
              Assets:        2        AssetManagers:        3
       Local Binders:       18        Proxy Binders:       24
       Parcel memory:        6         Parcel count:       22
    Death Recipients:        2      OpenSSL Sockets:        0
            WebViews:        0
 
 SQL
         MEMORY_USED:        0
  PAGECACHE_OVERFLOW:        0          MALLOC_SIZE:        0
 
