Applications Memory Usage (in Kilobytes):
Uptime: 38711483 Realtime: 38711483

** MEMINFO in pid 21801 [org.savior.sync] **
                   Pss  Private  Private  SwapPss     Heap     Heap     Heap
                 Total    Dirty    Clean    Dirty     Size    Alloc     Free
                ------   ------   ------   ------   ------   ------   ------
  Native Heap     9560     9528        0        0    16384    12394     3989
  Dalvik Heap     3738     3720        0        0     7872     3936     3936
 Dalvik Other     2521     2520        0        0                           
        Stack      448      448        0        0                           
       Ashmem        2        0        0        0                           
      Gfx dev     1756     1756        0        0                           
    Other dev       12        0       12        0                           
     .so mmap     3395      184      780        0                           
    .apk mmap      279        0        0        0                           
    .ttf mmap      219        0       24        0                           
    .dex mmap     7071        4     6544        0                           
    .oat mmap     1203        0      180        0                           
    .art mmap      832      628        4        0                           
   Other mmap       34        4        4        0                           
   EGL mtrack    18524    18524        0        0                           
    GL mtrack     2788     2788        0        0                           
      Unknown     1967     1944        0        0                           
        TOTAL    54349    42048     7548        0    24256    16330     7925
 
 App Summary
                       Pss(KB)
                        ------
           Java Heap:     4352
         Native Heap:     9528
                Code:     7716
               Stack:      448
            Graphics:    23068
       Private Other:     4484
              System:     4753
 
               TOTAL:    54349       TOTAL SWAP PSS:        0
 
 Objects
               Views:       10         ViewRootImpl:        2
         AppContexts:        3           Activities:        1
              Assets:        2        AssetManagers:        3
       Local Binders:       18        Proxy Binders:       24
       Parcel memory:        6         Parcel count:       22
    Death Recipients:        2      OpenSSL Sockets:        0
            WebViews:        0
 
 SQL
         MEMORY_USED:        0
  PAGECACHE_OVERFLOW:        0          MALLOC_SIZE:        0
 
