Applications Memory Usage (in Kilobytes):
Uptime: 39246064 Realtime: 39246064

** MEMINFO in pid 11529 [org.savior.sync] **
                   Pss  Private  Private  SwapPss     Heap     Heap     Heap
                 Total    Dirty    Clean    Dirty     Size    Alloc     Free
                ------   ------   ------   ------   ------   ------   ------
  Native Heap     9234     9204        0        0    14336    11859     2476
  Dalvik Heap     4342     4324        0        0     7860     3930     3930
 Dalvik Other     2397     2396        0        0                           
        Stack      448      448        0        0                           
       Ashmem        2        0        0        0                           
      Gfx dev     1756     1756        0        0                           
    Other dev       12        0       12        0                           
     .so mmap     3861      284     1148        0                           
    .apk mmap      350        0        0        0                           
    .ttf mmap      221        0       24        0                           
    .dex mmap     7030        4     6504        0                           
    .oat mmap     1223        0      188        0                           
    .art mmap      829      628        0        0                           
   Other mmap       34        4        4        0                           
   EGL mtrack    18524    18524        0        0                           
    GL mtrack     2788     2788        0        0                           
      Unknown     1216     1192        0        0                           
        TOTAL    54267    41552     7880        0    22196    15789     6406
 
 App Summary
                       Pss(KB)
                        ------
           Java Heap:     4952
         Native Heap:     9204
                Code:     8152
               Stack:      448
            Graphics:    23068
       Private Other:     3608
              System:     4835
 
               TOTAL:    54267       TOTAL SWAP PSS:        0
 
 Objects
               Views:       10         ViewRootImpl:        2
         AppContexts:        3           Activities:        1
              Assets:        2        AssetManagers:        3
       Local Binders:       18        Proxy Binders:       25
       Parcel memory:        6         Parcel count:       22
    Death Recipients:        2      OpenSSL Sockets:        0
            WebViews:        0
 
 SQL
         MEMORY_USED:        0
  PAGECACHE_OVERFLOW:        0          MALLOC_SIZE:        0
 
