Applications Memory Usage (in Kilobytes):
Uptime: 38968958 Realtime: 38968958

** MEMINFO in pid 30042 [org.savior.sync] **
                   Pss  Private  Private  SwapPss     Heap     Heap     Heap
                 Total    Dirty    Clean    Dirty     Size    Alloc     Free
                ------   ------   ------   ------   ------   ------   ------
  Native Heap     9061     9032        0        0    16384    11775     4608
  Dalvik Heap     4334     4316        0        0     8001     4001     4000
 Dalvik Other     2577     2576        0        0                           
        Stack      448      448        0        0                           
       Ashmem        2        0        0        0                           
      Gfx dev     1756     1756        0        0                           
    Other dev       12        0       12        0                           
     .so mmap     3861      284     1148        0                           
    .apk mmap      279        0        0        0                           
    .ttf mmap      219        0       24        0                           
    .dex mmap     7019        4     6504        0                           
    .oat mmap     1232        0      184        0                           
    .art mmap      832      628        4        0                           
   Other mmap       34        4        4        0                           
   EGL mtrack    18524    18524        0        0                           
    GL mtrack     2788     2788        0        0                           
      Unknown     1200     1176        0        0                           
        TOTAL    54178    41536     7880        0    24385    15776     8608
 
 App Summary
                       Pss(KB)
                        ------
           Java Heap:     4948
         Native Heap:     9032
                Code:     8148
               Stack:      448
            Graphics:    23068
       Private Other:     3772
              System:     4762
 
               TOTAL:    54178       TOTAL SWAP PSS:        0
 
 Objects
               Views:       10         ViewRootImpl:        2
         AppContexts:        3           Activities:        1
              Assets:        2        AssetManagers:        3
       Local Binders:       18        Proxy Binders:       25
       Parcel memory:        6         Parcel count:       20
    Death Recipients:        2      OpenSSL Sockets:        0
            WebViews:        0
 
 SQL
         MEMORY_USED:        0
  PAGECACHE_OVERFLOW:        0          MALLOC_SIZE:        0
 
