Applications Memory Usage (in Kilobytes):
Uptime: 39259633 Realtime: 39259633

** MEMINFO in pid 12215 [org.savior.sync] **
                   Pss  Private  Private  SwapPss     Heap     Heap     Heap
                 Total    Dirty    Clean    Dirty     Size    Alloc     Free
                ------   ------   ------   ------   ------   ------   ------
  Native Heap     8834     8808        0        0    14336    11638     2697
  Dalvik Heap     5822     5804        0        0     8043     4022     4021
 Dalvik Other     7221     7220        0        0                           
        Stack      448      448        0        0                           
       Ashmem        2        0        0        0                           
      Gfx dev     1756     1756        0        0                           
    Other dev       12        0       12        0                           
     .so mmap     3565      184      952        0                           
    .apk mmap      354        0        4        0                           
    .ttf mmap      221        0       24        0                           
    .dex mmap     6998        4     6484        0                           
    .oat mmap     1206        0      184        0                           
    .art mmap      832      628        4        0                           
   Other mmap       34        4        4        0                           
   EGL mtrack    18524    18524        0        0                           
    GL mtrack     2788     2788        0        0                           
      Unknown     2371     2348        0        0                           
        TOTAL    60988    48516     7668        0    22379    15660     6718
 
 App Summary
                       Pss(KB)
                        ------
           Java Heap:     6436
         Native Heap:     8808
                Code:     7836
               Stack:      448
            Graphics:    23068
       Private Other:     9588
              System:     4804
 
               TOTAL:    60988       TOTAL SWAP PSS:        0
 
 Objects
               Views:       10         ViewRootImpl:        2
         AppContexts:        3           Activities:        1
              Assets:        2        AssetManagers:        3
       Local Binders:       18        Proxy Binders:       25
       Parcel memory:        6         Parcel count:       22
    Death Recipients:        2      OpenSSL Sockets:        0
            WebViews:        0
 
 SQL
         MEMORY_USED:        0
  PAGECACHE_OVERFLOW:        0          MALLOC_SIZE:        0
 
