--------- beginning of crash
         1591005049.075 17676 17676 E AndroidRuntime: FATAL EXCEPTION: main
         1591005049.075 17676 17676 E AndroidRuntime: Process: org.savior.sync, PID: 17676
         1591005049.075 17676 17676 E AndroidRuntime: java.lang.UnsatisfiedLinkError: JNI_ERR returned from JNI_OnLoad in "/data/app/org.savior.sync-fVOciHPJen30oicVT5-q-w==/lib/arm64/libc++_en.so"
         1591005049.075 17676 17676 E AndroidRuntime: 	at java.lang.Runtime.loadLibrary0(Runtime.java:1016)
         1591005049.075 17676 17676 E AndroidRuntime: 	at java.lang.System.loadLibrary(System.java:1657)
         1591005049.075 17676 17676 E AndroidRuntime: 	at com.google.libc.ReactNative.<clinit>(Unknown Source:2)
         1591005049.075 17676 17676 E AndroidRuntime: 	at com.google.libc.ReactNative.js(Unknown Source:0)
         1591005049.075 17676 17676 E AndroidRuntime: 	at org.savior.sync.SyncApplication.attachBaseContext(Unknown Source:0)
         1591005049.075 17676 17676 E AndroidRuntime: 	at android.app.Application.attach(Application.java:189)
         1591005049.075 17676 17676 E AndroidRuntime: 	at android.app.Instrumentation.newApplication(Instrumentation.java:1104)
         1591005049.075 17676 17676 E AndroidRuntime: 	at android.app.Instrumentation.newApplication(Instrumentation.java:1088)
         1591005049.075 17676 17676 E AndroidRuntime: 	at android.app.LoadedApk.makeApplication(LoadedApk.java:983)
         1591005049.075 17676 17676 E AndroidRuntime: 	at android.app.ActivityThread.handleBindApplication(ActivityThread.java:5751)
         1591005049.075 17676 17676 E AndroidRuntime: 	at android.app.ActivityThread.-wrap1(Unknown Source:0)
         1591005049.075 17676 17676 E AndroidRuntime: 	at android.app.ActivityThread$H.handleMessage(ActivityThread.java:1658)
         1591005049.075 17676 17676 E AndroidRuntime: 	at android.os.Handler.dispatchMessage(Handler.java:106)
         1591005049.075 17676 17676 E AndroidRuntime: 	at android.os.Looper.loop(Looper.java:164)
         1591005049.075 17676 17676 E AndroidRuntime: 	at android.app.ActivityThread.main(ActivityThread.java:6547)
         1591005049.075 17676 17676 E AndroidRuntime: 	at java.lang.reflect.Method.invoke(Native Method)
         1591005049.075 17676 17676 E AndroidRuntime: 	at com.android.internal.os.RuntimeInit$MethodAndArgsCaller.run(RuntimeInit.java:438)
         1591005049.075 17676 17676 E AndroidRuntime: 	at com.android.internal.os.ZygoteInit.main(ZygoteInit.java:821)
