Applications Memory Usage (in Kilobytes):
Uptime: 52722868 Realtime: 52722868

** MEMINFO in pid 22132 [org.savior.sync] **
                   Pss  Private  Private  SwapPss     Heap     Heap     Heap
                 Total    Dirty    Clean    Dirty     Size    Alloc     Free
                ------   ------   ------   ------   ------   ------   ------
  Native Heap     9190     9160        0        0    14336    12068     2267
  Dalvik Heap     5490     5472        0        0     7855     3928     3927
 Dalvik Other     2361     2360        0        0                           
        Stack      448      448        0        0                           
       Ashmem        2        0        0        0                           
      Gfx dev     1752     1752        0        0                           
    Other dev       12        0       12        0                           
     .so mmap     3313      284      600        0                           
    .apk mmap      354        0        4        0                           
    .ttf mmap      221        0       24        0                           
    .dex mmap     7009        4     6492        0                           
    .oat mmap     1184        0      172        0                           
    .art mmap      828      628        0        0                           
   Other mmap       34        4        4        0                           
   EGL mtrack    18524    18524        0        0                           
    GL mtrack     2792     2792        0        0                           
      Unknown     1108     1084        0        0                           
        TOTAL    54622    42512     7308        0    22191    15996     6194
 
 App Summary
                       Pss(KB)
                        ------
           Java Heap:     6100
         Native Heap:     9160
                Code:     7580
               Stack:      448
            Graphics:    23068
       Private Other:     3464
              System:     4802
 
               TOTAL:    54622       TOTAL SWAP PSS:        0
 
 Objects
               Views:       10         ViewRootImpl:        2
         AppContexts:        3           Activities:        1
              Assets:        2        AssetManagers:        3
       Local Binders:       18        Proxy Binders:       24
       Parcel memory:        6         Parcel count:       22
    Death Recipients:        2      OpenSSL Sockets:        0
            WebViews:        0
 
 SQL
         MEMORY_USED:        0
  PAGECACHE_OVERFLOW:        0          MALLOC_SIZE:        0
 
