Applications Memory Usage (in Kilobytes):
Uptime: 52492552 Realtime: 52492552

** MEMINFO in pid 11754 [org.savior.sync] **
                   Pss  Private  Private  SwapPss     Heap     Heap     Heap
                 Total    Dirty    Clean    Dirty     Size    Alloc     Free
                ------   ------   ------   ------   ------   ------   ------
  Native Heap     9340     9312        0        0    14336    12208     2127
  Dalvik Heap     3710     3692        0        0     7862     3931     3931
 Dalvik Other     2521     2520        0        0                           
        Stack      428      428        0        0                           
       Ashmem        2        0        0        0                           
      Gfx dev     1756     1756        0        0                           
    Other dev       12        0       12        0                           
     .so mmap     3315      284      600        0                           
    .apk mmap      354        0        4        0                           
    .ttf mmap      221        0       24        0                           
    .dex mmap     7018        4     6496        0                           
    .oat mmap     1181        0      172        0                           
    .art mmap      829      628        0        0                           
   Other mmap       34        4        4        0                           
   EGL mtrack    18524    18524        0        0                           
    GL mtrack     2788     2788        0        0                           
      Unknown     1156     1132        0        0                           
        TOTAL    53189    41072     7312        0    22198    16139     6058
 
 App Summary
                       Pss(KB)
                        ------
           Java Heap:     4320
         Native Heap:     9312
                Code:     7584
               Stack:      428
            Graphics:    23068
       Private Other:     3672
              System:     4805
 
               TOTAL:    53189       TOTAL SWAP PSS:        0
 
 Objects
               Views:       10         ViewRootImpl:        2
         AppContexts:        3           Activities:        1
              Assets:        2        AssetManagers:        3
       Local Binders:       18        Proxy Binders:       24
       Parcel memory:        6         Parcel count:       20
    Death Recipients:        2      OpenSSL Sockets:        0
            WebViews:        0
 
 SQL
         MEMORY_USED:        0
  PAGECACHE_OVERFLOW:        0          MALLOC_SIZE:        0
 
