Applications Memory Usage (in Kilobytes):
Uptime: 52479504 Realtime: 52479504

** MEMINFO in pid 11175 [org.savior.sync] **
                   Pss  Private  Private  SwapPss     Heap     Heap     Heap
                 Total    Dirty    Clean    Dirty     Size    Alloc     Free
                ------   ------   ------   ------   ------   ------   ------
  Native Heap     9710     9684        0        0    16384    12373     4010
  Dalvik Heap     4458     4440        0        0     7836     3918     3918
 Dalvik Other     2373     2372        0        0                           
        Stack      452      452        0        0                           
       Ashmem        2        0        0        0                           
      Gfx dev     1752     1752        0        0                           
    Other dev       12        0       12        0                           
     .so mmap     3393      184      780        0                           
    .apk mmap      350        0        0        0                           
    .ttf mmap      221        0       24        0                           
    .dex mmap     6993        4     6480        0                           
    .oat mmap     1189        0      176        0                           
    .art mmap      829      628        0        0                           
   Other mmap       34        4        4        0                           
   EGL mtrack    18524    18524        0        0                           
    GL mtrack     2792     2792        0        0                           
      Unknown     1959     1936        0        0                           
        TOTAL    55043    42772     7476        0    24220    16291     7928
 
 App Summary
                       Pss(KB)
                        ------
           Java Heap:     5068
         Native Heap:     9684
                Code:     7648
               Stack:      452
            Graphics:    23068
       Private Other:     4328
              System:     4795
 
               TOTAL:    55043       TOTAL SWAP PSS:        0
 
 Objects
               Views:       10         ViewRootImpl:        2
         AppContexts:        3           Activities:        1
              Assets:        2        AssetManagers:        3
       Local Binders:       18        Proxy Binders:       24
       Parcel memory:        6         Parcel count:       20
    Death Recipients:        2      OpenSSL Sockets:        0
            WebViews:        0
 
 SQL
         MEMORY_USED:        0
  PAGECACHE_OVERFLOW:        0          MALLOC_SIZE:        0
 
