Applications Memory Usage (in Kilobytes):
Uptime: 52750849 Realtime: 52750849

** MEMINFO in pid 23374 [org.savior.sync] **
                   Pss  Private  Private  SwapPss     Heap     Heap     Heap
                 Total    Dirty    Clean    Dirty     Size    Alloc     Free
                ------   ------   ------   ------   ------   ------   ------
  Native Heap     9362     9336        0        0    16384    12179     4204
  Dalvik Heap     3346     3328        0        0     7877     3939     3938
 Dalvik Other     2585     2584        0        0                           
        Stack      448      448        0        0                           
       Ashmem        2        0        0        0                           
      Gfx dev     1756     1756        0        0                           
    Other dev       12        0       12        0                           
     .so mmap     3863      284     1148        0                           
    .apk mmap      350        0        0        0                           
    .ttf mmap      221        0       24        0                           
    .dex mmap     7081        4     6556        0                           
    .oat mmap     1212        0      180        0                           
    .art mmap      832      628        4        0                           
   Other mmap       34        4        4        0                           
   EGL mtrack    18524    18524        0        0                           
    GL mtrack     2788     2788        0        0                           
      Unknown     1228     1204        0        0                           
        TOTAL    53644    40888     7928        0    24261    16118     8142
 
 App Summary
                       Pss(KB)
                        ------
           Java Heap:     3960
         Native Heap:     9336
                Code:     8196
               Stack:      448
            Graphics:    23068
       Private Other:     3808
              System:     4828
 
               TOTAL:    53644       TOTAL SWAP PSS:        0
 
 Objects
               Views:       10         ViewRootImpl:        2
         AppContexts:        3           Activities:        1
              Assets:        2        AssetManagers:        3
       Local Binders:       18        Proxy Binders:       24
       Parcel memory:        6         Parcel count:       22
    Death Recipients:        2      OpenSSL Sockets:        0
            WebViews:        0
 
 SQL
         MEMORY_USED:        0
  PAGECACHE_OVERFLOW:        0          MALLOC_SIZE:        0
 
