Applications Memory Usage (in Kilobytes):
Uptime: 52465636 Realtime: 52465636

** MEMINFO in pid 10525 [org.savior.sync] **
                   Pss  Private  Private  SwapPss     Heap     Heap     Heap
                 Total    Dirty    Clean    Dirty     Size    Alloc     Free
                ------   ------   ------   ------   ------   ------   ------
  Native Heap     8890     8860        0        0    14336    11812     2523
  Dalvik Heap     6434     6416        0        0     8246     4123     4123
 Dalvik Other     2825     2824        0        0                           
        Stack      448      448        0        0                           
       Ashmem        2        0        0        0                           
      Gfx dev     1756     1756        0        0                           
    Other dev       16        0       16        0                           
     .so mmap     3861      284     1148        0                           
    .apk mmap      350        0        0        0                           
    .ttf mmap      221        0       24        0                           
    .dex mmap     7005        4     6484        0                           
    .oat mmap     1184        0      172        0                           
    .art mmap      826      628        0        0                           
   Other mmap       34        4        4        0                           
   EGL mtrack    18524    18524        0        0                           
    GL mtrack     2788     2788        0        0                           
      Unknown     1244     1220        0        0                           
        TOTAL    56408    43756     7848        0    22582    15935     6646
 
 App Summary
                       Pss(KB)
                        ------
           Java Heap:     7044
         Native Heap:     8860
                Code:     8116
               Stack:      448
            Graphics:    23068
       Private Other:     4068
              System:     4804
 
               TOTAL:    56408       TOTAL SWAP PSS:        0
 
 Objects
               Views:       10         ViewRootImpl:        2
         AppContexts:        3           Activities:        1
              Assets:        2        AssetManagers:        3
       Local Binders:       18        Proxy Binders:       25
       Parcel memory:        6         Parcel count:       22
    Death Recipients:        2      OpenSSL Sockets:        0
            WebViews:        0
 
 SQL
         MEMORY_USED:        0
  PAGECACHE_OVERFLOW:        0          MALLOC_SIZE:        0
 
