Applications Memory Usage (in Kilobytes):
Uptime: 52451662 Realtime: 52451662

** MEMINFO in pid 9906 [org.savior.sync] **
                   Pss  Private  Private  SwapPss     Heap     Heap     Heap
                 Total    Dirty    Clean    Dirty     Size    Alloc     Free
                ------   ------   ------   ------   ------   ------   ------
  Native Heap     9006     8976        0        0    14336    11960     2375
  Dalvik Heap     3786     3768        0        0     8107     4054     4053
 Dalvik Other    10073    10072        0        0                           
        Stack      428      428        0        0                           
       Ashmem        2        0        0        0                           
      Gfx dev     1756     1756        0        0                           
    Other dev       12        0       12        0                           
     .so mmap     3567      184      952        0                           
    .apk mmap      354        0        4        0                           
    .ttf mmap      221        0       24        0                           
    .dex mmap     7058        4     6532        0                           
    .oat mmap     1188        0      176        0                           
    .art mmap      832      628        4        0                           
   Other mmap       34        4        4        0                           
   EGL mtrack    18524    18524        0        0                           
    GL mtrack     2788     2788        0        0                           
      Unknown     2395     2372        0        0                           
        TOTAL    62024    49504     7708        0    22443    16014     6428
 
 App Summary
                       Pss(KB)
                        ------
           Java Heap:     4400
         Native Heap:     8976
                Code:     7876
               Stack:      428
            Graphics:    23068
       Private Other:    12464
              System:     4812
 
               TOTAL:    62024       TOTAL SWAP PSS:        0
 
 Objects
               Views:       10         ViewRootImpl:        2
         AppContexts:        3           Activities:        1
              Assets:        2        AssetManagers:        3
       Local Binders:       18        Proxy Binders:       25
       Parcel memory:        6         Parcel count:       22
    Death Recipients:        2      OpenSSL Sockets:        0
            WebViews:        0
 
 SQL
         MEMORY_USED:        0
  PAGECACHE_OVERFLOW:        0          MALLOC_SIZE:        0
 
