Applications Memory Usage (in Kilobytes):
Uptime: 52763982 Realtime: 52763982

** MEMINFO in pid 23982 [org.savior.sync] **
                   Pss  Private  Private  SwapPss     Heap     Heap     Heap
                 Total    Dirty    Clean    Dirty     Size    Alloc     Free
                ------   ------   ------   ------   ------   ------   ------
  Native Heap     8904     8876        0        0    14336    11829     2506
  Dalvik Heap     5302     5284        0        0     8172     4086     4086
 Dalvik Other     5081     5080        0        0                           
        Stack      436      436        0        0                           
       Ashmem        2        0        0        0                           
      Gfx dev     1756     1756        0        0                           
    Other dev       12        0       12        0                           
     .so mmap     3567      184      952        0                           
    .apk mmap      354        0        4        0                           
    .ttf mmap      221        0       24        0                           
    .dex mmap     7047        4     6516        0                           
    .oat mmap     1205        0      176        0                           
    .art mmap      833      628        4        0                           
   Other mmap       34        4        4        0                           
   EGL mtrack    18524    18524        0        0                           
    GL mtrack     2788     2788        0        0                           
      Unknown     2375     2352        0        0                           
        TOTAL    58441    45916     7692        0    22508    15915     6592
 
 App Summary
                       Pss(KB)
                        ------
           Java Heap:     5916
         Native Heap:     8876
                Code:     7860
               Stack:      436
            Graphics:    23068
       Private Other:     7452
              System:     4833
 
               TOTAL:    58441       TOTAL SWAP PSS:        0
 
 Objects
               Views:       10         ViewRootImpl:        2
         AppContexts:        3           Activities:        1
              Assets:        2        AssetManagers:        3
       Local Binders:       18        Proxy Binders:       25
       Parcel memory:       31         Parcel count:       23
    Death Recipients:        2      OpenSSL Sockets:        0
            WebViews:        0
 
 SQL
         MEMORY_USED:        0
  PAGECACHE_OVERFLOW:        0          MALLOC_SIZE:        0
 
