Applications Memory Usage (in Kilobytes):
Uptime: 49936322 Realtime: 49936322

** MEMINFO in pid 19134 [org.savior.sync] **
                   Pss  Private  Private  SwapPss     Heap     Heap     Heap
                 Total    Dirty    Clean    Dirty     Size    Alloc     Free
                ------   ------   ------   ------   ------   ------   ------
  Native Heap     9494     9464        0        0    16384    12342     4041
  Dalvik Heap     4698     4680        0        0     7869     3935     3934
 Dalvik Other     2453     2452        0        0                           
        Stack      448      448        0        0                           
       Ashmem        2        0        0        0                           
      Gfx dev     1756     1756        0        0                           
    Other dev       12        0       12        0                           
     .so mmap     3307      284      592        0                           
    .apk mmap      354        0        4        0                           
    .ttf mmap      221        0       24        0                           
    .dex mmap     7063        4     6536        0                           
    .oat mmap     1224        0      188        0                           
    .art mmap      833      628        4        0                           
   Other mmap       34        4        4        0                           
   EGL mtrack    18524    18524        0        0                           
    GL mtrack     2788     2788        0        0                           
      Unknown     1164     1140        0        0                           
        TOTAL    54375    42172     7364        0    24253    16277     7975
 
 App Summary
                       Pss(KB)
                        ------
           Java Heap:     5312
         Native Heap:     9464
                Code:     7632
               Stack:      448
            Graphics:    23068
       Private Other:     3612
              System:     4839
 
               TOTAL:    54375       TOTAL SWAP PSS:        0
 
 Objects
               Views:       10         ViewRootImpl:        2
         AppContexts:        3           Activities:        1
              Assets:        2        AssetManagers:        3
       Local Binders:       18        Proxy Binders:       24
       Parcel memory:        6         Parcel count:       22
    Death Recipients:        2      OpenSSL Sockets:        0
            WebViews:        0
 
 SQL
         MEMORY_USED:        0
  PAGECACHE_OVERFLOW:        0          MALLOC_SIZE:        0
 
