Applications Memory Usage (in Kilobytes):
Uptime: 49950777 Realtime: 49950777

** MEMINFO in pid 19773 [org.savior.sync] **
                   Pss  Private  Private  SwapPss     Heap     Heap     Heap
                 Total    Dirty    Clean    Dirty     Size    Alloc     Free
                ------   ------   ------   ------   ------   ------   ------
  Native Heap     9644     9616        0        0    16384    12521     3862
  Dalvik Heap     5006     4988        0        0     7870     3935     3935
 Dalvik Other     2921     2920        0        0                           
        Stack      448      448        0        0                           
       Ashmem        2        0        0        0                           
      Gfx dev     1756     1756        0        0                           
    Other dev       12        0       12        0                           
     .so mmap     3396      184      780        0                           
    .apk mmap      350        0        0        0                           
    .ttf mmap      221        0       24        0                           
    .dex mmap     7046        4     6516        0                           
    .oat mmap     1208        0      180        0                           
    .art mmap      833      628        4        0                           
   Other mmap       34        4        4        0                           
   EGL mtrack    18524    18524        0        0                           
    GL mtrack     2788     2788        0        0                           
      Unknown     1951     1928        0        0                           
        TOTAL    56140    43788     7520        0    24254    16456     7797
 
 App Summary
                       Pss(KB)
                        ------
           Java Heap:     5620
         Native Heap:     9616
                Code:     7688
               Stack:      448
            Graphics:    23068
       Private Other:     4868
              System:     4832
 
               TOTAL:    56140       TOTAL SWAP PSS:        0
 
 Objects
               Views:       10         ViewRootImpl:        2
         AppContexts:        3           Activities:        1
              Assets:        2        AssetManagers:        3
       Local Binders:       18        Proxy Binders:       24
       Parcel memory:        6         Parcel count:       22
    Death Recipients:        2      OpenSSL Sockets:        0
            WebViews:        0
 
 SQL
         MEMORY_USED:        0
  PAGECACHE_OVERFLOW:        0          MALLOC_SIZE:        0
 
