Applications Memory Usage (in Kilobytes):
Uptime: 50207897 Realtime: 50207897

** MEMINFO in pid 28628 [org.savior.sync] **
                   Pss  Private  Private  SwapPss     Heap     Heap     Heap
                 Total    Dirty    Clean    Dirty     Size    Alloc     Free
                ------   ------   ------   ------   ------   ------   ------
  Native Heap     9082     9056        0        0    14336    11979     2356
  Dalvik Heap     4590     4572        0        0     8028     4014     4014
 Dalvik Other     3309     3308        0        0                           
        Stack      428      428        0        0                           
       Ashmem        2        0        0        0                           
      Gfx dev     1752     1752        0        0                           
    Other dev       12        0       12        0                           
     .so mmap     3867      284     1152        0                           
    .apk mmap      350        0        0        0                           
    .ttf mmap      221        0       24        0                           
    .dex mmap     7043        4     6512        0                           
    .oat mmap     1204        0      184        0                           
    .art mmap      833      628        4        0                           
   Other mmap       34        4        4        0                           
   EGL mtrack    18524    18524        0        0                           
    GL mtrack     2792     2792        0        0                           
      Unknown     1248     1224        0        0                           
        TOTAL    55291    42576     7892        0    22364    15993     6370
 
 App Summary
                       Pss(KB)
                        ------
           Java Heap:     5204
         Native Heap:     9056
                Code:     8160
               Stack:      428
            Graphics:    23068
       Private Other:     4552
              System:     4823
 
               TOTAL:    55291       TOTAL SWAP PSS:        0
 
 Objects
               Views:       10         ViewRootImpl:        2
         AppContexts:        3           Activities:        1
              Assets:        2        AssetManagers:        3
       Local Binders:       18        Proxy Binders:       25
       Parcel memory:        6         Parcel count:       22
    Death Recipients:        2      OpenSSL Sockets:        0
            WebViews:        0
 
 SQL
         MEMORY_USED:        0
  PAGECACHE_OVERFLOW:        0          MALLOC_SIZE:        0
 
