Applications Memory Usage (in Kilobytes):
Uptime: 49965625 Realtime: 49965625

** MEMINFO in pid 20417 [org.savior.sync] **
                   Pss  Private  Private  SwapPss     Heap     Heap     Heap
                 Total    Dirty    Clean    Dirty     Size    Alloc     Free
                ------   ------   ------   ------   ------   ------   ------
  Native Heap     9722     9692        0        0    18432    12191     6240
  Dalvik Heap     4830     4812        0        0     7870     3935     3935
 Dalvik Other     2621     2620        0        0                           
        Stack      428      428        0        0                           
       Ashmem        2        0        0        0                           
      Gfx dev     2024     2024        0        0                           
    Other dev       16        0       16        0                           
     .so mmap     3867      284     1152        0                           
    .apk mmap      350        0        0        0                           
    .ttf mmap      221        0       24        0                           
    .dex mmap     7079        4     6552        0                           
    .oat mmap     1254        0      188        0                           
    .art mmap      832      628        4        0                           
   Other mmap       34        4        4        0                           
   EGL mtrack    18524    18524        0        0                           
    GL mtrack     2580     2580        0        0                           
      Unknown     1212     1188        0        0                           
        TOTAL    55596    42788     7940        0    26302    16126    10175
 
 App Summary
                       Pss(KB)
                        ------
           Java Heap:     5444
         Native Heap:     9692
                Code:     8204
               Stack:      428
            Graphics:    23128
       Private Other:     3832
              System:     4868
 
               TOTAL:    55596       TOTAL SWAP PSS:        0
 
 Objects
               Views:       10         ViewRootImpl:        2
         AppContexts:        3           Activities:        1
              Assets:        2        AssetManagers:        3
       Local Binders:       18        Proxy Binders:       24
       Parcel memory:        6         Parcel count:       22
    Death Recipients:        2      OpenSSL Sockets:        0
            WebViews:        0
 
 SQL
         MEMORY_USED:        0
  PAGECACHE_OVERFLOW:        0          MALLOC_SIZE:        0
 
