Applications Memory Usage (in Kilobytes):
Uptime: 49979910 Realtime: 49979910

** MEMINFO in pid 21090 [org.savior.sync] **
                   Pss  Private  Private  SwapPss     Heap     Heap     Heap
                 Total    Dirty    Clean    Dirty     Size    Alloc     Free
                ------   ------   ------   ------   ------   ------   ------
  Native Heap     9322     9296        0        0    16384    12299     4084
  Dalvik Heap     5722     5704        0        0     7842     3921     3921
 Dalvik Other     2345     2344        0        0                           
        Stack      448      448        0        0                           
       Ashmem        2        0        0        0                           
      Gfx dev     1756     1756        0        0                           
    Other dev       12        0       12        0                           
     .so mmap     3565      184      952        0                           
    .apk mmap      354        0        4        0                           
    .ttf mmap      221        0       24        0                           
    .dex mmap     7052        4     6532        0                           
    .oat mmap     1185        0      180        0                           
    .art mmap      833      628        4        0                           
   Other mmap       34        4        4        0                           
   EGL mtrack    18524    18524        0        0                           
    GL mtrack     2788     2788        0        0                           
      Unknown     2387     2364        0        0                           
        TOTAL    56550    44044     7712        0    24226    16220     8005
 
 App Summary
                       Pss(KB)
                        ------
           Java Heap:     6336
         Native Heap:     9296
                Code:     7880
               Stack:      448
            Graphics:    23068
       Private Other:     4728
              System:     4794
 
               TOTAL:    56550       TOTAL SWAP PSS:        0
 
 Objects
               Views:       10         ViewRootImpl:        2
         AppContexts:        3           Activities:        1
              Assets:        2        AssetManagers:        3
       Local Binders:       18        Proxy Binders:       24
       Parcel memory:        6         Parcel count:       20
    Death Recipients:        2      OpenSSL Sockets:        0
            WebViews:        0
 
 SQL
         MEMORY_USED:        0
  PAGECACHE_OVERFLOW:        0          MALLOC_SIZE:        0
 
