Applications Memory Usage (in Kilobytes):
Uptime: 50195035 Realtime: 50195035

** MEMINFO in pid 28227 [org.savior.sync] **
                   Pss  Private  Private  SwapPss     Heap     Heap     Heap
                 Total    Dirty    Clean    Dirty     Size    Alloc     Free
                ------   ------   ------   ------   ------   ------   ------
  Native Heap     9142     9112        0        0    14336    11876     2459
  Dalvik Heap     4442     4424        0        0     7897     3949     3948
 Dalvik Other    12157    12156        0        0                           
        Stack      456      456        0        0                           
       Ashmem        2        0        0        0                           
      Gfx dev     1756     1756        0        0                           
    Other dev       12        0       12        0                           
     .so mmap     3567      184      952        0                           
    .apk mmap      354        0        4        0                           
    .ttf mmap      221        0       24        0                           
    .dex mmap     7056        4     6532        0                           
    .oat mmap     1194        0      184        0                           
    .art mmap      832      628        4        0                           
   Other mmap       34        4        4        0                           
   EGL mtrack    18524    18524        0        0                           
    GL mtrack     2788     2788        0        0                           
      Unknown     2331     2308        0        0                           
        TOTAL    64868    52344     7716        0    22233    15825     6407
 
 App Summary
                       Pss(KB)
                        ------
           Java Heap:     5056
         Native Heap:     9112
                Code:     7884
               Stack:      456
            Graphics:    23068
       Private Other:    14484
              System:     4808
 
               TOTAL:    64868       TOTAL SWAP PSS:        0
 
 Objects
               Views:       10         ViewRootImpl:        2
         AppContexts:        3           Activities:        1
              Assets:        2        AssetManagers:        3
       Local Binders:       18        Proxy Binders:       25
       Parcel memory:        6         Parcel count:       20
    Death Recipients:        2      OpenSSL Sockets:        0
            WebViews:        0
 
 SQL
         MEMORY_USED:        0
  PAGECACHE_OVERFLOW:        0          MALLOC_SIZE:        0
 
