Applications Memory Usage (in Kilobytes):
Uptime: 57146940 Realtime: 57146940

** MEMINFO in pid 32474 [org.savior.sync] **
                   Pss  Private  Private  SwapPss     Heap     Heap     Heap
                 Total    Dirty    Clean    Dirty     Size    Alloc     Free
                ------   ------   ------   ------   ------   ------   ------
  Native Heap     9466     9436        0        0    14336    12308     2027
  Dalvik Heap     3370     3352        0        0     7889     3945     3944
 Dalvik Other     3013     3012        0        0                           
        Stack      448      448        0        0                           
       Ashmem        2        0        0        0                           
      Gfx dev     1756     1756        0        0                           
    Other dev       12        0       12        0                           
     .so mmap     3587      188      964        0                           
    .apk mmap      350        0        0        0                           
    .ttf mmap      219        0       24        0                           
    .dex mmap     7091        4     6552        0                           
    .oat mmap     1316        0      228        0                           
    .art mmap     1116      628      252        0                           
   Other mmap       34        4        4        0                           
   EGL mtrack    18524    18524        0        0                           
    GL mtrack     2788     2788        0        0                           
      Unknown     2423     2400        0        0                           
        TOTAL    55515    42540     8036        0    22225    16253     5971
 
 App Summary
                       Pss(KB)
                        ------
           Java Heap:     4232
         Native Heap:     9436
                Code:     7960
               Stack:      448
            Graphics:    23068
       Private Other:     5432
              System:     4939
 
               TOTAL:    55515       TOTAL SWAP PSS:        0
 
 Objects
               Views:       10         ViewRootImpl:        2
         AppContexts:        3           Activities:        1
              Assets:        2        AssetManagers:        3
       Local Binders:       18        Proxy Binders:       24
       Parcel memory:        6         Parcel count:       22
    Death Recipients:        2      OpenSSL Sockets:        0
            WebViews:        0
 
 SQL
         MEMORY_USED:        0
  PAGECACHE_OVERFLOW:        0          MALLOC_SIZE:        0
 
