Applications Memory Usage (in Kilobytes):
Uptime: 57296965 Realtime: 57296965

** MEMINFO in pid 32474 [org.savior.sync] **
                   Pss  Private  Private  SwapPss     Heap     Heap     Heap
                 Total    Dirty    Clean    Dirty     Size    Alloc     Free
                ------   ------   ------   ------   ------   ------   ------
  Native Heap     9674     9644        0        0    18432    12530     5901
  Dalvik Heap     5270     5252        0        0     7899     3950     3949
 Dalvik Other     2905     2904        0        0                           
        Stack      448      448        0        0                           
       Ashmem        2        0        0        0                           
      Gfx dev     1756     1756        0        0                           
    Other dev       12        0       12        0                           
     .so mmap     3592      188      964        0                           
    .apk mmap      350        0        0        0                           
    .ttf mmap      219        0       24        0                           
    .dex mmap     7105        4     6560        0                           
    .oat mmap     1328        0      228        0                           
    .art mmap     1117      628      252        0                           
   Other mmap       34        4        4        0                           
   EGL mtrack    18524    18524        0        0                           
    GL mtrack     2788     2788        0        0                           
      Unknown     2259     2236        0        0                           
        TOTAL    57383    44376     8044        0    26331    16480     9850
 
 App Summary
                       Pss(KB)
                        ------
           Java Heap:     6132
         Native Heap:     9644
                Code:     7968
               Stack:      448
            Graphics:    23068
       Private Other:     5160
              System:     4963
 
               TOTAL:    57383       TOTAL SWAP PSS:        0
 
 Objects
               Views:       10         ViewRootImpl:        2
         AppContexts:        3           Activities:        1
              Assets:        2        AssetManagers:        3
       Local Binders:       18        Proxy Binders:       25
       Parcel memory:        6         Parcel count:       20
    Death Recipients:        2      OpenSSL Sockets:        0
            WebViews:        0
 
 SQL
         MEMORY_USED:        0
  PAGECACHE_OVERFLOW:        0          MALLOC_SIZE:        0
 
