Applications Memory Usage (in Kilobytes):
Uptime: 34726170 Realtime: 34726170

** MEMINFO in pid 26766 [org.savior.sync] **
                   Pss  Private  Private  SwapPss     Heap     Heap     Heap
                 Total    Dirty    Clean    Dirty     Size    Alloc     Free
                ------   ------   ------   ------   ------   ------   ------
  Native Heap     9446     9416        0        0    14336    12222     2113
  Dalvik Heap     4838     4820        0        0     7874     3937     3937
 Dalvik Other     2585     2584        0        0                           
        Stack      452      452        0        0                           
       Ashmem        2        0        0        0                           
      Gfx dev     1756     1756        0        0                           
    Other dev       16        0       16        0                           
     .so mmap     3568      184      952        0                           
    .apk mmap      350        0        0        0                           
    .ttf mmap      219        0       24        0                           
    .dex mmap     7079        4     6552        0                           
    .oat mmap     1230        0      192        0                           
    .art mmap      833      628        4        0                           
   Other mmap       34        4        4        0                           
   EGL mtrack    18524    18524        0        0                           
    GL mtrack     2788     2788        0        0                           
      Unknown     2395     2372        0        0                           
        TOTAL    56115    43532     7744        0    22210    16159     6050
 
 App Summary
                       Pss(KB)
                        ------
           Java Heap:     5452
         Native Heap:     9416
                Code:     7908
               Stack:      452
            Graphics:    23068
       Private Other:     4980
              System:     4839
 
               TOTAL:    56115       TOTAL SWAP PSS:        0
 
 Objects
               Views:       10         ViewRootImpl:        2
         AppContexts:        3           Activities:        1
              Assets:        2        AssetManagers:        3
       Local Binders:       18        Proxy Binders:       24
       Parcel memory:        6         Parcel count:       22
    Death Recipients:        2      OpenSSL Sockets:        0
            WebViews:        0
 
 SQL
         MEMORY_USED:        0
  PAGECACHE_OVERFLOW:        0          MALLOC_SIZE:        0
 
