Applications Memory Usage (in Kilobytes):
Uptime: 34869533 Realtime: 34869533

** MEMINFO in pid 31396 [org.savior.sync] **
                   Pss  Private  Private  SwapPss     Heap     Heap     Heap
                 Total    Dirty    Clean    Dirty     Size    Alloc     Free
                ------   ------   ------   ------   ------   ------   ------
  Native Heap     9342     9312        0        0    14336    12096     2239
  Dalvik Heap     4390     4372        0        0     8092     4046     4046
 Dalvik Other    12633    12632        0        0                           
        Stack      448      448        0        0                           
       Ashmem        2        0        0        0                           
      Gfx dev     1756     1756        0        0                           
    Other dev       12        0       12        0                           
     .so mmap     3568      184      952        0                           
    .apk mmap      350        0        0        0                           
    .ttf mmap      219        0       24        0                           
    .dex mmap     7060        4     6532        0                           
    .oat mmap     1194        0      188        0                           
    .art mmap      832      628        4        0                           
   Other mmap       34        4        4        0                           
   EGL mtrack    18524    18524        0        0                           
    GL mtrack     2788     2788        0        0                           
      Unknown     2387     2364        0        0                           
        TOTAL    65539    53016     7716        0    22428    16142     6285
 
 App Summary
                       Pss(KB)
                        ------
           Java Heap:     5004
         Native Heap:     9312
                Code:     7884
               Stack:      448
            Graphics:    23068
       Private Other:    15016
              System:     4807
 
               TOTAL:    65539       TOTAL SWAP PSS:        0
 
 Objects
               Views:       10         ViewRootImpl:        2
         AppContexts:        3           Activities:        1
              Assets:        2        AssetManagers:        3
       Local Binders:       18        Proxy Binders:       25
       Parcel memory:        6         Parcel count:       22
    Death Recipients:        2      OpenSSL Sockets:        0
            WebViews:        0
 
 SQL
         MEMORY_USED:        0
  PAGECACHE_OVERFLOW:        0          MALLOC_SIZE:        0
 
