Applications Memory Usage (in Kilobytes):
Uptime: 34856326 Realtime: 34856326

** MEMINFO in pid 30922 [org.savior.sync] **
                   Pss  Private  Private  SwapPss     Heap     Heap     Heap
                 Total    Dirty    Clean    Dirty     Size    Alloc     Free
                ------   ------   ------   ------   ------   ------   ------
  Native Heap     9319     9288        0        0    16384    12037     4346
  Dalvik Heap     3734     3716        0        0     7844     3922     3922
 Dalvik Other     2353     2352        0        0                           
        Stack      448      448        0        0                           
       Ashmem        2        0        0        0                           
      Gfx dev     1756     1756        0        0                           
    Other dev       12        0       12        0                           
     .so mmap     3562      184      948        0                           
    .apk mmap      354        0        4        0                           
    .ttf mmap      219        0       24        0                           
    .dex mmap     7054        4     6536        0                           
    .oat mmap     1200        0      188        0                           
    .art mmap      832      628        4        0                           
   Other mmap       34        4        4        0                           
   EGL mtrack    18524    18524        0        0                           
    GL mtrack     2788     2788        0        0                           
      Unknown     2315     2292        0        0                           
        TOTAL    54506    41984     7720        0    24228    15959     8268
 
 App Summary
                       Pss(KB)
                        ------
           Java Heap:     4348
         Native Heap:     9288
                Code:     7888
               Stack:      448
            Graphics:    23068
       Private Other:     4664
              System:     4802
 
               TOTAL:    54506       TOTAL SWAP PSS:        0
 
 Objects
               Views:       10         ViewRootImpl:        2
         AppContexts:        3           Activities:        1
              Assets:        2        AssetManagers:        3
       Local Binders:       18        Proxy Binders:       24
       Parcel memory:        5         Parcel count:       18
    Death Recipients:        2      OpenSSL Sockets:        0
            WebViews:        0
 
 SQL
         MEMORY_USED:        0
  PAGECACHE_OVERFLOW:        0          MALLOC_SIZE:        0
 
