Applications Memory Usage (in Kilobytes):
Uptime: 35142686 Realtime: 35142686

** MEMINFO in pid 9541 [org.savior.sync] **
                   Pss  Private  Private  SwapPss     Heap     Heap     Heap
                 Total    Dirty    Clean    Dirty     Size    Alloc     Free
                ------   ------   ------   ------   ------   ------   ------
  Native Heap     9430     9400        0        0    14336    12258     2077
  Dalvik Heap     5838     5820        0        0     7877     3939     3938
 Dalvik Other     4045     4044        0        0                           
        Stack      448      448        0        0                           
       Ashmem        2        0        0        0                           
      Gfx dev     1756     1756        0        0                           
    Other dev       12        0       12        0                           
     .so mmap     3568      184      952        0                           
    .apk mmap      350        0        0        0                           
    .ttf mmap      219        0       24        0                           
    .dex mmap     7077        4     6548        0                           
    .oat mmap     1191        0      184        0                           
    .art mmap      832      628        4        0                           
   Other mmap       34        4        4        0                           
   EGL mtrack    18524    18524        0        0                           
    GL mtrack     2788     2788        0        0                           
      Unknown     2367     2344        0        0                           
        TOTAL    58481    45944     7728        0    22213    16197     6015
 
 App Summary
                       Pss(KB)
                        ------
           Java Heap:     6452
         Native Heap:     9400
                Code:     7896
               Stack:      448
            Graphics:    23068
       Private Other:     6408
              System:     4809
 
               TOTAL:    58481       TOTAL SWAP PSS:        0
 
 Objects
               Views:       10         ViewRootImpl:        2
         AppContexts:        3           Activities:        1
              Assets:        2        AssetManagers:        3
       Local Binders:       18        Proxy Binders:       24
       Parcel memory:        6         Parcel count:       20
    Death Recipients:        2      OpenSSL Sockets:        0
            WebViews:        0
 
 SQL
         MEMORY_USED:        0
  PAGECACHE_OVERFLOW:        0          MALLOC_SIZE:        0
 
