Applications Memory Usage (in Kilobytes):
Uptime: 34591582 Realtime: 34591582

** MEMINFO in pid 22369 [org.savior.sync] **
                   Pss  Private  Private  SwapPss     Heap     Heap     Heap
                 Total    Dirty    Clean    Dirty     Size    Alloc     Free
                ------   ------   ------   ------   ------   ------   ------
  Native Heap     9606     9572        0        0    16384    12590     3793
  Dalvik Heap     4514     4496        0        0     7932     3966     3966
 Dalvik Other     2605     2604        0        0                           
        Stack      448      448        0        0                           
       Ashmem        2        0        0        0                           
      Gfx dev     2024     2024        0        0                           
    Other dev       12        0       12        0                           
     .so mmap     3563      184      948        0                           
    .apk mmap      354        0        4        0                           
    .ttf mmap      219        0       24        0                           
    .dex mmap     7088        4     6552        0                           
    .oat mmap     1205        0      188        0                           
    .art mmap      833      628        4        0                           
   Other mmap       34        4        4        0                           
   EGL mtrack    18524    18524        0        0                           
    GL mtrack     2580     2580        0        0                           
      Unknown     2371     2348        0        0                           
        TOTAL    55982    43416     7736        0    24316    16556     7759
 
 App Summary
                       Pss(KB)
                        ------
           Java Heap:     5128
         Native Heap:     9572
                Code:     7904
               Stack:      448
            Graphics:    23128
       Private Other:     4972
              System:     4830
 
               TOTAL:    55982       TOTAL SWAP PSS:        0
 
 Objects
               Views:       10         ViewRootImpl:        2
         AppContexts:        3           Activities:        1
              Assets:        2        AssetManagers:        3
       Local Binders:       18        Proxy Binders:       25
       Parcel memory:        6         Parcel count:       20
    Death Recipients:        2      OpenSSL Sockets:        0
            WebViews:        0
 
 SQL
         MEMORY_USED:        0
  PAGECACHE_OVERFLOW:        0          MALLOC_SIZE:        0
 
