Applications Memory Usage (in Kilobytes):
Uptime: 35128462 Realtime: 35128462

** MEMINFO in pid 9084 [org.savior.sync] **
                   Pss  Private  Private  SwapPss     Heap     Heap     Heap
                 Total    Dirty    Clean    Dirty     Size    Alloc     Free
                ------   ------   ------   ------   ------   ------   ------
  Native Heap     9298     9264        0        0    14336    12026     2309
  Dalvik Heap     5410     5392        0        0     8095     4048     4047
 Dalvik Other     2485     2484        0        0                           
        Stack      448      448        0        0                           
       Ashmem        2        0        0        0                           
      Gfx dev     1756     1756        0        0                           
    Other dev       12        0       12        0                           
     .so mmap     3564      184      948        0                           
    .apk mmap      354        0        4        0                           
    .ttf mmap      219        0       24        0                           
    .dex mmap     7077        4     6548        0                           
    .oat mmap     1232        0      184        0                           
    .art mmap      832      628        4        0                           
   Other mmap       34        4        4        0                           
   EGL mtrack    18524    18524        0        0                           
    GL mtrack     2788     2788        0        0                           
      Unknown     2411     2388        0        0                           
        TOTAL    56446    43864     7728        0    22431    16074     6356
 
 App Summary
                       Pss(KB)
                        ------
           Java Heap:     6024
         Native Heap:     9264
                Code:     7896
               Stack:      448
            Graphics:    23068
       Private Other:     4892
              System:     4854
 
               TOTAL:    56446       TOTAL SWAP PSS:        0
 
 Objects
               Views:       10         ViewRootImpl:        2
         AppContexts:        3           Activities:        1
              Assets:        2        AssetManagers:        3
       Local Binders:       18        Proxy Binders:       25
       Parcel memory:        6         Parcel count:       22
    Death Recipients:        2      OpenSSL Sockets:        0
            WebViews:        0
 
 SQL
         MEMORY_USED:        0
  PAGECACHE_OVERFLOW:        0          MALLOC_SIZE:        0
 
