Applications Memory Usage (in Kilobytes):
Uptime: 35009394 Realtime: 35009394

** MEMINFO in pid 5307 [org.savior.sync] **
                   Pss  Private  Private  SwapPss     Heap     Heap     Heap
                 Total    Dirty    Clean    Dirty     Size    Alloc     Free
                ------   ------   ------   ------   ------   ------   ------
  Native Heap     9409     9384        0        0    16384    12212     4171
  Dalvik Heap     4626     4608        0        0     8171     4086     4085
 Dalvik Other     2481     2480        0        0                           
        Stack      452      452        0        0                           
       Ashmem        2        0        0        0                           
      Gfx dev     1756     1756        0        0                           
    Other dev       16        0       16        0                           
     .so mmap     3564      184      948        0                           
    .apk mmap      283        0        4        0                           
    .ttf mmap      219        0       24        0                           
    .dex mmap     7058        4     6532        0                           
    .oat mmap     1206        0      192        0                           
    .art mmap      832      628        4        0                           
   Other mmap       34        4        4        0                           
   EGL mtrack    18524    18524        0        0                           
    GL mtrack     2788     2788        0        0                           
      Unknown     2391     2368        0        0                           
        TOTAL    55641    43180     7724        0    24555    16298     8256
 
 App Summary
                       Pss(KB)
                        ------
           Java Heap:     5240
         Native Heap:     9384
                Code:     7888
               Stack:      452
            Graphics:    23068
       Private Other:     4872
              System:     4737
 
               TOTAL:    55641       TOTAL SWAP PSS:        0
 
 Objects
               Views:       10         ViewRootImpl:        2
         AppContexts:        3           Activities:        1
              Assets:        2        AssetManagers:        3
       Local Binders:       18        Proxy Binders:       25
       Parcel memory:        7         Parcel count:       24
    Death Recipients:        2      OpenSSL Sockets:        0
            WebViews:        0
 
 SQL
         MEMORY_USED:        0
  PAGECACHE_OVERFLOW:        0          MALLOC_SIZE:        0
 
