Applications Memory Usage (in Kilobytes):
Uptime: 35183013 Realtime: 35183013

** MEMINFO in pid 10810 [org.savior.sync] **
                   Pss  Private  Private  SwapPss     Heap     Heap     Heap
                 Total    Dirty    Clean    Dirty     Size    Alloc     Free
                ------   ------   ------   ------   ------   ------   ------
  Native Heap     9262     9228        0        0    14336    12155     2180
  Dalvik Heap     3798     3780        0        0     7876     3938     3938
 Dalvik Other     2513     2512        0        0                           
        Stack      452      452        0        0                           
       Ashmem        2        0        0        0                           
      Gfx dev     1756     1756        0        0                           
    Other dev       12        0       12        0                           
     .so mmap     3563      184      948        0                           
    .apk mmap      354        0        4        0                           
    .ttf mmap      219        0       24        0                           
    .dex mmap     7077        4     6548        0                           
    .oat mmap     1199        0      184        0                           
    .art mmap      832      628        4        0                           
   Other mmap       34        4        4        0                           
   EGL mtrack    18524    18524        0        0                           
    GL mtrack     2788     2788        0        0                           
      Unknown     2355     2332        0        0                           
        TOTAL    54740    42192     7728        0    22212    16093     6118
 
 App Summary
                       Pss(KB)
                        ------
           Java Heap:     4412
         Native Heap:     9228
                Code:     7896
               Stack:      452
            Graphics:    23068
       Private Other:     4864
              System:     4820
 
               TOTAL:    54740       TOTAL SWAP PSS:        0
 
 Objects
               Views:       10         ViewRootImpl:        2
         AppContexts:        3           Activities:        1
              Assets:        2        AssetManagers:        3
       Local Binders:       18        Proxy Binders:       24
       Parcel memory:        6         Parcel count:       22
    Death Recipients:        2      OpenSSL Sockets:        0
            WebViews:        0
 
 SQL
         MEMORY_USED:        0
  PAGECACHE_OVERFLOW:        0          MALLOC_SIZE:        0
 
