--------- beginning of main
06-01 18:32:23.541   655   655 I NMMP-Loader: ready id=7502ffa5 bias=0x7aeced3000 size=1232896 unpack_us=30509 map_us=19439 constructors_us=5 bootstrap_us=515 key_us=55
06-01 18:32:23.640   655   655 D NetworkSecurityConfig: No Network Security Config specified, using platform default
--------- beginning of system
06-01 18:32:23.675   655   655 D ActivityThread: [dsv]>>networdId: 2002
06-01 18:32:23.748   655   829 D OpenGLRenderer: HWUI GL Pipeline
06-01 18:32:23.945   655   663 I zygote64: Compiler allocated 4MB to compile java.util.List גض.אآܔ.אء̀(java.lang.String)
06-01 18:32:24.014   655   663 I zygote64: Do partial code cache collection, code=26KB, data=30KB
06-01 18:32:24.014   655   663 I zygote64: After code cache collection, code=26KB, data=30KB
06-01 18:32:24.014   655   663 I zygote64: Increasing code cache capacity to 128KB
06-01 18:32:24.015   655   663 I zygote64: Compiler allocated 4MB to compile java.util.List גض.אآܔ.אء̀(java.lang.String)
06-01 18:32:24.087   655   663 I zygote64: Do partial code cache collection, code=49KB, data=53KB
06-01 18:32:24.087   655   663 I zygote64: After code cache collection, code=33KB, data=48KB
06-01 18:32:24.087   655   663 I zygote64: Increasing code cache capacity to 256KB
06-01 18:32:24.088   655   663 I zygote64: Compiler allocated 4MB to compile void בغ.אءܢ.אآ̲(boolean)
06-01 18:32:24.247   655   655 V ActivityThread_MultiService: original display: 0 new displayId: -1
06-01 18:32:24.248   655   829 I Adreno  : QUALCOMM build                   : 04c6064, Id1257aec33
06-01 18:32:24.248   655   829 I Adreno  : Build Date                       : 07/01/19
06-01 18:32:24.248   655   829 I Adreno  : OpenGL ES Shader Compiler Version: EV031.23.07.00
06-01 18:32:24.248   655   829 I Adreno  : Local Branch                     : 
06-01 18:32:24.248   655   829 I Adreno  : Remote Branch                    : 
06-01 18:32:24.248   655   829 I Adreno  : Remote Branch                    : 
06-01 18:32:24.248   655   829 I Adreno  : Reconstruct Branch               : 
06-01 18:32:24.248   655   829 D vndksupport: Loading /vendor/lib64/hw/gralloc.msm8996.so from current namespace instead of sphal namespace.
06-01 18:32:24.254   655   829 I Adreno  : PFP: 0x005ff110, ME: 0x005ff066
06-01 18:32:24.260   655   829 I zygote64: android::hardware::configstore::V1_0::ISurfaceFlingerConfigs::hasWideColorDisplay retrieved: 0
06-01 18:32:24.279   655   829 I OpenGLRenderer: Initialized EGL, version 1.4
06-01 18:32:24.281   655   829 D OpenGLRenderer: Swap behavior 2
06-01 18:32:24.392   655   663 I zygote64: Do full code cache collection, code=125KB, data=108KB
06-01 18:32:24.393   655   663 I zygote64: After code cache collection, code=92KB, data=54KB
06-01 18:32:24.473   655   655 I zygote64: Deoptimizing void גت.אآܕ.<init>() due to JIT inline cache
06-01 18:32:24.561   655   655 I Choreographer: Skipped 46 frames!  The application may be doing too much work on its main thread.
06-01 18:32:24.585   655   663 I zygote64: Do partial code cache collection, code=123KB, data=88KB
06-01 18:32:24.587   655   663 I zygote64: After code cache collection, code=120KB, data=87KB
06-01 18:32:24.587   655   663 I zygote64: Increasing code cache capacity to 512KB
06-01 18:32:24.666   655   655 I zygote64: Deoptimizing void בغ.אءܢ.אئ̨(int, java.lang.Object, java.lang.Object) due to JIT inline cache
06-01 18:32:24.772   655   663 I zygote64: Compiler allocated 4MB to compile java.util.List גض.אآܔ.אء̀(java.lang.String)
06-01 18:32:24.840   655   663 I zygote64: Compiler allocated 4MB to compile java.util.List גض.אآܔ.אء̀(java.lang.String)
06-01 18:32:25.068   655   663 I zygote64: Do full code cache collection, code=253KB, data=195KB
06-01 18:32:25.068   655   663 I zygote64: After code cache collection, code=212KB, data=120KB
06-01 18:32:25.224   655   663 I zygote64: Compiler allocated 4MB to compile void דص.אءܓ.<init>(דح.אءܭ, דز.אءܕ, דع.אءܒ, java.lang.String, java.util.List, java.util.List)
06-01 18:32:25.292   655   663 I zygote64: Do partial code cache collection, code=250KB, data=165KB
06-01 18:32:25.293   655   663 I zygote64: After code cache collection, code=250KB, data=165KB
06-01 18:32:25.293   655   663 I zygote64: Increasing code cache capacity to 1024KB
06-01 18:32:25.414   655   829 D vndksupport: Loading /vendor/lib64/hw/android.hardware.graphics.mapper@2.0-impl.so from current namespace instead of sphal namespace.
06-01 18:32:25.417   655   829 D vndksupport: Loading /vendor/lib64/hw/gralloc.msm8996.so from current namespace instead of sphal namespace.
06-01 18:32:25.827   655   655 I zygote64: Deoptimizing גت.אآܕ גت.אءܠ.אآ̨(גت.אآܕ, גت.אآܓ) due to JIT inline cache
06-01 18:32:25.898   655   655 W ViewRootImpl_MultiService: report resize:  origin displayId= 0 new displayId= 0
06-01 18:32:25.901   655   655 D Compose Focus: Owner FocusChanged(true)
06-01 18:32:25.999   655   655 I zygote64: Deoptimizing boolean בا.אءܖ.add(java.lang.Object) due to JIT inline cache
06-01 18:32:26.046   655   663 I zygote64: Do full code cache collection, code=486KB, data=288KB
06-01 18:32:26.051   655   663 I zygote64: After code cache collection, code=267KB, data=143KB
06-01 18:32:26.055   655   655 I zygote64: Deoptimizing חع.אءܙ חع.אءܙ.אء̲() due to JIT same target
06-01 18:32:26.058   655   663 I zygote64: Compiler allocated 6MB to compile void androidx.activity.אءܒ.run()
06-01 18:32:26.063   655   655 I zygote64: Deoptimizing דا.אأܝ גج.אءܐ.אأ̂(androidx.compose.ui.node.אءܐ) due to JIT inline cache
06-01 18:32:26.100   655   655 W ViewRootImpl_MultiService: report resize:  origin displayId= 0 new displayId= 0
06-01 18:32:26.151   655   663 I zygote64: Do partial code cache collection, code=293KB, data=167KB
06-01 18:32:26.151   655   663 I zygote64: After code cache collection, code=286KB, data=164KB
06-01 18:32:26.151   655   663 I zygote64: Increasing code cache capacity to 2MB
06-01 18:32:26.152   655   663 I zygote64: Compiler allocated 6MB to compile android.view.accessibility.AccessibilityNodeInfo androidx.compose.ui.platform.אءܬ.createAccessibilityNodeInfo(int)
06-01 18:32:26.304   655   655 I zygote64: Deoptimizing גت.אآܕ גت.אءܠ.אآ̨(גت.אآܕ, גت.אآܓ) due to JIT same target
06-01 18:32:26.336   655   655 I zygote64: Deoptimizing void גت.אآܕ.<init>() due to JIT inline cache
06-01 18:32:26.368   655   677 I zygote64: Background concurrent copying GC freed 33926(1897KB) AllocSpace objects, 2(68KB) LOS objects, 49% free, 3MB/7MB, paused 4.182ms total 110.837ms
06-01 18:32:26.398   655   663 I zygote64: Compiler allocated 4MB to compile void בغ.אءܢ.אآ̲(boolean)
06-01 18:32:26.492   655   655 I zygote64: Deoptimizing void דإ.אآܢ.אء̈(דإ.אآܢ, דإ.אآܣ, int, int) due to JIT inline cache
