Applications Memory Usage (in Kilobytes):
Uptime: 50977407 Realtime: 50977407

** MEMINFO in pid 21125 [org.savior.sync] **
                   Pss  Private  Private  SwapPss     Heap     Heap     Heap
                 Total    Dirty    Clean    Dirty     Size    Alloc     Free
                ------   ------   ------   ------   ------   ------   ------
  Native Heap     9328     9296        0        0    16384    12458     3925
  Dalvik Heap     3442     3424        0        0     8057     4029     4028
 Dalvik Other    12837    12836        0        0                           
        Stack      448      448        0        0                           
       Ashmem        2        0        0        0                           
      Gfx dev     1776     1776        0        0                           
    Other dev       12        0       12        0                           
     .so mmap     3307      284      592        0                           
    .apk mmap      354        0        4        0                           
    .ttf mmap      219        0       24        0                           
    .dex mmap     7053        4     6528        0                           
    .oat mmap     1204        0      180        0                           
    .art mmap      832      628        4        0                           
   Other mmap       34        4        4        0                           
   EGL mtrack    18524    18524        0        0                           
    GL mtrack     2828     2828        0        0                           
      Unknown     1100     1076        0        0                           
        TOTAL    63300    51128     7348        0    24441    16487     7953
 
 App Summary
                       Pss(KB)
                        ------
           Java Heap:     4056
         Native Heap:     9296
                Code:     7616
               Stack:      448
            Graphics:    23128
       Private Other:    13932
              System:     4824
 
               TOTAL:    63300       TOTAL SWAP PSS:        0
 
 Objects
               Views:       10         ViewRootImpl:        2
         AppContexts:        3           Activities:        1
              Assets:        2        AssetManagers:        3
       Local Binders:       18        Proxy Binders:       25
       Parcel memory:        6         Parcel count:       20
    Death Recipients:        2      OpenSSL Sockets:        0
            WebViews:        0
 
 SQL
         MEMORY_USED:        0
  PAGECACHE_OVERFLOW:        0          MALLOC_SIZE:        0
 
