Applications Memory Usage (in Kilobytes):
Uptime: 51198545 Realtime: 51198545

** MEMINFO in pid 28294 [org.savior.sync] **
                   Pss  Private  Private  SwapPss     Heap     Heap     Heap
                 Total    Dirty    Clean    Dirty     Size    Alloc     Free
                ------   ------   ------   ------   ------   ------   ------
  Native Heap     9270     9244        0        0    16384    12292     4091
  Dalvik Heap     4542     4524        0        0     7866     3933     3933
 Dalvik Other     2489     2488        0        0                           
        Stack      448      448        0        0                           
       Ashmem        2        0        0        0                           
      Gfx dev     1756     1756        0        0                           
    Other dev       12        0       12        0                           
     .so mmap     3307      284      592        0                           
    .apk mmap      354        0        4        0                           
    .ttf mmap      219        0       24        0                           
    .dex mmap     7071        4     6544        0                           
    .oat mmap     1226        0      184        0                           
    .art mmap      833      628        4        0                           
   Other mmap       34        4        4        0                           
   EGL mtrack    18524    18524        0        0                           
    GL mtrack     2788     2788        0        0                           
      Unknown     1116     1092        0        0                           
        TOTAL    53991    41784     7368        0    24250    16225     8024
 
 App Summary
                       Pss(KB)
                        ------
           Java Heap:     5156
         Native Heap:     9244
                Code:     7636
               Stack:      448
            Graphics:    23068
       Private Other:     3600
              System:     4839
 
               TOTAL:    53991       TOTAL SWAP PSS:        0
 
 Objects
               Views:       10         ViewRootImpl:        2
         AppContexts:        3           Activities:        1
              Assets:        2        AssetManagers:        3
       Local Binders:       18        Proxy Binders:       24
       Parcel memory:        6         Parcel count:       22
    Death Recipients:        2      OpenSSL Sockets:        0
            WebViews:        0
 
 SQL
         MEMORY_USED:        0
  PAGECACHE_OVERFLOW:        0          MALLOC_SIZE:        0
 
