Applications Memory Usage (in Kilobytes):
Uptime: 51212034 Realtime: 51212034

** MEMINFO in pid 28748 [org.savior.sync] **
                   Pss  Private  Private  SwapPss     Heap     Heap     Heap
                 Total    Dirty    Clean    Dirty     Size    Alloc     Free
                ------   ------   ------   ------   ------   ------   ------
  Native Heap     9252     9224        0        0    14336    11979     2356
  Dalvik Heap     4566     4548        0        0     7891     3946     3945
 Dalvik Other    13137    13136        0        0                           
        Stack      428      428        0        0                           
       Ashmem        2        0        0        0                           
      Gfx dev     1756     1756        0        0                           
    Other dev       16        0       16        0                           
     .so mmap     3395      184      780        0                           
    .apk mmap      350        0        0        0                           
    .ttf mmap      219        0       24        0                           
    .dex mmap     7040        4     6516        0                           
    .oat mmap     1224        0      180        0                           
    .art mmap      832      628        4        0                           
   Other mmap       34        4        4        0                           
   EGL mtrack    18524    18524        0        0                           
    GL mtrack     2788     2788        0        0                           
      Unknown     1895     1872        0        0                           
        TOTAL    65458    53096     7524        0    22227    15925     6301
 
 App Summary
                       Pss(KB)
                        ------
           Java Heap:     5180
         Native Heap:     9224
                Code:     7688
               Stack:      428
            Graphics:    23068
       Private Other:    15032
              System:     4838
 
               TOTAL:    65458       TOTAL SWAP PSS:        0
 
 Objects
               Views:       10         ViewRootImpl:        2
         AppContexts:        3           Activities:        1
              Assets:        2        AssetManagers:        3
       Local Binders:       18        Proxy Binders:       24
       Parcel memory:        6         Parcel count:       22
    Death Recipients:        2      OpenSSL Sockets:        0
            WebViews:        0
 
 SQL
         MEMORY_USED:        0
  PAGECACHE_OVERFLOW:        0          MALLOC_SIZE:        0
 
