Applications Memory Usage (in Kilobytes):
Uptime: 50964428 Realtime: 50964428

** MEMINFO in pid 20695 [org.savior.sync] **
                   Pss  Private  Private  SwapPss     Heap     Heap     Heap
                 Total    Dirty    Clean    Dirty     Size    Alloc     Free
                ------   ------   ------   ------   ------   ------   ------
  Native Heap     9282     9256        0        0    14336    12111     2224
  Dalvik Heap     5246     5228        0        0     8054     4027     4027
 Dalvik Other     2333     2332        0        0                           
        Stack      448      448        0        0                           
       Ashmem        2        0        0        0                           
      Gfx dev     1752     1752        0        0                           
    Other dev       12        0       12        0                           
     .so mmap     3395      184      780        0                           
    .apk mmap      350        0        0        0                           
    .ttf mmap      219        0       24        0                           
    .dex mmap     7035        4     6508        0                           
    .oat mmap     1202        0      180        0                           
    .art mmap      832      628        4        0                           
   Other mmap       34        4        4        0                           
   EGL mtrack    18524    18524        0        0                           
    GL mtrack     2792     2792        0        0                           
      Unknown     1915     1892        0        0                           
        TOTAL    55373    43044     7512        0    22390    16138     6251
 
 App Summary
                       Pss(KB)
                        ------
           Java Heap:     5860
         Native Heap:     9256
                Code:     7680
               Stack:      448
            Graphics:    23068
       Private Other:     4244
              System:     4817
 
               TOTAL:    55373       TOTAL SWAP PSS:        0
 
 Objects
               Views:       10         ViewRootImpl:        2
         AppContexts:        3           Activities:        1
              Assets:        2        AssetManagers:        3
       Local Binders:       18        Proxy Binders:       25
       Parcel memory:        6         Parcel count:       22
    Death Recipients:        2      OpenSSL Sockets:        0
            WebViews:        0
 
 SQL
         MEMORY_USED:        0
  PAGECACHE_OVERFLOW:        0          MALLOC_SIZE:        0
 
