Applications Memory Usage (in Kilobytes):
Uptime: 51320548 Realtime: 51320548

** MEMINFO in pid 32252 [org.savior.sync] **
                   Pss  Private  Private  SwapPss     Heap     Heap     Heap
                 Total    Dirty    Clean    Dirty     Size    Alloc     Free
                ------   ------   ------   ------   ------   ------   ------
  Native Heap     9636     9604        0        0    16384    12335     4048
  Dalvik Heap     5866     5848        0        0     7876     3938     3938
 Dalvik Other     2465     2464        0        0                           
        Stack      448      448        0        0                           
       Ashmem        2        0        0        0                           
      Gfx dev     1756     1756        0        0                           
    Other dev       12        0       12        0                           
     .so mmap     3395      184      780        0                           
    .apk mmap      350        0        0        0                           
    .ttf mmap      219        0       24        0                           
    .dex mmap     7065        4     6540        0                           
    .oat mmap     1193        0      176        0                           
    .art mmap      832      628        4        0                           
   Other mmap       34        4        4        0                           
   EGL mtrack    18524    18524        0        0                           
    GL mtrack     2788     2788        0        0                           
      Unknown     1967     1944        0        0                           
        TOTAL    56552    44196     7540        0    24260    16273     7986
 
 App Summary
                       Pss(KB)
                        ------
           Java Heap:     6480
         Native Heap:     9604
                Code:     7708
               Stack:      448
            Graphics:    23068
       Private Other:     4428
              System:     4816
 
               TOTAL:    56552       TOTAL SWAP PSS:        0
 
 Objects
               Views:       10         ViewRootImpl:        2
         AppContexts:        3           Activities:        1
              Assets:        2        AssetManagers:        3
       Local Binders:       18        Proxy Binders:       24
       Parcel memory:        6         Parcel count:       20
    Death Recipients:        2      OpenSSL Sockets:        0
            WebViews:        0
 
 SQL
         MEMORY_USED:        0
  PAGECACHE_OVERFLOW:        0          MALLOC_SIZE:        0
 
