Applications Memory Usage (in Kilobytes):
Uptime: 51225527 Realtime: 51225527

** MEMINFO in pid 29173 [org.savior.sync] **
                   Pss  Private  Private  SwapPss     Heap     Heap     Heap
                 Total    Dirty    Clean    Dirty     Size    Alloc     Free
                ------   ------   ------   ------   ------   ------   ------
  Native Heap     8820     8796        0        0    14336    11601     2734
  Dalvik Heap     3822     3804        0        0     8247     4124     4123
 Dalvik Other     2529     2528        0        0                           
        Stack      448      448        0        0                           
       Ashmem        2        0        0        0                           
      Gfx dev     1756     1756        0        0                           
    Other dev       12        0       12        0                           
     .so mmap     3867      284     1152        0                           
    .apk mmap      350        0        0        0                           
    .ttf mmap      219        0       24        0                           
    .dex mmap     7016        4     6492        0                           
    .oat mmap     1212        0      180        0                           
    .art mmap      832      628        4        0                           
   Other mmap       34        4        4        0                           
   EGL mtrack    18524    18524        0        0                           
    GL mtrack     2788     2788        0        0                           
      Unknown     1244     1220        0        0                           
        TOTAL    53475    40784     7868        0    22583    15725     6857
 
 App Summary
                       Pss(KB)
                        ------
           Java Heap:     4436
         Native Heap:     8796
                Code:     8136
               Stack:      448
            Graphics:    23068
       Private Other:     3768
              System:     4823
 
               TOTAL:    53475       TOTAL SWAP PSS:        0
 
 Objects
               Views:       10         ViewRootImpl:        2
         AppContexts:        3           Activities:        1
              Assets:        2        AssetManagers:        3
       Local Binders:       18        Proxy Binders:       25
       Parcel memory:        6         Parcel count:       22
    Death Recipients:        2      OpenSSL Sockets:        0
            WebViews:        0
 
 SQL
         MEMORY_USED:        0
  PAGECACHE_OVERFLOW:        0          MALLOC_SIZE:        0
 
