Applications Memory Usage (in Kilobytes):
Uptime: 50951786 Realtime: 50951786

** MEMINFO in pid 20286 [org.savior.sync] **
                   Pss  Private  Private  SwapPss     Heap     Heap     Heap
                 Total    Dirty    Clean    Dirty     Size    Alloc     Free
                ------   ------   ------   ------   ------   ------   ------
  Native Heap     9070     9040        0        0    14336    11845     2490
  Dalvik Heap     5366     5348        0        0     7898     3949     3949
 Dalvik Other    12865    12864        0        0                           
        Stack      448      448        0        0                           
       Ashmem        2        0        0        0                           
      Gfx dev     1756     1756        0        0                           
    Other dev       12        0       12        0                           
     .so mmap     3867      284     1152        0                           
    .apk mmap      350        0        0        0                           
    .ttf mmap      219        0       24        0                           
    .dex mmap     7050        4     6524        0                           
    .oat mmap     1205        0      184        0                           
    .art mmap      832      628        4        0                           
   Other mmap       34        4        4        0                           
   EGL mtrack    18524    18524        0        0                           
    GL mtrack     2788     2788        0        0                           
      Unknown     1212     1188        0        0                           
        TOTAL    65600    52876     7904        0    22234    15794     6439
 
 App Summary
                       Pss(KB)
                        ------
           Java Heap:     5980
         Native Heap:     9040
                Code:     8172
               Stack:      448
            Graphics:    23068
       Private Other:    14072
              System:     4820
 
               TOTAL:    65600       TOTAL SWAP PSS:        0
 
 Objects
               Views:       10         ViewRootImpl:        2
         AppContexts:        3           Activities:        1
              Assets:        2        AssetManagers:        3
       Local Binders:       18        Proxy Binders:       25
       Parcel memory:        6         Parcel count:       20
    Death Recipients:        2      OpenSSL Sockets:        0
            WebViews:        0
 
 SQL
         MEMORY_USED:        0
  PAGECACHE_OVERFLOW:        0          MALLOC_SIZE:        0
 
