Applications Memory Usage (in Kilobytes):
Uptime: 50938892 Realtime: 50938892

** MEMINFO in pid 19846 [org.savior.sync] **
                   Pss  Private  Private  SwapPss     Heap     Heap     Heap
                 Total    Dirty    Clean    Dirty     Size    Alloc     Free
                ------   ------   ------   ------   ------   ------   ------
  Native Heap     9296     9268        0        0    14336    12165     2170
  Dalvik Heap     5574     5556        0        0     7871     3936     3935
 Dalvik Other     2445     2444        0        0                           
        Stack      452      452        0        0                           
       Ashmem        2        0        0        0                           
      Gfx dev     1752     1752        0        0                           
    Other dev       12        0       12        0                           
     .so mmap     3567      184      952        0                           
    .apk mmap      354        0        4        0                           
    .ttf mmap      219        0       24        0                           
    .dex mmap     7039        4     6512        0                           
    .oat mmap     1194        0      176        0                           
    .art mmap      832      628        4        0                           
   Other mmap       34        4        4        0                           
   EGL mtrack    18524    18524        0        0                           
    GL mtrack     2792     2792        0        0                           
      Unknown     2387     2364        0        0                           
        TOTAL    56475    43972     7688        0    22207    16101     6105
 
 App Summary
                       Pss(KB)
                        ------
           Java Heap:     6188
         Native Heap:     9268
                Code:     7856
               Stack:      452
            Graphics:    23068
       Private Other:     4828
              System:     4815
 
               TOTAL:    56475       TOTAL SWAP PSS:        0
 
 Objects
               Views:       10         ViewRootImpl:        2
         AppContexts:        3           Activities:        1
              Assets:        2        AssetManagers:        3
       Local Binders:       18        Proxy Binders:       24
       Parcel memory:        6         Parcel count:       22
    Death Recipients:        2      OpenSSL Sockets:        0
            WebViews:        0
 
 SQL
         MEMORY_USED:        0
  PAGECACHE_OVERFLOW:        0          MALLOC_SIZE:        0
 
