Applications Memory Usage (in Kilobytes):
Uptime: 50715814 Realtime: 50715814

** MEMINFO in pid 12774 [org.savior.sync] **
                   Pss  Private  Private  SwapPss     Heap     Heap     Heap
                 Total    Dirty    Clean    Dirty     Size    Alloc     Free
                ------   ------   ------   ------   ------   ------   ------
  Native Heap     9120     9088        0        0    14336    11871     2464
  Dalvik Heap     4490     4472        0        0     8254     4127     4127
 Dalvik Other    12713    12712        0        0                           
        Stack      440      440        0        0                           
       Ashmem        2        0        0        0                           
      Gfx dev     1756     1756        0        0                           
    Other dev       12        0       12        0                           
     .so mmap     3567      184      952        0                           
    .apk mmap      354        0        4        0                           
    .ttf mmap      219        0       24        0                           
    .dex mmap     7054        4     6528        0                           
    .oat mmap     1166        0      180        0                           
    .art mmap      832      628        4        0                           
   Other mmap       34        4        4        0                           
   EGL mtrack    18524    18524        0        0                           
    GL mtrack     2788     2788        0        0                           
      Unknown     2343     2320        0        0                           
        TOTAL    65414    52920     7708        0    22590    15998     6591
 
 App Summary
                       Pss(KB)
                        ------
           Java Heap:     5104
         Native Heap:     9088
                Code:     7876
               Stack:      440
            Graphics:    23068
       Private Other:    15052
              System:     4786
 
               TOTAL:    65414       TOTAL SWAP PSS:        0
 
 Objects
               Views:       10         ViewRootImpl:        2
         AppContexts:        3           Activities:        1
              Assets:        2        AssetManagers:        3
       Local Binders:       18        Proxy Binders:       25
       Parcel memory:       31         Parcel count:       23
    Death Recipients:        2      OpenSSL Sockets:        0
            WebViews:        0
 
 SQL
         MEMORY_USED:        0
  PAGECACHE_OVERFLOW:        0          MALLOC_SIZE:        0
 
