Applications Memory Usage (in Kilobytes):
Uptime: 53041977 Realtime: 53041977

** MEMINFO in pid 31600 [org.savior.sync] **
                   Pss  Private  Private  SwapPss     Heap     Heap     Heap
                 Total    Dirty    Clean    Dirty     Size    Alloc     Free
                ------   ------   ------   ------   ------   ------   ------
  Native Heap     8788     8760        0        0    14336    11857     2478
  Dalvik Heap     3610     3592        0        0     8157     4079     4078
 Dalvik Other     3049     3048        0        0                           
        Stack      460      460        0        0                           
       Ashmem        2        0        0        0                           
      Gfx dev     1756     1756        0        0                           
    Other dev       12        0       12        0                           
     .so mmap     3313      284      600        0                           
    .apk mmap      354        0        4        0                           
    .ttf mmap      221        0       24        0                           
    .dex mmap     6991        4     6468        0                           
    .oat mmap     1171        0      172        0                           
    .art mmap      827      628        0        0                           
   Other mmap       34        4        4        0                           
   EGL mtrack    18524    18524        0        0                           
    GL mtrack     2788     2788        0        0                           
      Unknown     1068     1044        0        0                           
        TOTAL    52968    40892     7284        0    22493    15936     6556
 
 App Summary
                       Pss(KB)
                        ------
           Java Heap:     4220
         Native Heap:     8760
                Code:     7556
               Stack:      460
            Graphics:    23068
       Private Other:     4112
              System:     4792
 
               TOTAL:    52968       TOTAL SWAP PSS:        0
 
 Objects
               Views:       10         ViewRootImpl:        2
         AppContexts:        3           Activities:        1
              Assets:        2        AssetManagers:        3
       Local Binders:       18        Proxy Binders:       25
       Parcel memory:        6         Parcel count:       22
    Death Recipients:        2      OpenSSL Sockets:        0
            WebViews:        0
 
 SQL
         MEMORY_USED:        0
  PAGECACHE_OVERFLOW:        0          MALLOC_SIZE:        0
 
