Applications Memory Usage (in Kilobytes):
Uptime: 53056209 Realtime: 53056209

** MEMINFO in pid 32230 [org.savior.sync] **
                   Pss  Private  Private  SwapPss     Heap     Heap     Heap
                 Total    Dirty    Clean    Dirty     Size    Alloc     Free
                ------   ------   ------   ------   ------   ------   ------
  Native Heap     9152     9128        0        0    14336    12007     2328
  Dalvik Heap     4082     4064        0        0     7851     3926     3925
 Dalvik Other     2481     2480        0        0                           
        Stack      448      448        0        0                           
       Ashmem        2        0        0        0                           
      Gfx dev     1756     1756        0        0                           
    Other dev       16        0       16        0                           
     .so mmap     3393      184      780        0                           
    .apk mmap      350        0        0        0                           
    .ttf mmap      221        0       24        0                           
    .dex mmap     6999        4     6480        0                           
    .oat mmap     1191        0      176        0                           
    .art mmap      828      628        0        0                           
   Other mmap       34        4        4        0                           
   EGL mtrack    18524    18524        0        0                           
    GL mtrack     2788     2788        0        0                           
      Unknown     1923     1900        0        0                           
        TOTAL    54188    41908     7480        0    22187    15933     6253
 
 App Summary
                       Pss(KB)
                        ------
           Java Heap:     4692
         Native Heap:     9128
                Code:     7648
               Stack:      448
            Graphics:    23068
       Private Other:     4404
              System:     4800
 
               TOTAL:    54188       TOTAL SWAP PSS:        0
 
 Objects
               Views:       10         ViewRootImpl:        2
         AppContexts:        3           Activities:        1
              Assets:        2        AssetManagers:        3
       Local Binders:       18        Proxy Binders:       25
       Parcel memory:        6         Parcel count:       22
    Death Recipients:        2      OpenSSL Sockets:        0
            WebViews:        0
 
 SQL
         MEMORY_USED:        0
  PAGECACHE_OVERFLOW:        0          MALLOC_SIZE:        0
 
