Applications Memory Usage (in Kilobytes):
Uptime: 53069447 Realtime: 53069447

** MEMINFO in pid 527 [org.savior.sync] **
                   Pss  Private  Private  SwapPss     Heap     Heap     Heap
                 Total    Dirty    Clean    Dirty     Size    Alloc     Free
                ------   ------   ------   ------   ------   ------   ------
  Native Heap     9170     9140        0        0    14336    11952     2383
  Dalvik Heap     4094     4076        0        0     8245     4139     4106
 Dalvik Other     2425     2424        0        0                           
        Stack      428      428        0        0                           
       Ashmem        2        0        0        0                           
      Gfx dev     1756     1756        0        0                           
    Other dev       12        0       12        0                           
     .so mmap     3863      284     1148        0                           
    .apk mmap      279        0        0        0                           
    .ttf mmap      221        0       24        0                           
    .dex mmap     7030        4     6508        0                           
    .oat mmap     1188        0      172        0                           
    .art mmap      829      628        0        0                           
   Other mmap       34        4        4        0                           
   EGL mtrack    18524    18524        0        0                           
    GL mtrack     2788     2788        0        0                           
      Unknown     1252     1228        0        0                           
        TOTAL    53895    41284     7868        0    22581    16091     6489
 
 App Summary
                       Pss(KB)
                        ------
           Java Heap:     4704
         Native Heap:     9140
                Code:     8140
               Stack:      428
            Graphics:    23068
       Private Other:     3672
              System:     4743
 
               TOTAL:    53895       TOTAL SWAP PSS:        0
 
 Objects
               Views:       10         ViewRootImpl:        2
         AppContexts:        3           Activities:        1
              Assets:        2        AssetManagers:        3
       Local Binders:       18        Proxy Binders:       25
       Parcel memory:       43         Parcel count:       23
    Death Recipients:        2      OpenSSL Sockets:        0
            WebViews:        0
 
 SQL
         MEMORY_USED:        0
  PAGECACHE_OVERFLOW:        0          MALLOC_SIZE:        0
 
