Applications Memory Usage (in Kilobytes):
Uptime: 53082755 Realtime: 53082755

** MEMINFO in pid 1601 [org.savior.sync] **
                   Pss  Private  Private  SwapPss     Heap     Heap     Heap
                 Total    Dirty    Clean    Dirty     Size    Alloc     Free
                ------   ------   ------   ------   ------   ------   ------
  Native Heap     8958     8928        0        0    14336    11894     2441
  Dalvik Heap     3874     3856        0        0     8077     4039     4038
 Dalvik Other     2897     2896        0        0                           
        Stack      448      448        0        0                           
       Ashmem        2        0        0        0                           
      Gfx dev     1752     1752        0        0                           
    Other dev       12        0       12        0                           
     .so mmap     3565      184      952        0                           
    .apk mmap      354        0        4        0                           
    .ttf mmap      221        0       24        0                           
    .dex mmap     7018        4     6492        0                           
    .oat mmap     1184        0      176        0                           
    .art mmap      832      628        4        0                           
   Other mmap       34        4        4        0                           
   EGL mtrack    18524    18524        0        0                           
    GL mtrack     2792     2792        0        0                           
      Unknown     2379     2356        0        0                           
        TOTAL    54846    42372     7668        0    22413    15933     6479
 
 App Summary
                       Pss(KB)
                        ------
           Java Heap:     4488
         Native Heap:     8928
                Code:     7836
               Stack:      448
            Graphics:    23068
       Private Other:     5272
              System:     4806
 
               TOTAL:    54846       TOTAL SWAP PSS:        0
 
 Objects
               Views:       10         ViewRootImpl:        2
         AppContexts:        3           Activities:        1
              Assets:        2        AssetManagers:        3
       Local Binders:       18        Proxy Binders:       25
       Parcel memory:        6         Parcel count:       22
    Death Recipients:        2      OpenSSL Sockets:        0
            WebViews:        0
 
 SQL
         MEMORY_USED:        0
  PAGECACHE_OVERFLOW:        0          MALLOC_SIZE:        0
 
