Applications Memory Usage (in Kilobytes):
Uptime: 51667228 Realtime: 51667228

** MEMINFO in pid 13160 [org.savior.sync] **
                   Pss  Private  Private  SwapPss     Heap     Heap     Heap
                 Total    Dirty    Clean    Dirty     Size    Alloc     Free
                ------   ------   ------   ------   ------   ------   ------
  Native Heap     9402     9376        0        0    14336    12227     2108
  Dalvik Heap     5698     5680        0        0     7877     3939     3938
 Dalvik Other     2489     2488        0        0                           
        Stack      448      448        0        0                           
       Ashmem        2        0        0        0                           
      Gfx dev     1756     1756        0        0                           
    Other dev       12        0       12        0                           
     .so mmap     3315      284      600        0                           
    .apk mmap      283        0        4        0                           
    .ttf mmap      219        0       24        0                           
    .dex mmap     7082        4     6556        0                           
    .oat mmap     1175        0      176        0                           
    .art mmap      832      628        4        0                           
   Other mmap       34        4        4        0                           
   EGL mtrack    18524    18524        0        0                           
    GL mtrack     2788     2788        0        0                           
      Unknown     1112     1088        0        0                           
        TOTAL    55171    43068     7380        0    22213    16166     6046
 
 App Summary
                       Pss(KB)
                        ------
           Java Heap:     6312
         Native Heap:     9376
                Code:     7648
               Stack:      448
            Graphics:    23068
       Private Other:     3596
              System:     4723
 
               TOTAL:    55171       TOTAL SWAP PSS:        0
 
 Objects
               Views:       10         ViewRootImpl:        2
         AppContexts:        3           Activities:        1
              Assets:        2        AssetManagers:        3
       Local Binders:       18        Proxy Binders:       24
       Parcel memory:        6         Parcel count:       22
    Death Recipients:        2      OpenSSL Sockets:        0
            WebViews:        0
 
 SQL
         MEMORY_USED:        0
  PAGECACHE_OVERFLOW:        0          MALLOC_SIZE:        0
 
