Applications Memory Usage (in Kilobytes):
Uptime: 51364402 Realtime: 51364402

** MEMINFO in pid 1971 [org.savior.sync] **
                   Pss  Private  Private  SwapPss     Heap     Heap     Heap
                 Total    Dirty    Clean    Dirty     Size    Alloc     Free
                ------   ------   ------   ------   ------   ------   ------
  Native Heap     9362     9336        0        0    16384    12340     4043
  Dalvik Heap     3690     3672        0        0     8064     4032     4032
 Dalvik Other     2481     2480        0        0                           
        Stack      448      448        0        0                           
       Ashmem        2        0        0        0                           
      Gfx dev     1756     1756        0        0                           
    Other dev       12        0       12        0                           
     .so mmap     3315      284      600        0                           
    .apk mmap      354        0        4        0                           
    .ttf mmap      219        0       24        0                           
    .dex mmap     7061        4     6536        0                           
    .oat mmap     1219        0      180        0                           
    .art mmap      832      628        4        0                           
   Other mmap       34        4        4        0                           
   EGL mtrack    18524    18524        0        0                           
    GL mtrack     2788     2788        0        0                           
      Unknown     1140     1116        0        0                           
        TOTAL    53237    41040     7364        0    24448    16372     8075
 
 App Summary
                       Pss(KB)
                        ------
           Java Heap:     4304
         Native Heap:     9336
                Code:     7632
               Stack:      448
            Graphics:    23068
       Private Other:     3616
              System:     4833
 
               TOTAL:    53237       TOTAL SWAP PSS:        0
 
 Objects
               Views:       10         ViewRootImpl:        2
         AppContexts:        3           Activities:        1
              Assets:        2        AssetManagers:        3
       Local Binders:       18        Proxy Binders:       25
       Parcel memory:        6         Parcel count:       20
    Death Recipients:        2      OpenSSL Sockets:        0
            WebViews:        0
 
 SQL
         MEMORY_USED:        0
  PAGECACHE_OVERFLOW:        0          MALLOC_SIZE:        0
 
