Applications Memory Usage (in Kilobytes):
Uptime: 51377831 Realtime: 51377831

** MEMINFO in pid 2597 [org.savior.sync] **
                   Pss  Private  Private  SwapPss     Heap     Heap     Heap
                 Total    Dirty    Clean    Dirty     Size    Alloc     Free
                ------   ------   ------   ------   ------   ------   ------
  Native Heap     9833     9804        0        0    16384    12261     4122
  Dalvik Heap     3762     3744        0        0     7887     3944     3943
 Dalvik Other     2545     2544        0        0                           
        Stack      452      452        0        0                           
       Ashmem        2        0        0        0                           
      Gfx dev     1756     1756        0        0                           
    Other dev       12        0       12        0                           
     .so mmap     3395      184      780        0                           
    .apk mmap      350        0        0        0                           
    .ttf mmap      219        0       24        0                           
    .dex mmap     7071        4     6544        0                           
    .oat mmap     1197        0      176        0                           
    .art mmap      832      628        4        0                           
   Other mmap       34        4        4        0                           
   EGL mtrack    18524    18524        0        0                           
    GL mtrack     2788     2788        0        0                           
      Unknown     1943     1920        0        0                           
        TOTAL    54715    42352     7544        0    24271    16205     8065
 
 App Summary
                       Pss(KB)
                        ------
           Java Heap:     4376
         Native Heap:     9804
                Code:     7712
               Stack:      452
            Graphics:    23068
       Private Other:     4484
              System:     4819
 
               TOTAL:    54715       TOTAL SWAP PSS:        0
 
 Objects
               Views:       10         ViewRootImpl:        2
         AppContexts:        3           Activities:        1
              Assets:        2        AssetManagers:        3
       Local Binders:       18        Proxy Binders:       24
       Parcel memory:        6         Parcel count:       20
    Death Recipients:        2      OpenSSL Sockets:        0
            WebViews:        0
 
 SQL
         MEMORY_USED:        0
  PAGECACHE_OVERFLOW:        0          MALLOC_SIZE:        0
 
