Applications Memory Usage (in Kilobytes):
Uptime: 51907258 Realtime: 51907258

** MEMINFO in pid 22164 [org.savior.sync] **
                   Pss  Private  Private  SwapPss     Heap     Heap     Heap
                 Total    Dirty    Clean    Dirty     Size    Alloc     Free
                ------   ------   ------   ------   ------   ------   ------
  Native Heap     9654     9624        0        0    16384    12421     3962
  Dalvik Heap     4806     4788        0        0     7844     3922     3922
 Dalvik Other     2549     2548        0        0                           
        Stack      460      460        0        0                           
       Ashmem        2        0        0        0                           
      Gfx dev     1756     1756        0        0                           
    Other dev       12        0       12        0                           
     .so mmap     3395      184      780        0                           
    .apk mmap      350        0        0        0                           
    .ttf mmap      221        0       24        0                           
    .dex mmap     7089        4     6564        0                           
    .oat mmap     1183        0      180        0                           
    .art mmap      833      628        4        0                           
   Other mmap       34        4        4        0                           
   EGL mtrack    18524    18524        0        0                           
    GL mtrack     2788     2788        0        0                           
      Unknown     1955     1932        0        0                           
        TOTAL    55611    43240     7568        0    24228    16343     7884
 
 App Summary
                       Pss(KB)
                        ------
           Java Heap:     5420
         Native Heap:     9624
                Code:     7736
               Stack:      460
            Graphics:    23068
       Private Other:     4500
              System:     4803
 
               TOTAL:    55611       TOTAL SWAP PSS:        0
 
 Objects
               Views:       10         ViewRootImpl:        2
         AppContexts:        3           Activities:        1
              Assets:        2        AssetManagers:        3
       Local Binders:       18        Proxy Binders:       24
       Parcel memory:        6         Parcel count:       22
    Death Recipients:        2      OpenSSL Sockets:        0
            WebViews:        0
 
 SQL
         MEMORY_USED:        0
  PAGECACHE_OVERFLOW:        0          MALLOC_SIZE:        0
 
