Applications Memory Usage (in Kilobytes):
Uptime: 51640910 Realtime: 51640910

** MEMINFO in pid 12269 [org.savior.sync] **
                   Pss  Private  Private  SwapPss     Heap     Heap     Heap
                 Total    Dirty    Clean    Dirty     Size    Alloc     Free
                ------   ------   ------   ------   ------   ------   ------
  Native Heap     8882     8852        0        0    14336    11830     2505
  Dalvik Heap     4782     4764        0        0     8262     4131     4131
 Dalvik Other     3473     3472        0        0                           
        Stack      432      432        0        0                           
       Ashmem        2        0        0        0                           
      Gfx dev     1756     1756        0        0                           
    Other dev       12        0       12        0                           
     .so mmap     3863      284     1148        0                           
    .apk mmap      350        0        0        0                           
    .ttf mmap      219        0       24        0                           
    .dex mmap     7028        4     6504        0                           
    .oat mmap     1225        0      180        0                           
    .art mmap      831      628        4        0                           
   Other mmap       34        4        4        0                           
   EGL mtrack    18524    18524        0        0                           
    GL mtrack     2788     2788        0        0                           
      Unknown     1244     1220        0        0                           
        TOTAL    55445    42728     7876        0    22598    15961     6636
 
 App Summary
                       Pss(KB)
                        ------
           Java Heap:     5396
         Native Heap:     8852
                Code:     8144
               Stack:      432
            Graphics:    23068
       Private Other:     4712
              System:     4841
 
               TOTAL:    55445       TOTAL SWAP PSS:        0
 
 Objects
               Views:       10         ViewRootImpl:        2
         AppContexts:        3           Activities:        1
              Assets:        2        AssetManagers:        3
       Local Binders:       18        Proxy Binders:       25
       Parcel memory:        6         Parcel count:       20
    Death Recipients:        2      OpenSSL Sockets:        0
            WebViews:        0
 
 SQL
         MEMORY_USED:        0
  PAGECACHE_OVERFLOW:        0          MALLOC_SIZE:        0
 
