Applications Memory Usage (in Kilobytes):
Uptime: 51392552 Realtime: 51392552

** MEMINFO in pid 3226 [org.savior.sync] **
                   Pss  Private  Private  SwapPss     Heap     Heap     Heap
                 Total    Dirty    Clean    Dirty     Size    Alloc     Free
                ------   ------   ------   ------   ------   ------   ------
  Native Heap     9244     9212        0        0    16384    12227     4156
  Dalvik Heap     4466     4448        0        0     7866     3933     3933
 Dalvik Other     2605     2604        0        0                           
        Stack      448      448        0        0                           
       Ashmem        2        0        0        0                           
      Gfx dev     1756     1756        0        0                           
    Other dev       12        0       12        0                           
     .so mmap     3863      284     1148        0                           
    .apk mmap      350        0        0        0                           
    .ttf mmap      219        0       24        0                           
    .dex mmap     7075        4     6548        0                           
    .oat mmap     1198        0      176        0                           
    .art mmap      832      628        4        0                           
   Other mmap       34        4        4        0                           
   EGL mtrack    18524    18524        0        0                           
    GL mtrack     2788     2788        0        0                           
      Unknown     1172     1148        0        0                           
        TOTAL    54588    41848     7916        0    24250    16160     8089
 
 App Summary
                       Pss(KB)
                        ------
           Java Heap:     5080
         Native Heap:     9212
                Code:     8184
               Stack:      448
            Graphics:    23068
       Private Other:     3772
              System:     4824
 
               TOTAL:    54588       TOTAL SWAP PSS:        0
 
 Objects
               Views:       10         ViewRootImpl:        2
         AppContexts:        3           Activities:        1
              Assets:        2        AssetManagers:        3
       Local Binders:       18        Proxy Binders:       24
       Parcel memory:        6         Parcel count:       20
    Death Recipients:        2      OpenSSL Sockets:        0
            WebViews:        0
 
 SQL
         MEMORY_USED:        0
  PAGECACHE_OVERFLOW:        0          MALLOC_SIZE:        0
 
