Applications Memory Usage (in Kilobytes):
Uptime: 51920517 Realtime: 51920517

** MEMINFO in pid 22783 [org.savior.sync] **
                   Pss  Private  Private  SwapPss     Heap     Heap     Heap
                 Total    Dirty    Clean    Dirty     Size    Alloc     Free
                ------   ------   ------   ------   ------   ------   ------
  Native Heap     9214     9184        0        0    14336    12134     2201
  Dalvik Heap     4262     4244        0        0     8165     4099     4066
 Dalvik Other     3309     3308        0        0                           
        Stack      448      448        0        0                           
       Ashmem        2        0        0        0                           
      Gfx dev     1780     1780        0        0                           
    Other dev       12        0       12        0                           
     .so mmap     3861      284     1148        0                           
    .apk mmap      350        0        0        0                           
    .ttf mmap      221        0       24        0                           
    .dex mmap     7018        4     6492        0                           
    .oat mmap     1199        0      180        0                           
    .art mmap      832      628        4        0                           
   Other mmap       34        4        4        0                           
   EGL mtrack    18524    18524        0        0                           
    GL mtrack     2824     2824        0        0                           
      Unknown     1236     1212        0        0                           
        TOTAL    55126    42444     7864        0    22501    16233     6267
 
 App Summary
                       Pss(KB)
                        ------
           Java Heap:     4876
         Native Heap:     9184
                Code:     8132
               Stack:      448
            Graphics:    23128
       Private Other:     4540
              System:     4818
 
               TOTAL:    55126       TOTAL SWAP PSS:        0
 
 Objects
               Views:       10         ViewRootImpl:        2
         AppContexts:        3           Activities:        1
              Assets:        2        AssetManagers:        3
       Local Binders:       18        Proxy Binders:       25
       Parcel memory:        6         Parcel count:       22
    Death Recipients:        2      OpenSSL Sockets:        0
            WebViews:        0
 
 SQL
         MEMORY_USED:        0
  PAGECACHE_OVERFLOW:        0          MALLOC_SIZE:        0
 
