Applications Memory Usage (in Kilobytes):
Uptime: 51627034 Realtime: 51627034

** MEMINFO in pid 11746 [org.savior.sync] **
                   Pss  Private  Private  SwapPss     Heap     Heap     Heap
                 Total    Dirty    Clean    Dirty     Size    Alloc     Free
                ------   ------   ------   ------   ------   ------   ------
  Native Heap     9252     9228        0        0    16384    12271     4112
  Dalvik Heap     4390     4372        0        0     7993     3997     3996
 Dalvik Other     2853     2852        0        0                           
        Stack      448      448        0        0                           
       Ashmem        2        0        0        0                           
      Gfx dev     1780     1780        0        0                           
    Other dev       12        0       12        0                           
     .so mmap     3567      184      952        0                           
    .apk mmap      354        0        4        0                           
    .ttf mmap      219        0       24        0                           
    .dex mmap     7019        4     6500        0                           
    .oat mmap     1230        0      180        0                           
    .art mmap      832      628        4        0                           
   Other mmap       34        4        4        0                           
   EGL mtrack    18524    18524        0        0                           
    GL mtrack     2824     2824        0        0                           
      Unknown     2363     2340        0        0                           
        TOTAL    55703    43188     7680        0    24377    16268     8108
 
 App Summary
                       Pss(KB)
                        ------
           Java Heap:     5004
         Native Heap:     9228
                Code:     7848
               Stack:      448
            Graphics:    23128
       Private Other:     5212
              System:     4835
 
               TOTAL:    55703       TOTAL SWAP PSS:        0
 
 Objects
               Views:       10         ViewRootImpl:        2
         AppContexts:        3           Activities:        1
              Assets:        2        AssetManagers:        3
       Local Binders:       18        Proxy Binders:       25
       Parcel memory:        6         Parcel count:       22
    Death Recipients:        2      OpenSSL Sockets:        0
            WebViews:        0
 
 SQL
         MEMORY_USED:        0
  PAGECACHE_OVERFLOW:        0          MALLOC_SIZE:        0
 
