Applications Memory Usage (in Kilobytes):
Uptime: 51934500 Realtime: 51934500

** MEMINFO in pid 23384 [org.savior.sync] **
                   Pss  Private  Private  SwapPss     Heap     Heap     Heap
                 Total    Dirty    Clean    Dirty     Size    Alloc     Free
                ------   ------   ------   ------   ------   ------   ------
  Native Heap     9154     9128        0        0    14336    12080     2255
  Dalvik Heap     4266     4248        0        0     7898     3949     3949
 Dalvik Other     2433     2432        0        0                           
        Stack      456      456        0        0                           
       Ashmem        2        0        0        0                           
      Gfx dev     1756     1756        0        0                           
    Other dev       12        0       12        0                           
     .so mmap     3565      184      952        0                           
    .apk mmap      354        0        4        0                           
    .ttf mmap      221        0       24        0                           
    .dex mmap     7001        4     6480        0                           
    .oat mmap     1199        0      184        0                           
    .art mmap      832      628        4        0                           
   Other mmap       34        4        4        0                           
   EGL mtrack    18524    18524        0        0                           
    GL mtrack     2788     2788        0        0                           
      Unknown     2339     2316        0        0                           
        TOTAL    54936    42468     7664        0    22234    16029     6204
 
 App Summary
                       Pss(KB)
                        ------
           Java Heap:     4880
         Native Heap:     9128
                Code:     7832
               Stack:      456
            Graphics:    23068
       Private Other:     4768
              System:     4804
 
               TOTAL:    54936       TOTAL SWAP PSS:        0
 
 Objects
               Views:       10         ViewRootImpl:        2
         AppContexts:        3           Activities:        1
              Assets:        2        AssetManagers:        3
       Local Binders:       18        Proxy Binders:       24
       Parcel memory:        6         Parcel count:       20
    Death Recipients:        2      OpenSSL Sockets:        0
            WebViews:        0
 
 SQL
         MEMORY_USED:        0
  PAGECACHE_OVERFLOW:        0          MALLOC_SIZE:        0
 
