Applications Memory Usage (in Kilobytes):
Uptime: 51408188 Realtime: 51408188

** MEMINFO in pid 4070 [org.savior.sync] **
                   Pss  Private  Private  SwapPss     Heap     Heap     Heap
                 Total    Dirty    Clean    Dirty     Size    Alloc     Free
                ------   ------   ------   ------   ------   ------   ------
  Native Heap    10641    10616        0        0    16384    12240     4143
  Dalvik Heap     4338     4320        0        0     7872     3936     3936
 Dalvik Other     2565     2564        0        0                           
        Stack      428      428        0        0                           
       Ashmem        2        0        0        0                           
      Gfx dev     1756     1756        0        0                           
    Other dev       12        0       12        0                           
     .so mmap     3567      184      952        0                           
    .apk mmap      354        0        4        0                           
    .ttf mmap      219        0       24        0                           
    .dex mmap     7067        4     6540        0                           
    .oat mmap     1202        0      180        0                           
    .art mmap      832      628        4        0                           
   Other mmap       34        4        4        0                           
   EGL mtrack    18524    18524        0        0                           
    GL mtrack     2788     2788        0        0                           
      Unknown     2411     2388        0        0                           
        TOTAL    56740    44204     7720        0    24256    16176     8079
 
 App Summary
                       Pss(KB)
                        ------
           Java Heap:     4952
         Native Heap:    10616
                Code:     7888
               Stack:      428
            Graphics:    23068
       Private Other:     4972
              System:     4816
 
               TOTAL:    56740       TOTAL SWAP PSS:        0
 
 Objects
               Views:       10         ViewRootImpl:        2
         AppContexts:        3           Activities:        1
              Assets:        2        AssetManagers:        3
       Local Binders:       18        Proxy Binders:       24
       Parcel memory:        6         Parcel count:       22
    Death Recipients:        2      OpenSSL Sockets:        0
            WebViews:        0
 
 SQL
         MEMORY_USED:        0
  PAGECACHE_OVERFLOW:        0          MALLOC_SIZE:        0
 
