Applications Memory Usage (in Kilobytes):
Uptime: 40627671 Realtime: 40627671

** MEMINFO in pid 24027 [org.savior.sync] **
                   Pss  Private  Private  SwapPss     Heap     Heap     Heap
                 Total    Dirty    Clean    Dirty     Size    Alloc     Free
                ------   ------   ------   ------   ------   ------   ------
  Native Heap     9380     9348        0        0    14336    12182     2153
  Dalvik Heap     5378     5360        0        0     7828     3914     3914
 Dalvik Other     2369     2368        0        0                           
        Stack      448      448        0        0                           
       Ashmem        2        0        0        0                           
      Gfx dev     1756     1756        0        0                           
    Other dev       12        0       12        0                           
     .so mmap     3313      284      600        0                           
    .apk mmap      354        0        4        0                           
    .ttf mmap      221        0       24        0                           
    .dex mmap     6996        4     6480        0                           
    .oat mmap     1191        0      176        0                           
    .art mmap      828      628        0        0                           
   Other mmap       34        4        4        0                           
   EGL mtrack    18524    18524        0        0                           
    GL mtrack     2788     2788        0        0                           
      Unknown     1152     1128        0        0                           
        TOTAL    54746    42640     7300        0    22164    16096     6067
 
 App Summary
                       Pss(KB)
                        ------
           Java Heap:     5988
         Native Heap:     9348
                Code:     7572
               Stack:      448
            Graphics:    23068
       Private Other:     3516
              System:     4806
 
               TOTAL:    54746       TOTAL SWAP PSS:        0
 
 Objects
               Views:       10         ViewRootImpl:        2
         AppContexts:        3           Activities:        1
              Assets:        2        AssetManagers:        3
       Local Binders:       18        Proxy Binders:       24
       Parcel memory:        6         Parcel count:       22
    Death Recipients:        2      OpenSSL Sockets:        0
            WebViews:        0
 
 SQL
         MEMORY_USED:        0
  PAGECACHE_OVERFLOW:        0          MALLOC_SIZE:        0
 
