Applications Memory Usage (in Kilobytes):
Uptime: 40744519 Realtime: 40744519

** MEMINFO in pid 29065 [org.savior.sync] **
                   Pss  Private  Private  SwapPss     Heap     Heap     Heap
                 Total    Dirty    Clean    Dirty     Size    Alloc     Free
                ------   ------   ------   ------   ------   ------   ------
  Native Heap     9142     9112        0        0    14336    12075     2260
  Dalvik Heap     4194     4176        0        0     7861     3931     3930
 Dalvik Other     2409     2408        0        0                           
        Stack      428      428        0        0                           
       Ashmem        2        0        0        0                           
      Gfx dev     1756     1756        0        0                           
    Other dev       12        0       12        0                           
     .so mmap     3315      284      600        0                           
    .apk mmap      354        0        4        0                           
    .ttf mmap      221        0       24        0                           
    .dex mmap     7017        4     6496        0                           
    .oat mmap     1188        0      176        0                           
    .art mmap      829      628        0        0                           
   Other mmap       34        4        4        0                           
   EGL mtrack    18524    18524        0        0                           
    GL mtrack     2788     2788        0        0                           
      Unknown     1116     1092        0        0                           
        TOTAL    53329    41204     7316        0    22197    16006     6190
 
 App Summary
                       Pss(KB)
                        ------
           Java Heap:     4804
         Native Heap:     9112
                Code:     7588
               Stack:      428
            Graphics:    23068
       Private Other:     3520
              System:     4809
 
               TOTAL:    53329       TOTAL SWAP PSS:        0
 
 Objects
               Views:       10         ViewRootImpl:        2
         AppContexts:        3           Activities:        1
              Assets:        2        AssetManagers:        3
       Local Binders:       18        Proxy Binders:       24
       Parcel memory:        6         Parcel count:       20
    Death Recipients:        2      OpenSSL Sockets:        0
            WebViews:        0
 
 SQL
         MEMORY_USED:        0
  PAGECACHE_OVERFLOW:        0          MALLOC_SIZE:        0
 
