Applications Memory Usage (in Kilobytes):
Uptime: 40759150 Realtime: 40759150

** MEMINFO in pid 29691 [org.savior.sync] **
                   Pss  Private  Private  SwapPss     Heap     Heap     Heap
                 Total    Dirty    Clean    Dirty     Size    Alloc     Free
                ------   ------   ------   ------   ------   ------   ------
  Native Heap     9086     9060        0        0    14336    12233     2102
  Dalvik Heap     3738     3720        0        0     8136     4068     4068
 Dalvik Other     2617     2616        0        0                           
        Stack      428      428        0        0                           
       Ashmem        2        0        0        0                           
      Gfx dev     1780     1780        0        0                           
    Other dev       12        0       12        0                           
     .so mmap     3393      184      780        0                           
    .apk mmap      279        0        0        0                           
    .ttf mmap      221        0       24        0                           
    .dex mmap     7014        4     6488        0                           
    .oat mmap     1203        0      180        0                           
    .art mmap      832      628        4        0                           
   Other mmap       34        4        4        0                           
   EGL mtrack    18524    18524        0        0                           
    GL mtrack     2824     2824        0        0                           
      Unknown     1983     1960        0        0                           
        TOTAL    53970    41732     7492        0    22472    16301     6170
 
 App Summary
                       Pss(KB)
                        ------
           Java Heap:     4352
         Native Heap:     9060
                Code:     7660
               Stack:      428
            Graphics:    23128
       Private Other:     4596
              System:     4746
 
               TOTAL:    53970       TOTAL SWAP PSS:        0
 
 Objects
               Views:       10         ViewRootImpl:        2
         AppContexts:        3           Activities:        1
              Assets:        2        AssetManagers:        3
       Local Binders:       18        Proxy Binders:       25
       Parcel memory:        6         Parcel count:       22
    Death Recipients:        2      OpenSSL Sockets:        0
            WebViews:        0
 
 SQL
         MEMORY_USED:        0
  PAGECACHE_OVERFLOW:        0          MALLOC_SIZE:        0
 
