Applications Memory Usage (in Kilobytes):
Uptime: 40382460 Realtime: 40382460

** MEMINFO in pid 13225 [org.savior.sync] **
                   Pss  Private  Private  SwapPss     Heap     Heap     Heap
                 Total    Dirty    Clean    Dirty     Size    Alloc     Free
                ------   ------   ------   ------   ------   ------   ------
  Native Heap     9100     9072        0        0    14336    11804     2531
  Dalvik Heap     3806     3788        0        0     8121     4061     4060
 Dalvik Other     3653     3652        0        0                           
        Stack      448      448        0        0                           
       Ashmem        2        0        0        0                           
      Gfx dev     1756     1756        0        0                           
    Other dev       16        0       16        0                           
     .so mmap     3393      184      780        0                           
    .apk mmap      350        0        0        0                           
    .ttf mmap      221        0       24        0                           
    .dex mmap     7012        4     6484        0                           
    .oat mmap     1194        0      184        0                           
    .art mmap      832      628        4        0                           
   Other mmap       34        4        4        0                           
   EGL mtrack    18524    18524        0        0                           
    GL mtrack     2788     2788        0        0                           
      Unknown     1919     1896        0        0                           
        TOTAL    55048    42744     7496        0    22457    15865     6591
 
 App Summary
                       Pss(KB)
                        ------
           Java Heap:     4420
         Native Heap:     9072
                Code:     7660
               Stack:      448
            Graphics:    23068
       Private Other:     5572
              System:     4808
 
               TOTAL:    55048       TOTAL SWAP PSS:        0
 
 Objects
               Views:       10         ViewRootImpl:        2
         AppContexts:        3           Activities:        1
              Assets:        2        AssetManagers:        3
       Local Binders:       18        Proxy Binders:       25
       Parcel memory:        6         Parcel count:       22
    Death Recipients:        2      OpenSSL Sockets:        0
            WebViews:        0
 
 SQL
         MEMORY_USED:        0
  PAGECACHE_OVERFLOW:        0          MALLOC_SIZE:        0
 
