Applications Memory Usage (in Kilobytes):
Uptime: 40643168 Realtime: 40643168

** MEMINFO in pid 24697 [org.savior.sync] **
                   Pss  Private  Private  SwapPss     Heap     Heap     Heap
                 Total    Dirty    Clean    Dirty     Size    Alloc     Free
                ------   ------   ------   ------   ------   ------   ------
  Native Heap     9092     9060        0        0    14336    12029     2306
  Dalvik Heap     5370     5352        0        0     8059     4030     4029
 Dalvik Other    12521    12520        0        0                           
        Stack      448      448        0        0                           
       Ashmem        2        0        0        0                           
      Gfx dev     1756     1756        0        0                           
    Other dev       12        0       12        0                           
     .so mmap     3393      184      780        0                           
    .apk mmap      350        0        0        0                           
    .ttf mmap      221        0       24        0                           
    .dex mmap     7035        4     6508        0                           
    .oat mmap     1192        0      184        0                           
    .art mmap      832      628        4        0                           
   Other mmap       34        4        4        0                           
   EGL mtrack    18524    18524        0        0                           
    GL mtrack     2788     2788        0        0                           
      Unknown     1971     1948        0        0                           
        TOTAL    65541    53216     7516        0    22395    16059     6335
 
 App Summary
                       Pss(KB)
                        ------
           Java Heap:     5984
         Native Heap:     9060
                Code:     7684
               Stack:      448
            Graphics:    23068
       Private Other:    14488
              System:     4809
 
               TOTAL:    65541       TOTAL SWAP PSS:        0
 
 Objects
               Views:       10         ViewRootImpl:        2
         AppContexts:        3           Activities:        1
              Assets:        2        AssetManagers:        3
       Local Binders:       18        Proxy Binders:       25
       Parcel memory:        6         Parcel count:       22
    Death Recipients:        2      OpenSSL Sockets:        0
            WebViews:        0
 
 SQL
         MEMORY_USED:        0
  PAGECACHE_OVERFLOW:        0          MALLOC_SIZE:        0
 
