Applications Memory Usage (in Kilobytes):
Uptime: 40354926 Realtime: 40354926

** MEMINFO in pid 11878 [org.savior.sync] **
                   Pss  Private  Private  SwapPss     Heap     Heap     Heap
                 Total    Dirty    Clean    Dirty     Size    Alloc     Free
                ------   ------   ------   ------   ------   ------   ------
  Native Heap     8992     8960        0        0    14336    11897     2438
  Dalvik Heap     3714     3696        0        0     8327     4164     4163
 Dalvik Other     2825     2824        0        0                           
        Stack      448      448        0        0                           
       Ashmem        2        0        0        0                           
      Gfx dev     1756     1756        0        0                           
    Other dev       12        0       12        0                           
     .so mmap     3567      184      952        0                           
    .apk mmap      354        0        4        0                           
    .ttf mmap      221        0       24        0                           
    .dex mmap     7065        4     6536        0                           
    .oat mmap     1198        0      180        0                           
    .art mmap      832      628        4        0                           
   Other mmap       34        4        4        0                           
   EGL mtrack    18524    18524        0        0                           
    GL mtrack     2788     2788        0        0                           
      Unknown     2375     2352        0        0                           
        TOTAL    54707    42168     7716        0    22663    16061     6601
 
 App Summary
                       Pss(KB)
                        ------
           Java Heap:     4328
         Native Heap:     8960
                Code:     7884
               Stack:      448
            Graphics:    23068
       Private Other:     5196
              System:     4823
 
               TOTAL:    54707       TOTAL SWAP PSS:        0
 
 Objects
               Views:       10         ViewRootImpl:        2
         AppContexts:        3           Activities:        1
              Assets:        2        AssetManagers:        3
       Local Binders:       18        Proxy Binders:       25
       Parcel memory:       13         Parcel count:       21
    Death Recipients:        2      OpenSSL Sockets:        0
            WebViews:        0
 
 SQL
         MEMORY_USED:        0
  PAGECACHE_OVERFLOW:        0          MALLOC_SIZE:        0
 
