Applications Memory Usage (in Kilobytes):
Uptime: 40675806 Realtime: 40675806

** MEMINFO in pid 26036 [org.savior.sync] **
                   Pss  Private  Private  SwapPss     Heap     Heap     Heap
                 Total    Dirty    Clean    Dirty     Size    Alloc     Free
                ------   ------   ------   ------   ------   ------   ------
  Native Heap     8910     8880        0        0    14336    11956     2379
  Dalvik Heap     5242     5224        0        0     8031     4016     4015
 Dalvik Other     5885     5884        0        0                           
        Stack      452      452        0        0                           
       Ashmem        2        0        0        0                           
      Gfx dev     1756     1756        0        0                           
    Other dev       12        0       12        0                           
     .so mmap     3568      184      952        0                           
    .apk mmap      354        0        4        0                           
    .ttf mmap      221        0       24        0                           
    .dex mmap     7033        4     6508        0                           
    .oat mmap     1198        0      180        0                           
    .art mmap      832      628        4        0                           
   Other mmap       34        4        4        0                           
   EGL mtrack    18524    18524        0        0                           
    GL mtrack     2788     2788        0        0                           
      Unknown     2347     2324        0        0                           
        TOTAL    59158    46652     7688        0    22367    15972     6394
 
 App Summary
                       Pss(KB)
                        ------
           Java Heap:     5856
         Native Heap:     8880
                Code:     7856
               Stack:      452
            Graphics:    23068
       Private Other:     8228
              System:     4818
 
               TOTAL:    59158       TOTAL SWAP PSS:        0
 
 Objects
               Views:       10         ViewRootImpl:        2
         AppContexts:        3           Activities:        1
              Assets:        2        AssetManagers:        3
       Local Binders:       18        Proxy Binders:       25
       Parcel memory:        6         Parcel count:       20
    Death Recipients:        2      OpenSSL Sockets:        0
            WebViews:        0
 
 SQL
         MEMORY_USED:        0
  PAGECACHE_OVERFLOW:        0          MALLOC_SIZE:        0
 
