Applications Memory Usage (in Kilobytes):
Uptime: 57131679 Realtime: 57131679

** MEMINFO in pid 31995 [org.savior.sync] **
                   Pss  Private  Private  SwapPss     Heap     Heap     Heap
                 Total    Dirty    Clean    Dirty     Size    Alloc     Free
                ------   ------   ------   ------   ------   ------   ------
  Native Heap     9382     9352        0        0    18432    12288     6143
  Dalvik Heap     4978     4960        0        0     7878     3939     3939
 Dalvik Other     2729     2728        0        0                           
        Stack      436      436        0        0                           
       Ashmem        2        0        0        0                           
      Gfx dev     1756     1756        0        0                           
    Other dev       12        0       12        0                           
     .so mmap     3419      284      704        0                           
    .apk mmap      350        0        0        0                           
    .ttf mmap      219        0       24        0                           
    .dex mmap     7111        4     6580        0                           
    .oat mmap     1200        0      184        0                           
    .art mmap      833      628        4        0                           
   Other mmap       34        4        4        0                           
   EGL mtrack    18524    18524        0        0                           
    GL mtrack     2788     2788        0        0                           
      Unknown     1136     1112        0        0                           
        TOTAL    54909    42576     7512        0    26310    16227    10082
 
 App Summary
                       Pss(KB)
                        ------
           Java Heap:     5592
         Native Heap:     9352
                Code:     7780
               Stack:      436
            Graphics:    23068
       Private Other:     3860
              System:     4821
 
               TOTAL:    54909       TOTAL SWAP PSS:        0
 
 Objects
               Views:       10         ViewRootImpl:        2
         AppContexts:        3           Activities:        1
              Assets:        2        AssetManagers:        3
       Local Binders:       18        Proxy Binders:       24
       Parcel memory:        6         Parcel count:       22
    Death Recipients:        2      OpenSSL Sockets:        0
            WebViews:        0
 
 SQL
         MEMORY_USED:        0
  PAGECACHE_OVERFLOW:        0          MALLOC_SIZE:        0
 
